Copyright 1986-2022 Xilinx, Inc. All Rights Reserved. Copyright 2022-2025 Advanced Micro Devices, Inc. All Rights Reserved.
------------------------------------------------------------------------------------------------------------------------------------------------------------------------------------------------------------------------------------------------------------------
| Tool Version : Vivado v.2025.2 (win64) Build 6299465 Fri Nov 14 19:35:11 GMT 2025
| Date         : Sun Apr 12 22:37:30 2026
| Host         : Goblet-of-File running 64-bit major release  (build 9200)
| Command      : report_timing_summary -max_paths 10 -routable_nets -report_unconstrained -file ripple_carry_adder_timing_summary_routed.rpt -pb ripple_carry_adder_timing_summary_routed.pb -rpx ripple_carry_adder_timing_summary_routed.rpx -warn_on_violation
| Design       : ripple_carry_adder
| Device       : 7a35t-cpg236
| Speed File   : -1  PRODUCTION 1.23 2018-06-13
| Design State : Routed
------------------------------------------------------------------------------------------------------------------------------------------------------------------------------------------------------------------------------------------------------------------

Timing Summary Report

------------------------------------------------------------------------------------------------
| Timer Settings
| --------------
------------------------------------------------------------------------------------------------

  Enable Multi Corner Analysis               :  Yes
  Enable Pessimism Removal                   :  Yes
  Pessimism Removal Resolution               :  Nearest Common Node
  Enable Input Delay Default Clock           :  No
  Enable Preset / Clear Arcs                 :  No
  Disable Flight Delays                      :  No
  Ignore I/O Paths                           :  No
  Timing Early Launch at Borrowing Latches   :  No
  Borrow Time for Max Delay Exceptions       :  Yes
  Merge Timing Exceptions                    :  Yes
  Inter-SLR Compensation                     :  Conservative

  Corner  Analyze    Analyze    
  Name    Max Paths  Min Paths  
  ------  ---------  ---------  
  Slow    Yes        Yes        
  Fast    Yes        Yes        


------------------------------------------------------------------------------------------------
| Report Methodology
| ------------------
------------------------------------------------------------------------------------------------

No report available as report_methodology has not been run prior. Run report_methodology on the current design for the summary of methodology violations.



check_timing report

Table of Contents
-----------------
1. checking no_clock (0)
2. checking constant_clock (0)
3. checking pulse_width_clock (0)
4. checking unconstrained_internal_endpoints (0)
5. checking no_input_delay (0)
6. checking no_output_delay (0)
7. checking multiple_clock (0)
8. checking generated_clocks (0)
9. checking loops (0)
10. checking partial_input_delay (0)
11. checking partial_output_delay (0)
12. checking latch_loops (0)

1. checking no_clock (0)
------------------------
 There are 0 register/latch pins with no clock.


2. checking constant_clock (0)
------------------------------
 There are 0 register/latch pins with constant_clock.


3. checking pulse_width_clock (0)
---------------------------------
 There are 0 register/latch pins which need pulse_width check


4. checking unconstrained_internal_endpoints (0)
------------------------------------------------
 There are 0 pins that are not constrained for maximum delay.

 There are 0 pins that are not constrained for maximum delay due to constant clock.


5. checking no_input_delay (0)
------------------------------
 There are 0 input ports with no input delay specified.

 There are 0 input ports with no input delay but user has a false path constraint.


6. checking no_output_delay (0)
-------------------------------
 There are 0 ports with no output delay specified.

 There are 0 ports with no output delay but user has a false path constraint

 There are 0 ports with no output delay but with a timing clock defined on it or propagating through it


7. checking multiple_clock (0)
------------------------------
 There are 0 register/latch pins with multiple clocks.


8. checking generated_clocks (0)
--------------------------------
 There are 0 generated clocks that are not connected to a clock source.


9. checking loops (0)
---------------------
 There are 0 combinational loops in the design.


10. checking partial_input_delay (0)
------------------------------------
 There are 0 input ports with partial input delay specified.


11. checking partial_output_delay (0)
-------------------------------------
 There are 0 ports with partial output delay specified.


12. checking latch_loops (0)
----------------------------
 There are 0 combinational latch loops in the design through latch input



------------------------------------------------------------------------------------------------
| Design Timing Summary
| ---------------------
------------------------------------------------------------------------------------------------

    WNS(ns)      TNS(ns)  TNS Failing Endpoints  TNS Total Endpoints      WHS(ns)      THS(ns)  THS Failing Endpoints  THS Total Endpoints     WPWS(ns)     TPWS(ns)  TPWS Failing Endpoints  TPWS Total Endpoints  
    -------      -------  ---------------------  -------------------      -------      -------  ---------------------  -------------------     --------     --------  ----------------------  --------------------  
        inf        0.000                      0                   17          inf        0.000                      0                   17           NA           NA                      NA                    NA  


There are no user specified timing constraints.


------------------------------------------------------------------------------------------------
| Clock Summary
| -------------
------------------------------------------------------------------------------------------------


------------------------------------------------------------------------------------------------
| Intra Clock Table
| -----------------
------------------------------------------------------------------------------------------------

Clock             WNS(ns)      TNS(ns)  TNS Failing Endpoints  TNS Total Endpoints      WHS(ns)      THS(ns)  THS Failing Endpoints  THS Total Endpoints     WPWS(ns)     TPWS(ns)  TPWS Failing Endpoints  TPWS Total Endpoints  
-----             -------      -------  ---------------------  -------------------      -------      -------  ---------------------  -------------------     --------     --------  ----------------------  --------------------  


------------------------------------------------------------------------------------------------
| Inter Clock Table
| -----------------
------------------------------------------------------------------------------------------------

From Clock    To Clock          WNS(ns)      TNS(ns)  TNS Failing Endpoints  TNS Total Endpoints      WHS(ns)      THS(ns)  THS Failing Endpoints  THS Total Endpoints  
----------    --------          -------      -------  ---------------------  -------------------      -------      -------  ---------------------  -------------------  


------------------------------------------------------------------------------------------------
| Other Path Groups Table
| -----------------------
------------------------------------------------------------------------------------------------

Path Group    From Clock    To Clock          WNS(ns)      TNS(ns)  TNS Failing Endpoints  TNS Total Endpoints      WHS(ns)      THS(ns)  THS Failing Endpoints  THS Total Endpoints  
----------    ----------    --------          -------      -------  ---------------------  -------------------      -------      -------  ---------------------  -------------------  


------------------------------------------------------------------------------------------------
| User Ignored Path Table
| -----------------------
------------------------------------------------------------------------------------------------

Path Group    From Clock    To Clock    
----------    ----------    --------    


------------------------------------------------------------------------------------------------
| Unconstrained Path Table
| ------------------------
------------------------------------------------------------------------------------------------

Path Group    From Clock    To Clock    
----------    ----------    --------    
(none)                                    


------------------------------------------------------------------------------------------------
| Timing Details
| --------------
------------------------------------------------------------------------------------------------


--------------------------------------------------------------------------------------
Path Group:  (none)
From Clock:  
  To Clock:  

Max Delay            17 Endpoints
Min Delay            17 Endpoints
--------------------------------------------------------------------------------------


Max Delay Paths
--------------------------------------------------------------------------------------
Slack:                    inf
  Source:                 b[1]
                            (input port)
  Destination:            sum[15]
                            (output port)
  Path Group:             (none)
  Path Type:              Max at Slow Process Corner
  Data Path Delay:        9.051ns  (logic 0.992ns (10.961%)  route 8.059ns (89.039%))
  Logic Levels:           8  (LUT5=7 LUT6=1)

    Location             Delay type                Incr(ns)  Path(ns)    Netlist Resource(s)
  -------------------------------------------------------------------    -------------------
                                                      0.000     0.000 r  b[1] (IN)
                         net (fo=2, unset)            0.973     0.973    b[1]
    SLICE_X1Y5           LUT5 (Prop_lut5_I4_O)        0.124     1.097 r  sum[3]_INST_0_i_2/O
                         net (fo=3, routed)           0.743     1.840    sum[3]_INST_0_i_2_n_0
    SLICE_X2Y5           LUT5 (Prop_lut5_I2_O)        0.124     1.964 r  sum[5]_INST_0_i_2/O
                         net (fo=3, routed)           0.805     2.769    sum[5]_INST_0_i_2_n_0
    SLICE_X3Y5           LUT5 (Prop_lut5_I2_O)        0.124     2.893 r  sum[7]_INST_0_i_2/O
                         net (fo=3, routed)           0.604     3.497    sum[7]_INST_0_i_2_n_0
    SLICE_X2Y7           LUT5 (Prop_lut5_I2_O)        0.124     3.621 r  sum[9]_INST_0_i_2/O
                         net (fo=3, routed)           1.184     4.804    sum[9]_INST_0_i_2_n_0
    SLICE_X2Y7           LUT5 (Prop_lut5_I2_O)        0.124     4.928 r  sum[11]_INST_0_i_2/O
                         net (fo=3, routed)           0.737     5.665    sum[11]_INST_0_i_2_n_0
    SLICE_X0Y5           LUT5 (Prop_lut5_I2_O)        0.124     5.789 r  sum[13]_INST_0_i_2/O
                         net (fo=3, routed)           1.071     6.860    sum[13]_INST_0_i_2_n_0
    SLICE_X0Y5           LUT5 (Prop_lut5_I2_O)        0.124     6.984 r  sum[15]_INST_0_i_2/O
                         net (fo=3, routed)           0.970     7.954    sum[15]_INST_0_i_2_n_0
    SLICE_X0Y4           LUT6 (Prop_lut6_I4_O)        0.124     8.078 r  sum[15]_INST_0/O
                         net (fo=0)                   0.973     9.051    sum[15]
                                                                      r  sum[15] (OUT)
  -------------------------------------------------------------------    -------------------

Slack:                    inf
  Source:                 b[1]
                            (input port)
  Destination:            cout
                            (output port)
  Path Group:             (none)
  Path Type:              Max at Slow Process Corner
  Data Path Delay:        8.921ns  (logic 0.992ns (11.120%)  route 7.929ns (88.880%))
  Logic Levels:           8  (LUT5=8)

    Location             Delay type                Incr(ns)  Path(ns)    Netlist Resource(s)
  -------------------------------------------------------------------    -------------------
                                                      0.000     0.000 r  b[1] (IN)
                         net (fo=2, unset)            0.973     0.973    b[1]
    SLICE_X1Y5           LUT5 (Prop_lut5_I4_O)        0.124     1.097 r  sum[3]_INST_0_i_2/O
                         net (fo=3, routed)           0.743     1.840    sum[3]_INST_0_i_2_n_0
    SLICE_X2Y5           LUT5 (Prop_lut5_I2_O)        0.124     1.964 r  sum[5]_INST_0_i_2/O
                         net (fo=3, routed)           0.805     2.769    sum[5]_INST_0_i_2_n_0
    SLICE_X3Y5           LUT5 (Prop_lut5_I2_O)        0.124     2.893 r  sum[7]_INST_0_i_2/O
                         net (fo=3, routed)           0.604     3.497    sum[7]_INST_0_i_2_n_0
    SLICE_X2Y7           LUT5 (Prop_lut5_I2_O)        0.124     3.621 r  sum[9]_INST_0_i_2/O
                         net (fo=3, routed)           1.184     4.804    sum[9]_INST_0_i_2_n_0
    SLICE_X2Y7           LUT5 (Prop_lut5_I2_O)        0.124     4.928 r  sum[11]_INST_0_i_2/O
                         net (fo=3, routed)           0.737     5.665    sum[11]_INST_0_i_2_n_0
    SLICE_X0Y5           LUT5 (Prop_lut5_I2_O)        0.124     5.789 r  sum[13]_INST_0_i_2/O
                         net (fo=3, routed)           1.071     6.860    sum[13]_INST_0_i_2_n_0
    SLICE_X0Y5           LUT5 (Prop_lut5_I2_O)        0.124     6.984 r  sum[15]_INST_0_i_2/O
                         net (fo=3, routed)           0.840     7.824    sum[15]_INST_0_i_2_n_0
    SLICE_X0Y4           LUT5 (Prop_lut5_I2_O)        0.124     7.948 r  cout_INST_0/O
                         net (fo=0)                   0.973     8.921    cout
                                                                      r  cout (OUT)
  -------------------------------------------------------------------    -------------------

Slack:                    inf
  Source:                 b[1]
                            (input port)
  Destination:            sum[14]
                            (output port)
  Path Group:             (none)
  Path Type:              Max at Slow Process Corner
  Data Path Delay:        8.893ns  (logic 0.992ns (11.155%)  route 7.901ns (88.845%))
  Logic Levels:           8  (LUT4=1 LUT5=7)

    Location             Delay type                Incr(ns)  Path(ns)    Netlist Resource(s)
  -------------------------------------------------------------------    -------------------
                                                      0.000     0.000 r  b[1] (IN)
                         net (fo=2, unset)            0.973     0.973    b[1]
    SLICE_X1Y5           LUT5 (Prop_lut5_I4_O)        0.124     1.097 r  sum[3]_INST_0_i_2/O
                         net (fo=3, routed)           0.743     1.840    sum[3]_INST_0_i_2_n_0
    SLICE_X2Y5           LUT5 (Prop_lut5_I2_O)        0.124     1.964 r  sum[5]_INST_0_i_2/O
                         net (fo=3, routed)           0.805     2.769    sum[5]_INST_0_i_2_n_0
    SLICE_X3Y5           LUT5 (Prop_lut5_I2_O)        0.124     2.893 r  sum[7]_INST_0_i_2/O
                         net (fo=3, routed)           0.604     3.497    sum[7]_INST_0_i_2_n_0
    SLICE_X2Y7           LUT5 (Prop_lut5_I2_O)        0.124     3.621 r  sum[9]_INST_0_i_2/O
                         net (fo=3, routed)           1.184     4.804    sum[9]_INST_0_i_2_n_0
    SLICE_X2Y7           LUT5 (Prop_lut5_I2_O)        0.124     4.928 r  sum[11]_INST_0_i_2/O
                         net (fo=3, routed)           0.737     5.665    sum[11]_INST_0_i_2_n_0
    SLICE_X0Y5           LUT5 (Prop_lut5_I2_O)        0.124     5.789 r  sum[13]_INST_0_i_2/O
                         net (fo=3, routed)           1.071     6.860    sum[13]_INST_0_i_2_n_0
    SLICE_X0Y5           LUT5 (Prop_lut5_I2_O)        0.124     6.984 r  sum[15]_INST_0_i_2/O
                         net (fo=3, routed)           0.812     7.796    sum[15]_INST_0_i_2_n_0
    SLICE_X0Y4           LUT4 (Prop_lut4_I3_O)        0.124     7.920 r  sum[14]_INST_0/O
                         net (fo=0)                   0.973     8.893    sum[14]
                                                                      r  sum[14] (OUT)
  -------------------------------------------------------------------    -------------------

Slack:                    inf
  Source:                 b[1]
                            (input port)
  Destination:            sum[13]
                            (output port)
  Path Group:             (none)
  Path Type:              Max at Slow Process Corner
  Data Path Delay:        7.563ns  (logic 0.868ns (11.477%)  route 6.695ns (88.523%))
  Logic Levels:           7  (LUT5=6 LUT6=1)

    Location             Delay type                Incr(ns)  Path(ns)    Netlist Resource(s)
  -------------------------------------------------------------------    -------------------
                                                      0.000     0.000 r  b[1] (IN)
                         net (fo=2, unset)            0.973     0.973    b[1]
    SLICE_X1Y5           LUT5 (Prop_lut5_I4_O)        0.124     1.097 r  sum[3]_INST_0_i_2/O
                         net (fo=3, routed)           0.743     1.840    sum[3]_INST_0_i_2_n_0
    SLICE_X2Y5           LUT5 (Prop_lut5_I2_O)        0.124     1.964 r  sum[5]_INST_0_i_2/O
                         net (fo=3, routed)           0.805     2.769    sum[5]_INST_0_i_2_n_0
    SLICE_X3Y5           LUT5 (Prop_lut5_I2_O)        0.124     2.893 r  sum[7]_INST_0_i_2/O
                         net (fo=3, routed)           0.604     3.497    sum[7]_INST_0_i_2_n_0
    SLICE_X2Y7           LUT5 (Prop_lut5_I2_O)        0.124     3.621 r  sum[9]_INST_0_i_2/O
                         net (fo=3, routed)           1.184     4.804    sum[9]_INST_0_i_2_n_0
    SLICE_X2Y7           LUT5 (Prop_lut5_I2_O)        0.124     4.928 r  sum[11]_INST_0_i_2/O
                         net (fo=3, routed)           0.737     5.665    sum[11]_INST_0_i_2_n_0
    SLICE_X0Y5           LUT5 (Prop_lut5_I2_O)        0.124     5.789 r  sum[13]_INST_0_i_2/O
                         net (fo=3, routed)           0.677     6.466    sum[13]_INST_0_i_2_n_0
    SLICE_X0Y5           LUT6 (Prop_lut6_I4_O)        0.124     6.590 r  sum[13]_INST_0/O
                         net (fo=0)                   0.973     7.563    sum[13]
                                                                      r  sum[13] (OUT)
  -------------------------------------------------------------------    -------------------

Slack:                    inf
  Source:                 a[0]
                            (input port)
  Destination:            sum[12]
                            (output port)
  Path Group:             (none)
  Path Type:              Max at Slow Process Corner
  Data Path Delay:        7.374ns  (logic 1.098ns (14.890%)  route 6.276ns (85.110%))
  Logic Levels:           7  (LUT4=1 LUT5=6)

    Location             Delay type                Incr(ns)  Path(ns)    Netlist Resource(s)
  -------------------------------------------------------------------    -------------------
                                                      0.000     0.000 f  a[0] (IN)
                         net (fo=3, unset)            0.973     0.973    a[0]
    SLICE_X1Y5           LUT5 (Prop_lut5_I2_O)        0.152     1.125 r  sum[3]_INST_0_i_1/O
                         net (fo=3, routed)           0.462     1.587    sum[3]_INST_0_i_1_n_0
    SLICE_X1Y5           LUT5 (Prop_lut5_I2_O)        0.326     1.913 r  sum[5]_INST_0_i_1/O
                         net (fo=3, routed)           0.583     2.496    sum[5]_INST_0_i_1_n_0
    SLICE_X3Y5           LUT5 (Prop_lut5_I2_O)        0.124     2.620 r  sum[7]_INST_0_i_1/O
                         net (fo=3, routed)           0.830     3.450    sum[7]_INST_0_i_1_n_0
    SLICE_X2Y6           LUT5 (Prop_lut5_I2_O)        0.124     3.574 r  sum[9]_INST_0_i_1/O
                         net (fo=3, routed)           1.020     4.594    sum[9]_INST_0_i_1_n_0
    SLICE_X2Y6           LUT5 (Prop_lut5_I2_O)        0.124     4.718 r  sum[11]_INST_0_i_1/O
                         net (fo=3, routed)           0.612     5.330    sum[11]_INST_0_i_1_n_0
    SLICE_X2Y5           LUT5 (Prop_lut5_I2_O)        0.124     5.454 r  sum[13]_INST_0_i_1/O
                         net (fo=3, routed)           0.823     6.277    sum[13]_INST_0_i_1_n_0
    SLICE_X0Y5           LUT4 (Prop_lut4_I1_O)        0.124     6.401 r  sum[12]_INST_0/O
                         net (fo=0)                   0.973     7.374    sum[12]
                                                                      r  sum[12] (OUT)
  -------------------------------------------------------------------    -------------------

Slack:                    inf
  Source:                 b[1]
                            (input port)
  Destination:            sum[10]
                            (output port)
  Path Group:             (none)
  Path Type:              Max at Slow Process Corner
  Data Path Delay:        6.856ns  (logic 0.744ns (10.851%)  route 6.112ns (89.149%))
  Logic Levels:           6  (LUT4=1 LUT5=5)

    Location             Delay type                Incr(ns)  Path(ns)    Netlist Resource(s)
  -------------------------------------------------------------------    -------------------
                                                      0.000     0.000 r  b[1] (IN)
                         net (fo=2, unset)            0.973     0.973    b[1]
    SLICE_X1Y5           LUT5 (Prop_lut5_I4_O)        0.124     1.097 r  sum[3]_INST_0_i_2/O
                         net (fo=3, routed)           0.743     1.840    sum[3]_INST_0_i_2_n_0
    SLICE_X2Y5           LUT5 (Prop_lut5_I2_O)        0.124     1.964 r  sum[5]_INST_0_i_2/O
                         net (fo=3, routed)           0.805     2.769    sum[5]_INST_0_i_2_n_0
    SLICE_X3Y5           LUT5 (Prop_lut5_I2_O)        0.124     2.893 r  sum[7]_INST_0_i_2/O
                         net (fo=3, routed)           0.604     3.497    sum[7]_INST_0_i_2_n_0
    SLICE_X2Y7           LUT5 (Prop_lut5_I2_O)        0.124     3.621 r  sum[9]_INST_0_i_2/O
                         net (fo=3, routed)           1.184     4.804    sum[9]_INST_0_i_2_n_0
    SLICE_X2Y7           LUT5 (Prop_lut5_I2_O)        0.124     4.928 r  sum[11]_INST_0_i_2/O
                         net (fo=3, routed)           0.831     5.759    sum[11]_INST_0_i_2_n_0
    SLICE_X2Y6           LUT4 (Prop_lut4_I3_O)        0.124     5.883 r  sum[10]_INST_0/O
                         net (fo=0)                   0.973     6.856    sum[10]
                                                                      r  sum[10] (OUT)
  -------------------------------------------------------------------    -------------------

Slack:                    inf
  Source:                 b[1]
                            (input port)
  Destination:            sum[11]
                            (output port)
  Path Group:             (none)
  Path Type:              Max at Slow Process Corner
  Data Path Delay:        6.849ns  (logic 0.744ns (10.862%)  route 6.105ns (89.138%))
  Logic Levels:           6  (LUT5=5 LUT6=1)

    Location             Delay type                Incr(ns)  Path(ns)    Netlist Resource(s)
  -------------------------------------------------------------------    -------------------
                                                      0.000     0.000 r  b[1] (IN)
                         net (fo=2, unset)            0.973     0.973    b[1]
    SLICE_X1Y5           LUT5 (Prop_lut5_I4_O)        0.124     1.097 r  sum[3]_INST_0_i_2/O
                         net (fo=3, routed)           0.743     1.840    sum[3]_INST_0_i_2_n_0
    SLICE_X2Y5           LUT5 (Prop_lut5_I2_O)        0.124     1.964 r  sum[5]_INST_0_i_2/O
                         net (fo=3, routed)           0.805     2.769    sum[5]_INST_0_i_2_n_0
    SLICE_X3Y5           LUT5 (Prop_lut5_I2_O)        0.124     2.893 r  sum[7]_INST_0_i_2/O
                         net (fo=3, routed)           0.604     3.497    sum[7]_INST_0_i_2_n_0
    SLICE_X2Y7           LUT5 (Prop_lut5_I2_O)        0.124     3.621 r  sum[9]_INST_0_i_2/O
                         net (fo=3, routed)           1.184     4.804    sum[9]_INST_0_i_2_n_0
    SLICE_X2Y7           LUT5 (Prop_lut5_I2_O)        0.124     4.928 r  sum[11]_INST_0_i_2/O
                         net (fo=3, routed)           0.824     5.752    sum[11]_INST_0_i_2_n_0
    SLICE_X2Y6           LUT6 (Prop_lut6_I4_O)        0.124     5.876 r  sum[11]_INST_0/O
                         net (fo=0)                   0.973     6.849    sum[11]
                                                                      r  sum[11] (OUT)
  -------------------------------------------------------------------    -------------------

Slack:                    inf
  Source:                 a[0]
                            (input port)
  Destination:            sum[8]
                            (output port)
  Path Group:             (none)
  Path Type:              Max at Slow Process Corner
  Data Path Delay:        5.493ns  (logic 0.850ns (15.475%)  route 4.643ns (84.525%))
  Logic Levels:           5  (LUT4=1 LUT5=4)

    Location             Delay type                Incr(ns)  Path(ns)    Netlist Resource(s)
  -------------------------------------------------------------------    -------------------
                                                      0.000     0.000 f  a[0] (IN)
                         net (fo=3, unset)            0.973     0.973    a[0]
    SLICE_X1Y5           LUT5 (Prop_lut5_I2_O)        0.152     1.125 r  sum[3]_INST_0_i_1/O
                         net (fo=3, routed)           0.462     1.587    sum[3]_INST_0_i_1_n_0
    SLICE_X1Y5           LUT5 (Prop_lut5_I2_O)        0.326     1.913 r  sum[5]_INST_0_i_1/O
                         net (fo=3, routed)           0.583     2.496    sum[5]_INST_0_i_1_n_0
    SLICE_X3Y5           LUT5 (Prop_lut5_I2_O)        0.124     2.620 r  sum[7]_INST_0_i_1/O
                         net (fo=3, routed)           0.830     3.450    sum[7]_INST_0_i_1_n_0
    SLICE_X2Y6           LUT5 (Prop_lut5_I2_O)        0.124     3.574 r  sum[9]_INST_0_i_1/O
                         net (fo=3, routed)           0.822     4.396    sum[9]_INST_0_i_1_n_0
    SLICE_X2Y7           LUT4 (Prop_lut4_I1_O)        0.124     4.520 r  sum[8]_INST_0/O
                         net (fo=0)                   0.973     5.493    sum[8]
                                                                      r  sum[8] (OUT)
  -------------------------------------------------------------------    -------------------

Slack:                    inf
  Source:                 a[0]
                            (input port)
  Destination:            sum[9]
                            (output port)
  Path Group:             (none)
  Path Type:              Max at Slow Process Corner
  Data Path Delay:        5.493ns  (logic 0.850ns (15.475%)  route 4.643ns (84.525%))
  Logic Levels:           5  (LUT5=4 LUT6=1)

    Location             Delay type                Incr(ns)  Path(ns)    Netlist Resource(s)
  -------------------------------------------------------------------    -------------------
                                                      0.000     0.000 f  a[0] (IN)
                         net (fo=3, unset)            0.973     0.973    a[0]
    SLICE_X1Y5           LUT5 (Prop_lut5_I2_O)        0.152     1.125 r  sum[3]_INST_0_i_1/O
                         net (fo=3, routed)           0.462     1.587    sum[3]_INST_0_i_1_n_0
    SLICE_X1Y5           LUT5 (Prop_lut5_I2_O)        0.326     1.913 r  sum[5]_INST_0_i_1/O
                         net (fo=3, routed)           0.583     2.496    sum[5]_INST_0_i_1_n_0
    SLICE_X3Y5           LUT5 (Prop_lut5_I2_O)        0.124     2.620 r  sum[7]_INST_0_i_1/O
                         net (fo=3, routed)           0.830     3.450    sum[7]_INST_0_i_1_n_0
    SLICE_X2Y6           LUT5 (Prop_lut5_I2_O)        0.124     3.574 r  sum[9]_INST_0_i_1/O
                         net (fo=3, routed)           0.822     4.396    sum[9]_INST_0_i_1_n_0
    SLICE_X2Y7           LUT6 (Prop_lut6_I1_O)        0.124     4.520 r  sum[9]_INST_0/O
                         net (fo=0)                   0.973     5.493    sum[9]
                                                                      r  sum[9] (OUT)
  -------------------------------------------------------------------    -------------------

Slack:                    inf
  Source:                 a[0]
                            (input port)
  Destination:            sum[7]
                            (output port)
  Path Group:             (none)
  Path Type:              Max at Slow Process Corner
  Data Path Delay:        4.723ns  (logic 0.726ns (15.373%)  route 3.997ns (84.627%))
  Logic Levels:           4  (LUT5=3 LUT6=1)

    Location             Delay type                Incr(ns)  Path(ns)    Netlist Resource(s)
  -------------------------------------------------------------------    -------------------
                                                      0.000     0.000 f  a[0] (IN)
                         net (fo=3, unset)            0.973     0.973    a[0]
    SLICE_X1Y5           LUT5 (Prop_lut5_I2_O)        0.152     1.125 r  sum[3]_INST_0_i_1/O
                         net (fo=3, routed)           0.462     1.587    sum[3]_INST_0_i_1_n_0
    SLICE_X1Y5           LUT5 (Prop_lut5_I2_O)        0.326     1.913 r  sum[5]_INST_0_i_1/O
                         net (fo=3, routed)           0.583     2.496    sum[5]_INST_0_i_1_n_0
    SLICE_X3Y5           LUT5 (Prop_lut5_I2_O)        0.124     2.620 r  sum[7]_INST_0_i_1/O
                         net (fo=3, routed)           1.005     3.626    sum[7]_INST_0_i_1_n_0
    SLICE_X3Y5           LUT6 (Prop_lut6_I1_O)        0.124     3.750 r  sum[7]_INST_0/O
                         net (fo=0)                   0.973     4.723    sum[7]
                                                                      r  sum[7] (OUT)
  -------------------------------------------------------------------    -------------------





Min Delay Paths
--------------------------------------------------------------------------------------
Slack:                    inf
  Source:                 b[15]
                            (input port)
  Destination:            cout
                            (output port)
  Path Group:             (none)
  Path Type:              Min at Fast Process Corner
  Data Path Delay:        0.865ns  (logic 0.045ns (5.201%)  route 0.820ns (94.799%))
  Logic Levels:           1  (LUT5=1)

    Location             Delay type                Incr(ns)  Path(ns)    Netlist Resource(s)
  -------------------------------------------------------------------    -------------------
                                                      0.000     0.000 r  b[15] (IN)
                         net (fo=1, unset)            0.410     0.410    b[15]
    SLICE_X0Y4           LUT5 (Prop_lut5_I4_O)        0.045     0.455 r  cout_INST_0/O
                         net (fo=0)                   0.410     0.865    cout
                                                                      r  cout (OUT)
  -------------------------------------------------------------------    -------------------

Slack:                    inf
  Source:                 cin
                            (input port)
  Destination:            sum[0]
                            (output port)
  Path Group:             (none)
  Path Type:              Min at Fast Process Corner
  Data Path Delay:        0.865ns  (logic 0.045ns (5.201%)  route 0.820ns (94.799%))
  Logic Levels:           1  (LUT3=1)

    Location             Delay type                Incr(ns)  Path(ns)    Netlist Resource(s)
  -------------------------------------------------------------------    -------------------
                                                      0.000     0.000 r  cin (IN)
                         net (fo=3, unset)            0.410     0.410    cin
    SLICE_X36Y75         LUT3 (Prop_lut3_I2_O)        0.045     0.455 r  sum[0]_INST_0/O
                         net (fo=0)                   0.410     0.865    sum[0]
                                                                      r  sum[0] (OUT)
  -------------------------------------------------------------------    -------------------

Slack:                    inf
  Source:                 a[10]
                            (input port)
  Destination:            sum[10]
                            (output port)
  Path Group:             (none)
  Path Type:              Min at Fast Process Corner
  Data Path Delay:        0.865ns  (logic 0.045ns (5.201%)  route 0.820ns (94.799%))
  Logic Levels:           1  (LUT4=1)

    Location             Delay type                Incr(ns)  Path(ns)    Netlist Resource(s)
  -------------------------------------------------------------------    -------------------
                                                      0.000     0.000 r  a[10] (IN)
                         net (fo=3, unset)            0.410     0.410    a[10]
    SLICE_X2Y6           LUT4 (Prop_lut4_I2_O)        0.045     0.455 r  sum[10]_INST_0/O
                         net (fo=0)                   0.410     0.865    sum[10]
                                                                      r  sum[10] (OUT)
  -------------------------------------------------------------------    -------------------

Slack:                    inf
  Source:                 a[10]
                            (input port)
  Destination:            sum[11]
                            (output port)
  Path Group:             (none)
  Path Type:              Min at Fast Process Corner
  Data Path Delay:        0.865ns  (logic 0.045ns (5.201%)  route 0.820ns (94.799%))
  Logic Levels:           1  (LUT6=1)

    Location             Delay type                Incr(ns)  Path(ns)    Netlist Resource(s)
  -------------------------------------------------------------------    -------------------
                                                      0.000     0.000 r  a[10] (IN)
                         net (fo=3, unset)            0.410     0.410    a[10]
    SLICE_X2Y6           LUT6 (Prop_lut6_I5_O)        0.045     0.455 r  sum[11]_INST_0/O
                         net (fo=0)                   0.410     0.865    sum[11]
                                                                      r  sum[11] (OUT)
  -------------------------------------------------------------------    -------------------

Slack:                    inf
  Source:                 a[12]
                            (input port)
  Destination:            sum[12]
                            (output port)
  Path Group:             (none)
  Path Type:              Min at Fast Process Corner
  Data Path Delay:        0.865ns  (logic 0.045ns (5.201%)  route 0.820ns (94.799%))
  Logic Levels:           1  (LUT4=1)

    Location             Delay type                Incr(ns)  Path(ns)    Netlist Resource(s)
  -------------------------------------------------------------------    -------------------
                                                      0.000     0.000 r  a[12] (IN)
                         net (fo=3, unset)            0.410     0.410    a[12]
    SLICE_X0Y5           LUT4 (Prop_lut4_I2_O)        0.045     0.455 r  sum[12]_INST_0/O
                         net (fo=0)                   0.410     0.865    sum[12]
                                                                      r  sum[12] (OUT)
  -------------------------------------------------------------------    -------------------

Slack:                    inf
  Source:                 a[12]
                            (input port)
  Destination:            sum[13]
                            (output port)
  Path Group:             (none)
  Path Type:              Min at Fast Process Corner
  Data Path Delay:        0.865ns  (logic 0.045ns (5.201%)  route 0.820ns (94.799%))
  Logic Levels:           1  (LUT6=1)

    Location             Delay type                Incr(ns)  Path(ns)    Netlist Resource(s)
  -------------------------------------------------------------------    -------------------
                                                      0.000     0.000 r  a[12] (IN)
                         net (fo=3, unset)            0.410     0.410    a[12]
    SLICE_X0Y5           LUT6 (Prop_lut6_I5_O)        0.045     0.455 r  sum[13]_INST_0/O
                         net (fo=0)                   0.410     0.865    sum[13]
                                                                      r  sum[13] (OUT)
  -------------------------------------------------------------------    -------------------

Slack:                    inf
  Source:                 a[14]
                            (input port)
  Destination:            sum[14]
                            (output port)
  Path Group:             (none)
  Path Type:              Min at Fast Process Corner
  Data Path Delay:        0.865ns  (logic 0.045ns (5.201%)  route 0.820ns (94.799%))
  Logic Levels:           1  (LUT4=1)

    Location             Delay type                Incr(ns)  Path(ns)    Netlist Resource(s)
  -------------------------------------------------------------------    -------------------
                                                      0.000     0.000 r  a[14] (IN)
                         net (fo=2, unset)            0.410     0.410    a[14]
    SLICE_X0Y4           LUT4 (Prop_lut4_I2_O)        0.045     0.455 r  sum[14]_INST_0/O
                         net (fo=0)                   0.410     0.865    sum[14]
                                                                      r  sum[14] (OUT)
  -------------------------------------------------------------------    -------------------

Slack:                    inf
  Source:                 a[14]
                            (input port)
  Destination:            sum[15]
                            (output port)
  Path Group:             (none)
  Path Type:              Min at Fast Process Corner
  Data Path Delay:        0.865ns  (logic 0.045ns (5.201%)  route 0.820ns (94.799%))
  Logic Levels:           1  (LUT6=1)

    Location             Delay type                Incr(ns)  Path(ns)    Netlist Resource(s)
  -------------------------------------------------------------------    -------------------
                                                      0.000     0.000 r  a[14] (IN)
                         net (fo=2, unset)            0.410     0.410    a[14]
    SLICE_X0Y4           LUT6 (Prop_lut6_I5_O)        0.045     0.455 r  sum[15]_INST_0/O
                         net (fo=0)                   0.410     0.865    sum[15]
                                                                      r  sum[15] (OUT)
  -------------------------------------------------------------------    -------------------

Slack:                    inf
  Source:                 a[0]
                            (input port)
  Destination:            sum[1]
                            (output port)
  Path Group:             (none)
  Path Type:              Min at Fast Process Corner
  Data Path Delay:        0.865ns  (logic 0.045ns (5.201%)  route 0.820ns (94.799%))
  Logic Levels:           1  (LUT5=1)

    Location             Delay type                Incr(ns)  Path(ns)    Netlist Resource(s)
  -------------------------------------------------------------------    -------------------
                                                      0.000     0.000 r  a[0] (IN)
                         net (fo=3, unset)            0.410     0.410    a[0]
    SLICE_X36Y75         LUT5 (Prop_lut5_I4_O)        0.045     0.455 r  sum[1]_INST_0/O
                         net (fo=0)                   0.410     0.865    sum[1]
                                                                      r  sum[1] (OUT)
  -------------------------------------------------------------------    -------------------

Slack:                    inf
  Source:                 b[2]
                            (input port)
  Destination:            sum[2]
                            (output port)
  Path Group:             (none)
  Path Type:              Min at Fast Process Corner
  Data Path Delay:        0.865ns  (logic 0.045ns (5.201%)  route 0.820ns (94.799%))
  Logic Levels:           1  (LUT4=1)

    Location             Delay type                Incr(ns)  Path(ns)    Netlist Resource(s)
  -------------------------------------------------------------------    -------------------
                                                      0.000     0.000 r  b[2] (IN)
                         net (fo=3, unset)            0.410     0.410    b[2]
    SLICE_X1Y5           LUT4 (Prop_lut4_I2_O)        0.045     0.455 r  sum[2]_INST_0/O
                         net (fo=0)                   0.410     0.865    sum[2]
                                                                      r  sum[2] (OUT)
  -------------------------------------------------------------------    -------------------





