Copyright 1986-2022 Xilinx, Inc. All Rights Reserved. Copyright 2022-2025 Advanced Micro Devices, Inc. All Rights Reserved.
------------------------------------------------------------------------------------------------------------------------------------------------------------------------------------------------------------------------------------
| Tool Version : Vivado v.2025.2 (win64) Build 6299465 Fri Nov 14 19:35:11 GMT 2025
| Date         : Mon Apr 13 01:15:29 2026
| Host         : Goblet-of-File running 64-bit major release  (build 9200)
| Command      : report_timing_summary -max_paths 10 -routable_nets -report_unconstrained -file cla16bit_timing_summary_routed.rpt -pb cla16bit_timing_summary_routed.pb -rpx cla16bit_timing_summary_routed.rpx -warn_on_violation
| Design       : cla16bit
| Device       : 7k70t-fbv676
| Speed File   : -1  PRODUCTION 1.12 2017-02-17
| Design State : Routed
------------------------------------------------------------------------------------------------------------------------------------------------------------------------------------------------------------------------------------

Timing Summary Report

------------------------------------------------------------------------------------------------
| Timer Settings
| --------------
------------------------------------------------------------------------------------------------

  Enable Multi Corner Analysis               :  Yes
  Enable Pessimism Removal                   :  Yes
  Pessimism Removal Resolution               :  Nearest Common Node
  Enable Input Delay Default Clock           :  No
  Enable Preset / Clear Arcs                 :  No
  Disable Flight Delays                      :  No
  Ignore I/O Paths                           :  No
  Timing Early Launch at Borrowing Latches   :  No
  Borrow Time for Max Delay Exceptions       :  Yes
  Merge Timing Exceptions                    :  Yes
  Inter-SLR Compensation                     :  Conservative

  Corner  Analyze    Analyze    
  Name    Max Paths  Min Paths  
  ------  ---------  ---------  
  Slow    Yes        Yes        
  Fast    Yes        Yes        


------------------------------------------------------------------------------------------------
| Report Methodology
| ------------------
------------------------------------------------------------------------------------------------

No report available as report_methodology has not been run prior. Run report_methodology on the current design for the summary of methodology violations.



check_timing report

Table of Contents
-----------------
1. checking no_clock (0)
2. checking constant_clock (0)
3. checking pulse_width_clock (0)
4. checking unconstrained_internal_endpoints (0)
5. checking no_input_delay (0)
6. checking no_output_delay (0)
7. checking multiple_clock (0)
8. checking generated_clocks (0)
9. checking loops (0)
10. checking partial_input_delay (0)
11. checking partial_output_delay (0)
12. checking latch_loops (0)

1. checking no_clock (0)
------------------------
 There are 0 register/latch pins with no clock.


2. checking constant_clock (0)
------------------------------
 There are 0 register/latch pins with constant_clock.


3. checking pulse_width_clock (0)
---------------------------------
 There are 0 register/latch pins which need pulse_width check


4. checking unconstrained_internal_endpoints (0)
------------------------------------------------
 There are 0 pins that are not constrained for maximum delay.

 There are 0 pins that are not constrained for maximum delay due to constant clock.


5. checking no_input_delay (0)
------------------------------
 There are 0 input ports with no input delay specified.

 There are 0 input ports with no input delay but user has a false path constraint.


6. checking no_output_delay (0)
-------------------------------
 There are 0 ports with no output delay specified.

 There are 0 ports with no output delay but user has a false path constraint

 There are 0 ports with no output delay but with a timing clock defined on it or propagating through it


7. checking multiple_clock (0)
------------------------------
 There are 0 register/latch pins with multiple clocks.


8. checking generated_clocks (0)
--------------------------------
 There are 0 generated clocks that are not connected to a clock source.


9. checking loops (0)
---------------------
 There are 0 combinational loops in the design.


10. checking partial_input_delay (0)
------------------------------------
 There are 0 input ports with partial input delay specified.


11. checking partial_output_delay (0)
-------------------------------------
 There are 0 ports with partial output delay specified.


12. checking latch_loops (0)
----------------------------
 There are 0 combinational latch loops in the design through latch input



------------------------------------------------------------------------------------------------
| Design Timing Summary
| ---------------------
------------------------------------------------------------------------------------------------

    WNS(ns)      TNS(ns)  TNS Failing Endpoints  TNS Total Endpoints      WHS(ns)      THS(ns)  THS Failing Endpoints  THS Total Endpoints     WPWS(ns)     TPWS(ns)  TPWS Failing Endpoints  TPWS Total Endpoints  
    -------      -------  ---------------------  -------------------      -------      -------  ---------------------  -------------------     --------     --------  ----------------------  --------------------  
        inf        0.000                      0                   17          inf        0.000                      0                   17           NA           NA                      NA                    NA  


There are no user specified timing constraints.


------------------------------------------------------------------------------------------------
| Clock Summary
| -------------
------------------------------------------------------------------------------------------------


------------------------------------------------------------------------------------------------
| Intra Clock Table
| -----------------
------------------------------------------------------------------------------------------------

Clock             WNS(ns)      TNS(ns)  TNS Failing Endpoints  TNS Total Endpoints      WHS(ns)      THS(ns)  THS Failing Endpoints  THS Total Endpoints     WPWS(ns)     TPWS(ns)  TPWS Failing Endpoints  TPWS Total Endpoints  
-----             -------      -------  ---------------------  -------------------      -------      -------  ---------------------  -------------------     --------     --------  ----------------------  --------------------  


------------------------------------------------------------------------------------------------
| Inter Clock Table
| -----------------
------------------------------------------------------------------------------------------------

From Clock    To Clock          WNS(ns)      TNS(ns)  TNS Failing Endpoints  TNS Total Endpoints      WHS(ns)      THS(ns)  THS Failing Endpoints  THS Total Endpoints  
----------    --------          -------      -------  ---------------------  -------------------      -------      -------  ---------------------  -------------------  


------------------------------------------------------------------------------------------------
| Other Path Groups Table
| -----------------------
------------------------------------------------------------------------------------------------

Path Group    From Clock    To Clock          WNS(ns)      TNS(ns)  TNS Failing Endpoints  TNS Total Endpoints      WHS(ns)      THS(ns)  THS Failing Endpoints  THS Total Endpoints  
----------    ----------    --------          -------      -------  ---------------------  -------------------      -------      -------  ---------------------  -------------------  


------------------------------------------------------------------------------------------------
| User Ignored Path Table
| -----------------------
------------------------------------------------------------------------------------------------

Path Group    From Clock    To Clock    
----------    ----------    --------    


------------------------------------------------------------------------------------------------
| Unconstrained Path Table
| ------------------------
------------------------------------------------------------------------------------------------

Path Group    From Clock    To Clock    
----------    ----------    --------    
(none)                                    


------------------------------------------------------------------------------------------------
| Timing Details
| --------------
------------------------------------------------------------------------------------------------


--------------------------------------------------------------------------------------
Path Group:  (none)
From Clock:  
  To Clock:  

Max Delay            17 Endpoints
Min Delay            17 Endpoints
--------------------------------------------------------------------------------------


Max Delay Paths
--------------------------------------------------------------------------------------
Slack:                    inf
  Source:                 B[7]
                            (input port)
  Destination:            Sum[8]
                            (output port)
  Path Group:             (none)
  Path Type:              Max at Slow Process Corner
  Data Path Delay:        3.793ns  (logic 0.595ns (15.688%)  route 3.198ns (84.312%))
  Logic Levels:           4  (LUT3=2 LUT4=1 LUT5=1)

    Location             Delay type                Incr(ns)  Path(ns)    Netlist Resource(s)
  -------------------------------------------------------------------    -------------------
                                                      0.000     0.000 r  B[7] (IN)
                         net (fo=2, unset)            0.672     0.672    B[7]
    SLICE_X1Y1           LUT4 (Prop_lut4_I3_O)        0.066     0.738 r  Cout_INST_0_i_6/O
                         net (fo=2, routed)           0.680     1.418    u2/p_5_in
    SLICE_X1Y1           LUT5 (Prop_lut5_I4_O)        0.180     1.598 r  Sum[15]_INST_0_i_8/O
                         net (fo=3, routed)           0.467     2.064    P_1
    SLICE_X1Y1           LUT3 (Prop_lut3_I0_O)        0.179     2.243 r  Sum[11]_INST_0_i_5/O
                         net (fo=4, routed)           0.707     2.951    c_2
    SLICE_X3Y0           LUT3 (Prop_lut3_I0_O)        0.170     3.121 r  Sum[8]_INST_0/O
                         net (fo=0)                   0.672     3.793    Sum[8]
                                                                      r  Sum[8] (OUT)
  -------------------------------------------------------------------    -------------------

Slack:                    inf
  Source:                 B[7]
                            (input port)
  Destination:            Sum[13]
                            (output port)
  Path Group:             (none)
  Path Type:              Max at Slow Process Corner
  Data Path Delay:        3.686ns  (logic 0.468ns (12.697%)  route 3.218ns (87.303%))
  Logic Levels:           4  (LUT4=1 LUT5=2 LUT6=1)

    Location             Delay type                Incr(ns)  Path(ns)    Netlist Resource(s)
  -------------------------------------------------------------------    -------------------
                                                      0.000     0.000 r  B[7] (IN)
                         net (fo=2, unset)            0.672     0.672    B[7]
    SLICE_X1Y1           LUT4 (Prop_lut4_I3_O)        0.066     0.738 r  Cout_INST_0_i_6/O
                         net (fo=2, routed)           0.680     1.418    u2/p_5_in
    SLICE_X1Y1           LUT5 (Prop_lut5_I4_O)        0.180     1.598 r  Sum[15]_INST_0_i_8/O
                         net (fo=3, routed)           0.426     2.024    P_1
    SLICE_X2Y1           LUT6 (Prop_lut6_I3_O)        0.169     2.193 r  Sum[15]_INST_0_i_4/O
                         net (fo=3, routed)           0.768     2.961    u4/c1__0
    SLICE_X0Y0           LUT5 (Prop_lut5_I0_O)        0.053     3.014 r  Sum[13]_INST_0/O
                         net (fo=0)                   0.672     3.686    Sum[13]
                                                                      r  Sum[13] (OUT)
  -------------------------------------------------------------------    -------------------

Slack:                    inf
  Source:                 B[7]
                            (input port)
  Destination:            Sum[9]
                            (output port)
  Path Group:             (none)
  Path Type:              Max at Slow Process Corner
  Data Path Delay:        3.654ns  (logic 0.595ns (16.283%)  route 3.059ns (83.717%))
  Logic Levels:           4  (LUT3=1 LUT4=1 LUT5=2)

    Location             Delay type                Incr(ns)  Path(ns)    Netlist Resource(s)
  -------------------------------------------------------------------    -------------------
                                                      0.000     0.000 r  B[7] (IN)
                         net (fo=2, unset)            0.672     0.672    B[7]
    SLICE_X1Y1           LUT4 (Prop_lut4_I3_O)        0.066     0.738 r  Cout_INST_0_i_6/O
                         net (fo=2, routed)           0.680     1.418    u2/p_5_in
    SLICE_X1Y1           LUT5 (Prop_lut5_I4_O)        0.180     1.598 r  Sum[15]_INST_0_i_8/O
                         net (fo=3, routed)           0.467     2.064    P_1
    SLICE_X1Y1           LUT3 (Prop_lut3_I0_O)        0.179     2.243 r  Sum[11]_INST_0_i_5/O
                         net (fo=4, routed)           0.569     2.812    c_2
    SLICE_X3Y1           LUT5 (Prop_lut5_I0_O)        0.170     2.982 r  Sum[9]_INST_0/O
                         net (fo=0)                   0.672     3.654    Sum[9]
                                                                      r  Sum[9] (OUT)
  -------------------------------------------------------------------    -------------------

Slack:                    inf
  Source:                 B[7]
                            (input port)
  Destination:            Sum[10]
                            (output port)
  Path Group:             (none)
  Path Type:              Max at Slow Process Corner
  Data Path Delay:        3.654ns  (logic 0.595ns (16.285%)  route 3.059ns (83.715%))
  Logic Levels:           4  (LUT3=1 LUT4=1 LUT5=1 LUT6=1)

    Location             Delay type                Incr(ns)  Path(ns)    Netlist Resource(s)
  -------------------------------------------------------------------    -------------------
                                                      0.000     0.000 r  B[7] (IN)
                         net (fo=2, unset)            0.672     0.672    B[7]
    SLICE_X1Y1           LUT4 (Prop_lut4_I3_O)        0.066     0.738 r  Cout_INST_0_i_6/O
                         net (fo=2, routed)           0.680     1.418    u2/p_5_in
    SLICE_X1Y1           LUT5 (Prop_lut5_I4_O)        0.180     1.598 r  Sum[15]_INST_0_i_8/O
                         net (fo=3, routed)           0.467     2.064    P_1
    SLICE_X1Y1           LUT3 (Prop_lut3_I0_O)        0.179     2.243 r  Sum[11]_INST_0_i_5/O
                         net (fo=4, routed)           0.568     2.812    c_2
    SLICE_X2Y0           LUT6 (Prop_lut6_I4_O)        0.170     2.982 r  Sum[10]_INST_0/O
                         net (fo=0)                   0.672     3.654    Sum[10]
                                                                      r  Sum[10] (OUT)
  -------------------------------------------------------------------    -------------------

Slack:                    inf
  Source:                 B[7]
                            (input port)
  Destination:            Sum[11]
                            (output port)
  Path Group:             (none)
  Path Type:              Max at Slow Process Corner
  Data Path Delay:        3.607ns  (logic 0.595ns (16.496%)  route 3.012ns (83.504%))
  Logic Levels:           4  (LUT3=1 LUT4=1 LUT5=1 LUT6=1)

    Location             Delay type                Incr(ns)  Path(ns)    Netlist Resource(s)
  -------------------------------------------------------------------    -------------------
                                                      0.000     0.000 r  B[7] (IN)
                         net (fo=2, unset)            0.672     0.672    B[7]
    SLICE_X1Y1           LUT4 (Prop_lut4_I3_O)        0.066     0.738 r  Cout_INST_0_i_6/O
                         net (fo=2, routed)           0.680     1.418    u2/p_5_in
    SLICE_X1Y1           LUT5 (Prop_lut5_I4_O)        0.180     1.598 r  Sum[15]_INST_0_i_8/O
                         net (fo=3, routed)           0.467     2.064    P_1
    SLICE_X1Y1           LUT3 (Prop_lut3_I0_O)        0.179     2.243 r  Sum[11]_INST_0_i_5/O
                         net (fo=4, routed)           0.522     2.765    c_2
    SLICE_X3Y0           LUT6 (Prop_lut6_I4_O)        0.170     2.935 r  Sum[11]_INST_0/O
                         net (fo=0)                   0.672     3.607    Sum[11]
                                                                      r  Sum[11] (OUT)
  -------------------------------------------------------------------    -------------------

Slack:                    inf
  Source:                 B[7]
                            (input port)
  Destination:            Sum[12]
                            (output port)
  Path Group:             (none)
  Path Type:              Max at Slow Process Corner
  Data Path Delay:        3.516ns  (logic 0.468ns (13.312%)  route 3.048ns (86.688%))
  Logic Levels:           4  (LUT3=1 LUT4=1 LUT5=2)

    Location             Delay type                Incr(ns)  Path(ns)    Netlist Resource(s)
  -------------------------------------------------------------------    -------------------
                                                      0.000     0.000 r  B[7] (IN)
                         net (fo=2, unset)            0.672     0.672    B[7]
    SLICE_X1Y1           LUT4 (Prop_lut4_I3_O)        0.066     0.738 r  Cout_INST_0_i_6/O
                         net (fo=2, routed)           0.680     1.418    u2/p_5_in
    SLICE_X1Y1           LUT5 (Prop_lut5_I4_O)        0.180     1.598 r  Sum[15]_INST_0_i_8/O
                         net (fo=3, routed)           0.467     2.064    P_1
    SLICE_X1Y1           LUT5 (Prop_lut5_I1_O)        0.169     2.233 r  Sum[12]_INST_0_i_1/O
                         net (fo=1, routed)           0.557     2.791    c_3
    SLICE_X1Y0           LUT3 (Prop_lut3_I0_O)        0.053     2.844 r  Sum[12]_INST_0/O
                         net (fo=0)                   0.672     3.516    Sum[12]
                                                                      r  Sum[12] (OUT)
  -------------------------------------------------------------------    -------------------

Slack:                    inf
  Source:                 B[7]
                            (input port)
  Destination:            Sum[14]
                            (output port)
  Path Group:             (none)
  Path Type:              Max at Slow Process Corner
  Data Path Delay:        3.441ns  (logic 0.468ns (13.600%)  route 2.973ns (86.400%))
  Logic Levels:           4  (LUT4=1 LUT5=1 LUT6=2)

    Location             Delay type                Incr(ns)  Path(ns)    Netlist Resource(s)
  -------------------------------------------------------------------    -------------------
                                                      0.000     0.000 r  B[7] (IN)
                         net (fo=2, unset)            0.672     0.672    B[7]
    SLICE_X1Y1           LUT4 (Prop_lut4_I3_O)        0.066     0.738 r  Cout_INST_0_i_6/O
                         net (fo=2, routed)           0.680     1.418    u2/p_5_in
    SLICE_X1Y1           LUT5 (Prop_lut5_I4_O)        0.180     1.598 r  Sum[15]_INST_0_i_8/O
                         net (fo=3, routed)           0.426     2.024    P_1
    SLICE_X2Y1           LUT6 (Prop_lut6_I3_O)        0.169     2.193 r  Sum[15]_INST_0_i_4/O
                         net (fo=3, routed)           0.523     2.716    u4/c1__0
    SLICE_X0Y0           LUT6 (Prop_lut6_I4_O)        0.053     2.769 r  Sum[14]_INST_0/O
                         net (fo=0)                   0.672     3.441    Sum[14]
                                                                      r  Sum[14] (OUT)
  -------------------------------------------------------------------    -------------------

Slack:                    inf
  Source:                 B[7]
                            (input port)
  Destination:            Sum[15]
                            (output port)
  Path Group:             (none)
  Path Type:              Max at Slow Process Corner
  Data Path Delay:        3.335ns  (logic 0.468ns (14.035%)  route 2.867ns (85.965%))
  Logic Levels:           4  (LUT4=1 LUT5=1 LUT6=2)

    Location             Delay type                Incr(ns)  Path(ns)    Netlist Resource(s)
  -------------------------------------------------------------------    -------------------
                                                      0.000     0.000 r  B[7] (IN)
                         net (fo=2, unset)            0.672     0.672    B[7]
    SLICE_X1Y1           LUT4 (Prop_lut4_I3_O)        0.066     0.738 r  Cout_INST_0_i_6/O
                         net (fo=2, routed)           0.680     1.418    u2/p_5_in
    SLICE_X1Y1           LUT5 (Prop_lut5_I4_O)        0.180     1.598 r  Sum[15]_INST_0_i_8/O
                         net (fo=3, routed)           0.426     2.024    P_1
    SLICE_X2Y1           LUT6 (Prop_lut6_I3_O)        0.169     2.193 r  Sum[15]_INST_0_i_4/O
                         net (fo=3, routed)           0.417     2.610    u4/c1__0
    SLICE_X0Y1           LUT6 (Prop_lut6_I3_O)        0.053     2.663 r  Sum[15]_INST_0/O
                         net (fo=0)                   0.672     3.335    Sum[15]
                                                                      r  Sum[15] (OUT)
  -------------------------------------------------------------------    -------------------

Slack:                    inf
  Source:                 A[10]
                            (input port)
  Destination:            Cout
                            (output port)
  Path Group:             (none)
  Path Type:              Max at Slow Process Corner
  Data Path Delay:        3.204ns  (logic 0.339ns (10.581%)  route 2.865ns (89.419%))
  Logic Levels:           4  (LUT2=1 LUT5=1 LUT6=2)

    Location             Delay type                Incr(ns)  Path(ns)    Netlist Resource(s)
  -------------------------------------------------------------------    -------------------
                                                      0.000     0.000 r  A[10] (IN)
                         net (fo=1, unset)            0.672     0.672    A[10]
    SLICE_X4Y0           LUT2 (Prop_lut2_I1_O)        0.053     0.725 r  Sum[11]_INST_0_i_3/O
                         net (fo=3, routed)           0.612     1.337    u3/p_0_in2_in
    SLICE_X3Y0           LUT6 (Prop_lut6_I2_O)        0.053     1.390 r  Sum[15]_INST_0_i_5/O
                         net (fo=4, routed)           0.680     2.070    P_2
    SLICE_X2Y1           LUT5 (Prop_lut5_I0_O)        0.065     2.135 r  Cout_INST_0_i_1/O
                         net (fo=1, routed)           0.229     2.364    Cout_INST_0_i_1_n_0
    SLICE_X1Y1           LUT6 (Prop_lut6_I0_O)        0.168     2.532 r  Cout_INST_0/O
                         net (fo=0)                   0.672     3.204    Cout
                                                                      r  Cout (OUT)
  -------------------------------------------------------------------    -------------------

Slack:                    inf
  Source:                 A[1]
                            (input port)
  Destination:            Sum[7]
                            (output port)
  Path Group:             (none)
  Path Type:              Max at Slow Process Corner
  Data Path Delay:        3.114ns  (logic 0.212ns (6.808%)  route 2.902ns (93.192%))
  Logic Levels:           4  (LUT4=1 LUT5=2 LUT6=1)

    Location             Delay type                Incr(ns)  Path(ns)    Netlist Resource(s)
  -------------------------------------------------------------------    -------------------
                                                      0.000     0.000 r  A[1] (IN)
                         net (fo=4, unset)            0.672     0.672    A[1]
    SLICE_X2Y2           LUT4 (Prop_lut4_I3_O)        0.053     0.725 r  Sum[5]_INST_0_i_2/O
                         net (fo=1, routed)           0.557     1.282    Sum[5]_INST_0_i_2_n_0
    SLICE_X2Y1           LUT6 (Prop_lut6_I0_O)        0.053     1.335 r  Sum[5]_INST_0_i_1/O
                         net (fo=7, routed)           0.573     1.908    c_1
    SLICE_X2Y0           LUT5 (Prop_lut5_I0_O)        0.053     1.961 r  Sum[7]_INST_0_i_1/O
                         net (fo=2, routed)           0.428     2.389    u2/c__10[2]
    SLICE_X2Y0           LUT5 (Prop_lut5_I2_O)        0.053     2.442 r  Sum[7]_INST_0/O
                         net (fo=0)                   0.672     3.114    Sum[7]
                                                                      r  Sum[7] (OUT)
  -------------------------------------------------------------------    -------------------





Min Delay Paths
--------------------------------------------------------------------------------------
Slack:                    inf
  Source:                 B[0]
                            (input port)
  Destination:            Sum[0]
                            (output port)
  Path Group:             (none)
  Path Type:              Min at Fast Process Corner
  Data Path Delay:        0.595ns  (logic 0.028ns (4.710%)  route 0.567ns (95.290%))
  Logic Levels:           1  (LUT3=1)

    Location             Delay type                Incr(ns)  Path(ns)    Netlist Resource(s)
  -------------------------------------------------------------------    -------------------
                                                      0.000     0.000 r  B[0] (IN)
                         net (fo=5, unset)            0.283     0.283    B[0]
    SLICE_X36Y97         LUT3 (Prop_lut3_I2_O)        0.028     0.311 r  Sum[0]_INST_0/O
                         net (fo=0)                   0.283     0.595    Sum[0]
                                                                      r  Sum[0] (OUT)
  -------------------------------------------------------------------    -------------------

Slack:                    inf
  Source:                 A[9]
                            (input port)
  Destination:            Sum[10]
                            (output port)
  Path Group:             (none)
  Path Type:              Min at Fast Process Corner
  Data Path Delay:        0.595ns  (logic 0.028ns (4.710%)  route 0.567ns (95.290%))
  Logic Levels:           1  (LUT6=1)

    Location             Delay type                Incr(ns)  Path(ns)    Netlist Resource(s)
  -------------------------------------------------------------------    -------------------
                                                      0.000     0.000 r  A[9] (IN)
                         net (fo=3, unset)            0.283     0.283    A[9]
    SLICE_X2Y0           LUT6 (Prop_lut6_I3_O)        0.028     0.311 r  Sum[10]_INST_0/O
                         net (fo=0)                   0.283     0.595    Sum[10]
                                                                      r  Sum[10] (OUT)
  -------------------------------------------------------------------    -------------------

Slack:                    inf
  Source:                 B[12]
                            (input port)
  Destination:            Sum[12]
                            (output port)
  Path Group:             (none)
  Path Type:              Min at Fast Process Corner
  Data Path Delay:        0.595ns  (logic 0.028ns (4.710%)  route 0.567ns (95.290%))
  Logic Levels:           1  (LUT3=1)

    Location             Delay type                Incr(ns)  Path(ns)    Netlist Resource(s)
  -------------------------------------------------------------------    -------------------
                                                      0.000     0.000 r  B[12] (IN)
                         net (fo=5, unset)            0.283     0.283    B[12]
    SLICE_X1Y0           LUT3 (Prop_lut3_I2_O)        0.028     0.311 r  Sum[12]_INST_0/O
                         net (fo=0)                   0.283     0.595    Sum[12]
                                                                      r  Sum[12] (OUT)
  -------------------------------------------------------------------    -------------------

Slack:                    inf
  Source:                 B[13]
                            (input port)
  Destination:            Sum[13]
                            (output port)
  Path Group:             (none)
  Path Type:              Min at Fast Process Corner
  Data Path Delay:        0.595ns  (logic 0.028ns (4.710%)  route 0.567ns (95.290%))
  Logic Levels:           1  (LUT5=1)

    Location             Delay type                Incr(ns)  Path(ns)    Netlist Resource(s)
  -------------------------------------------------------------------    -------------------
                                                      0.000     0.000 r  B[13] (IN)
                         net (fo=3, unset)            0.283     0.283    B[13]
    SLICE_X0Y0           LUT5 (Prop_lut5_I4_O)        0.028     0.311 r  Sum[13]_INST_0/O
                         net (fo=0)                   0.283     0.595    Sum[13]
                                                                      r  Sum[13] (OUT)
  -------------------------------------------------------------------    -------------------

Slack:                    inf
  Source:                 A[13]
                            (input port)
  Destination:            Sum[14]
                            (output port)
  Path Group:             (none)
  Path Type:              Min at Fast Process Corner
  Data Path Delay:        0.595ns  (logic 0.028ns (4.710%)  route 0.567ns (95.290%))
  Logic Levels:           1  (LUT6=1)

    Location             Delay type                Incr(ns)  Path(ns)    Netlist Resource(s)
  -------------------------------------------------------------------    -------------------
                                                      0.000     0.000 r  A[13] (IN)
                         net (fo=3, unset)            0.283     0.283    A[13]
    SLICE_X0Y0           LUT6 (Prop_lut6_I3_O)        0.028     0.311 r  Sum[14]_INST_0/O
                         net (fo=0)                   0.283     0.595    Sum[14]
                                                                      r  Sum[14] (OUT)
  -------------------------------------------------------------------    -------------------

Slack:                    inf
  Source:                 B[15]
                            (input port)
  Destination:            Sum[15]
                            (output port)
  Path Group:             (none)
  Path Type:              Min at Fast Process Corner
  Data Path Delay:        0.595ns  (logic 0.028ns (4.710%)  route 0.567ns (95.290%))
  Logic Levels:           1  (LUT6=1)

    Location             Delay type                Incr(ns)  Path(ns)    Netlist Resource(s)
  -------------------------------------------------------------------    -------------------
                                                      0.000     0.000 r  B[15] (IN)
                         net (fo=3, unset)            0.283     0.283    B[15]
    SLICE_X0Y1           LUT6 (Prop_lut6_I5_O)        0.028     0.311 r  Sum[15]_INST_0/O
                         net (fo=0)                   0.283     0.595    Sum[15]
                                                                      r  Sum[15] (OUT)
  -------------------------------------------------------------------    -------------------

Slack:                    inf
  Source:                 B[1]
                            (input port)
  Destination:            Sum[1]
                            (output port)
  Path Group:             (none)
  Path Type:              Min at Fast Process Corner
  Data Path Delay:        0.595ns  (logic 0.028ns (4.710%)  route 0.567ns (95.290%))
  Logic Levels:           1  (LUT5=1)

    Location             Delay type                Incr(ns)  Path(ns)    Netlist Resource(s)
  -------------------------------------------------------------------    -------------------
                                                      0.000     0.000 r  B[1] (IN)
                         net (fo=4, unset)            0.283     0.283    B[1]
    SLICE_X36Y97         LUT5 (Prop_lut5_I4_O)        0.028     0.311 r  Sum[1]_INST_0/O
                         net (fo=0)                   0.283     0.595    Sum[1]
                                                                      r  Sum[1] (OUT)
  -------------------------------------------------------------------    -------------------

Slack:                    inf
  Source:                 Cin
                            (input port)
  Destination:            Sum[2]
                            (output port)
  Path Group:             (none)
  Path Type:              Min at Fast Process Corner
  Data Path Delay:        0.595ns  (logic 0.028ns (4.710%)  route 0.567ns (95.290%))
  Logic Levels:           1  (LUT6=1)

    Location             Delay type                Incr(ns)  Path(ns)    Netlist Resource(s)
  -------------------------------------------------------------------    -------------------
                                                      0.000     0.000 r  Cin (IN)
                         net (fo=4, unset)            0.283     0.283    Cin
    SLICE_X36Y101        LUT6 (Prop_lut6_I4_O)        0.028     0.311 r  Sum[2]_INST_0/O
                         net (fo=0)                   0.283     0.595    Sum[2]
                                                                      r  Sum[2] (OUT)
  -------------------------------------------------------------------    -------------------

Slack:                    inf
  Source:                 B[3]
                            (input port)
  Destination:            Sum[3]
                            (output port)
  Path Group:             (none)
  Path Type:              Min at Fast Process Corner
  Data Path Delay:        0.595ns  (logic 0.028ns (4.710%)  route 0.567ns (95.290%))
  Logic Levels:           1  (LUT5=1)

    Location             Delay type                Incr(ns)  Path(ns)    Netlist Resource(s)
  -------------------------------------------------------------------    -------------------
                                                      0.000     0.000 r  B[3] (IN)
                         net (fo=1, unset)            0.283     0.283    B[3]
    SLICE_X3Y1           LUT5 (Prop_lut5_I4_O)        0.028     0.311 r  Sum[3]_INST_0/O
                         net (fo=0)                   0.283     0.595    Sum[3]
                                                                      r  Sum[3] (OUT)
  -------------------------------------------------------------------    -------------------

Slack:                    inf
  Source:                 B[4]
                            (input port)
  Destination:            Sum[4]
                            (output port)
  Path Group:             (none)
  Path Type:              Min at Fast Process Corner
  Data Path Delay:        0.595ns  (logic 0.028ns (4.710%)  route 0.567ns (95.290%))
  Logic Levels:           1  (LUT3=1)

    Location             Delay type                Incr(ns)  Path(ns)    Netlist Resource(s)
  -------------------------------------------------------------------    -------------------
                                                      0.000     0.000 r  B[4] (IN)
                         net (fo=5, unset)            0.283     0.283    B[4]
    SLICE_X1Y0           LUT3 (Prop_lut3_I2_O)        0.028     0.311 r  Sum[4]_INST_0/O
                         net (fo=0)                   0.283     0.595    Sum[4]
                                                                      r  Sum[4] (OUT)
  -------------------------------------------------------------------    -------------------





