Vivado Simulator v2025.2
Copyright 1986-2022 Xilinx, Inc. All Rights Reserved.
Copyright 2022-2025 Advanced Micro Devices, Inc. All Rights Reserved.
Running: C:/AMDDesignTools/2025.2/Vivado/bin/unwrapped/win64.o/xelab.exe --incr --debug typical --relax --mt 2 --maxdelay -L xil_defaultlib -L simprims_ver -L secureip --snapshot tb_top_module_time_synth -transport_int_delays -pulse_r 0 -pulse_int_r 0 -pulse_e 0 -pulse_int_e 0 xil_defaultlib.tb_top_module xil_defaultlib.glbl -log elaborate.log 
Using 2 slave threads.
Starting static elaboration
Pass Through NonSizing Optimizer
Completed static elaboration
Starting simulation data flow analysis
Completed simulation data flow analysis
INFO: [XSIM 43-3451] SDF backannotation process started with SDF file "tb_top_module_time_synth.sdf", for root module "tb_top_module/dut".
INFO: [XSIM 43-3452] SDF backannotation was successful for SDF file "tb_top_module_time_synth.sdf", for root module "tb_top_module/dut".
Time Resolution for simulation is 1ps
Compiling module simprims_ver.LUT4
Compiling module simprims_ver.x_lut2_mux4
Compiling module simprims_ver.LUT2
Compiling module simprims_ver.x_lut3_mux8
Compiling module simprims_ver.LUT3
Compiling module simprims_ver.FDRE_default
Compiling module simprims_ver.CARRY8
Compiling module simprims_ver.DSP_ALU(ALUMODEREG=0,CARRYINREG=...
Compiling module simprims_ver.DSP_A_B_DATA
Compiling module simprims_ver.DSP_C_DATA
Compiling module simprims_ver.DSP_MULTIPLIER
Compiling module simprims_ver.DSP_M_DATA(MREG=0)
Compiling module simprims_ver.DSP_OUTPUT(PREG=0)
Compiling module simprims_ver.DSP_PREADD_DATA(INMODEREG=0)
Compiling module simprims_ver.DSP_PREADD
Compiling module xil_defaultlib.DSP48E2_UNIQ_BASE_
Compiling module xil_defaultlib.mac
Compiling module xil_defaultlib.mac__parameterized0
Compiling module xil_defaultlib.mac__parameterized1
Compiling module xil_defaultlib.top_module
Compiling module xil_defaultlib.tb_top_module
Compiling module xil_defaultlib.glbl
Built simulation snapshot tb_top_module_time_synth
