#-----------------------------------------------------------
# Vivado v2025.2 (64-bit)
# SW Build 6299465 on Fri Nov 14 19:35:11 GMT 2025
# IP Build 6300035 on Fri Nov 14 10:48:45 MST 2025
# SharedData Build 6298862 on Thu Nov 13 04:50:51 MST 2025
# Start of session at: Sun Apr 12 22:32:49 2026
# Process ID         : 10312
# Current directory  : C:/Users/prave/Vivado_projects/parametrized_ripple_carry_adder/project_1.runs/synth_1
# Command line       : vivado.exe -log ripple_carry_adder.vds -product Vivado -mode batch -messageDb vivado.pb -notrace -source ripple_carry_adder.tcl
# Log file           : C:/Users/prave/Vivado_projects/parametrized_ripple_carry_adder/project_1.runs/synth_1/ripple_carry_adder.vds
# Journal file       : C:/Users/prave/Vivado_projects/parametrized_ripple_carry_adder/project_1.runs/synth_1\vivado.jou
# Running On         : Goblet-of-File
# Platform           : Windows Server 2016 or Windows 10
# Operating System   : 26200
# Processor Detail   : AMD Ryzen 5 7520U with Radeon Graphics         
# CPU Frequency      : 2795 MHz
# CPU Physical cores : 4
# CPU Logical cores  : 8
# Host memory        : 16407 MB
# Swap memory        : 5637 MB
# Total Virtual      : 22044 MB
# Available Virtual  : 2580 MB
#-----------------------------------------------------------
source ripple_carry_adder.tcl -notrace
