Copyright 1986-2022 Xilinx, Inc. All Rights Reserved. Copyright 2022-2025 Advanced Micro Devices, Inc. All Rights Reserved.
--------------------------------------------------------------------------------------------------------------------------------------------------------------------------------------------------------------------------------------------------
| Tool Version      : Vivado v.2025.2 (win64) Build 6299465 Fri Nov 14 19:35:11 GMT 2025
| Date              : Sun May 31 17:30:07 2026
| Host              : Goblet-of-File running 64-bit major release  (build 9200)
| Command           : report_timing_summary -max_paths 10 -routable_nets -report_unconstrained -file dynamic_mac_timing_summary_routed.rpt -pb dynamic_mac_timing_summary_routed.pb -rpx dynamic_mac_timing_summary_routed.rpx -warn_on_violation
| Design            : dynamic_mac
| Device            : xck26-sfvc784
| Speed File        : -2LV  PRODUCTION 1.30 05-15-2022
| Design State      : Routed
| Temperature Grade : C
--------------------------------------------------------------------------------------------------------------------------------------------------------------------------------------------------------------------------------------------------

Timing Summary Report

------------------------------------------------------------------------------------------------
| Timer Settings
| --------------
------------------------------------------------------------------------------------------------

  Enable Multi Corner Analysis               :  Yes
  Enable Pessimism Removal                   :  Yes
  Pessimism Removal Resolution               :  Nearest Common Node
  Enable Input Delay Default Clock           :  No
  Enable Preset / Clear Arcs                 :  No
  Disable Flight Delays                      :  No
  Ignore I/O Paths                           :  No
  Timing Early Launch at Borrowing Latches   :  No
  Borrow Time for Max Delay Exceptions       :  Yes
  Merge Timing Exceptions                    :  Yes
  Inter-SLR Compensation                     :  Conservative

  Corner  Analyze    Analyze    
  Name    Max Paths  Min Paths  
  ------  ---------  ---------  
  Slow    Yes        Yes        
  Fast    Yes        Yes        


------------------------------------------------------------------------------------------------
| Report Methodology
| ------------------
------------------------------------------------------------------------------------------------

Rule       Severity          Description                  Violations  
---------  ----------------  ---------------------------  ----------  
TIMING-17  Critical Warning  Non-clocked sequential cell  16          

Note: This report is based on the most recent report_methodology run and may not be up-to-date. Run report_methodology on the current design for the latest report.



check_timing report

Table of Contents
-----------------
1. checking no_clock (16)
2. checking constant_clock (0)
3. checking pulse_width_clock (0)
4. checking unconstrained_internal_endpoints (32)
5. checking no_input_delay (34)
6. checking no_output_delay (16)
7. checking multiple_clock (0)
8. checking generated_clocks (0)
9. checking loops (0)
10. checking partial_input_delay (0)
11. checking partial_output_delay (0)
12. checking latch_loops (0)

1. checking no_clock (16)
-------------------------
 There are 16 register/latch pins with no clock driven by root clock pin: clk (HIGH)


2. checking constant_clock (0)
------------------------------
 There are 0 register/latch pins with constant_clock.


3. checking pulse_width_clock (0)
---------------------------------
 There are 0 register/latch pins which need pulse_width check


4. checking unconstrained_internal_endpoints (32)
-------------------------------------------------
 There are 32 pins that are not constrained for maximum delay. (HIGH)

 There are 0 pins that are not constrained for maximum delay due to constant clock.


5. checking no_input_delay (34)
-------------------------------
 There are 34 input ports with no input delay specified. (HIGH)

 There are 0 input ports with no input delay but user has a false path constraint.


6. checking no_output_delay (16)
--------------------------------
 There are 16 ports with no output delay specified. (HIGH)

 There are 0 ports with no output delay but user has a false path constraint

 There are 0 ports with no output delay but with a timing clock defined on it or propagating through it


7. checking multiple_clock (0)
------------------------------
 There are 0 register/latch pins with multiple clocks.


8. checking generated_clocks (0)
--------------------------------
 There are 0 generated clocks that are not connected to a clock source.


9. checking loops (0)
---------------------
 There are 0 combinational loops in the design.


10. checking partial_input_delay (0)
------------------------------------
 There are 0 input ports with partial input delay specified.


11. checking partial_output_delay (0)
-------------------------------------
 There are 0 ports with partial output delay specified.


12. checking latch_loops (0)
----------------------------
 There are 0 combinational latch loops in the design through latch input



------------------------------------------------------------------------------------------------
| Design Timing Summary
| ---------------------
------------------------------------------------------------------------------------------------

    WNS(ns)      TNS(ns)  TNS Failing Endpoints  TNS Total Endpoints      WHS(ns)      THS(ns)  THS Failing Endpoints  THS Total Endpoints     WPWS(ns)     TPWS(ns)  TPWS Failing Endpoints  TPWS Total Endpoints  
    -------      -------  ---------------------  -------------------      -------      -------  ---------------------  -------------------     --------     --------  ----------------------  --------------------  
        inf        0.000                      0                   32          inf        0.000                      0                   32           NA           NA                      NA                    NA  


There are no user specified timing constraints.


------------------------------------------------------------------------------------------------
| Clock Summary
| -------------
------------------------------------------------------------------------------------------------


------------------------------------------------------------------------------------------------
| Intra Clock Table
| -----------------
------------------------------------------------------------------------------------------------

Clock             WNS(ns)      TNS(ns)  TNS Failing Endpoints  TNS Total Endpoints      WHS(ns)      THS(ns)  THS Failing Endpoints  THS Total Endpoints     WPWS(ns)     TPWS(ns)  TPWS Failing Endpoints  TPWS Total Endpoints  
-----             -------      -------  ---------------------  -------------------      -------      -------  ---------------------  -------------------     --------     --------  ----------------------  --------------------  


------------------------------------------------------------------------------------------------
| Inter Clock Table
| -----------------
------------------------------------------------------------------------------------------------

From Clock    To Clock          WNS(ns)      TNS(ns)  TNS Failing Endpoints  TNS Total Endpoints      WHS(ns)      THS(ns)  THS Failing Endpoints  THS Total Endpoints  
----------    --------          -------      -------  ---------------------  -------------------      -------      -------  ---------------------  -------------------  


------------------------------------------------------------------------------------------------
| Other Path Groups Table
| -----------------------
------------------------------------------------------------------------------------------------

Path Group    From Clock    To Clock          WNS(ns)      TNS(ns)  TNS Failing Endpoints  TNS Total Endpoints      WHS(ns)      THS(ns)  THS Failing Endpoints  THS Total Endpoints  
----------    ----------    --------          -------      -------  ---------------------  -------------------      -------      -------  ---------------------  -------------------  


------------------------------------------------------------------------------------------------
| User Ignored Path Table
| -----------------------
------------------------------------------------------------------------------------------------

Path Group    From Clock    To Clock    
----------    ----------    --------    


------------------------------------------------------------------------------------------------
| Unconstrained Path Table
| ------------------------
------------------------------------------------------------------------------------------------

Path Group    From Clock    To Clock    
----------    ----------    --------    
(none)                                    


------------------------------------------------------------------------------------------------
| Timing Details
| --------------
------------------------------------------------------------------------------------------------


--------------------------------------------------------------------------------------
Path Group:  (none)
From Clock:  
  To Clock:  

Max Delay            32 Endpoints
Min Delay            32 Endpoints
--------------------------------------------------------------------------------------


Max Delay Paths
--------------------------------------------------------------------------------------
Slack:                    inf
  Source:                 b[1]
                            (input port)
  Destination:            acc_reg[15]/D
  Path Group:             (none)
  Path Type:              Max at Slow Process Corner
  Data Path Delay:        5.231ns  (logic 3.604ns (68.892%)  route 1.627ns (31.108%))
  Logic Levels:           15  (DSP_A_B_DATA=1 DSP_ALU=1 DSP_M_DATA=1 DSP_MULTIPLIER=1 DSP_OUTPUT=1 DSP_PREADD_DATA=1 LUT3=2 LUT5=6 LUT6=1)

    Location             Delay type                Incr(ns)  Path(ns)    Netlist Resource(s)
  -------------------------------------------------------------------    -------------------
                                                      0.000     0.000 f  b[1] (IN)
                         net (fo=0)                   0.000     0.000    product/B[1]
    DSP48E2_X8Y48        DSP_A_B_DATA (Prop_DSP_A_B_DATA_DSP48E2_B[1]_B2_DATA[1])
                                                      0.216     0.216 r  product/DSP_A_B_DATA_INST/B2_DATA[1]
                         net (fo=1, routed)           0.000     0.216    product/DSP_A_B_DATA.B2_DATA<1>
    DSP48E2_X8Y48        DSP_PREADD_DATA (Prop_DSP_PREADD_DATA_DSP48E2_B2_DATA[1]_B2B1[1])
                                                      0.097     0.313 r  product/DSP_PREADD_DATA_INST/B2B1[1]
                         net (fo=1, routed)           0.000     0.313    product/DSP_PREADD_DATA.B2B1<1>
    DSP48E2_X8Y48        DSP_MULTIPLIER (Prop_DSP_MULTIPLIER_DSP48E2_B2B1[1]_U[1])
                                                      0.773     1.086 f  product/DSP_MULTIPLIER_INST/U[1]
                         net (fo=1, routed)           0.000     1.086    product/DSP_MULTIPLIER.U<1>
    DSP48E2_X8Y48        DSP_M_DATA (Prop_DSP_M_DATA_DSP48E2_U[1]_U_DATA[1])
                                                      0.067     1.153 r  product/DSP_M_DATA_INST/U_DATA[1]
                         net (fo=1, routed)           0.000     1.153    product/DSP_M_DATA.U_DATA<1>
    DSP48E2_X8Y48        DSP_ALU (Prop_DSP_ALU_DSP48E2_U_DATA[1]_ALU_OUT[1])
                                                      0.727     1.880 f  product/DSP_ALU_INST/ALU_OUT[1]
                         net (fo=1, routed)           0.000     1.880    product/DSP_ALU.ALU_OUT<1>
    DSP48E2_X8Y48        DSP_OUTPUT (Prop_DSP_OUTPUT_DSP48E2_ALU_OUT[1]_P[1])
                                                      0.146     2.026 r  product/DSP_OUTPUT_INST/P[1]
                         net (fo=4, routed)           0.267     2.293    exact_adder/u1/a[1]
    SLICE_X31Y119        LUT6 (Prop_H6LUT_SLICEM_I4_O)
                                                      0.228     2.521 r  exact_adder/u1/cout_INST_0_i_1/O
                         net (fo=2, routed)           0.073     2.594    exact_adder/u1/cout_INST_0_i_1_n_0
    SLICE_X31Y119        LUT3 (Prop_B5LUT_SLICEM_I2_O)
                                                      0.229     2.823 r  exact_adder/u1/cout_INST_0/O
                         net (fo=3, routed)           0.218     3.041    exact_adder/u2/cin
    SLICE_X30Y119        LUT5 (Prop_B6LUT_SLICEL_I2_O)
                                                      0.138     3.179 r  exact_adder/u2/cout_INST_0_i_1/O
                         net (fo=3, routed)           0.104     3.283    exact_adder/u2/cout_INST_0_i_1_n_0
    SLICE_X30Y120        LUT5 (Prop_B6LUT_SLICEL_I0_O)
                                                      0.152     3.435 r  exact_adder/u2/cout_INST_0/O
                         net (fo=3, routed)           0.114     3.549    exact_adder/u3/cin
    SLICE_X29Y120        LUT5 (Prop_B6LUT_SLICEM_I2_O)
                                                      0.188     3.737 r  exact_adder/u3/cout_INST_0_i_1/O
                         net (fo=3, routed)           0.107     3.844    exact_adder/u3/cout_INST_0_i_1_n_0
    SLICE_X29Y121        LUT5 (Prop_B6LUT_SLICEM_I0_O)
                                                      0.082     3.926 r  exact_adder/u3/cout_INST_0/O
                         net (fo=3, routed)           0.278     4.204    exact_adder/u4/cin
    SLICE_X30Y121        LUT5 (Prop_B5LUT_SLICEL_I2_O)
                                                      0.142     4.346 r  exact_adder/u4/sum[3]_INST_0_i_1/O
                         net (fo=2, routed)           0.151     4.497    exact_adder/u4/sum[3]_INST_0_i_1_n_0
    SLICE_X31Y121        LUT5 (Prop_B5LUT_SLICEM_I2_O)
                                                      0.199     4.696 r  exact_adder/u4/sum[3]_INST_0/O
                         net (fo=1, routed)           0.274     4.970    exact_sum[15]
    SLICE_X31Y121        LUT3 (Prop_D5LUT_SLICEM_I1_O)
                                                      0.220     5.190 r  acc[15]_i_1/O
                         net (fo=1, routed)           0.041     5.231    next_acc[15]
    SLICE_X31Y121        FDCE                                         r  acc_reg[15]/D
  -------------------------------------------------------------------    -------------------

Slack:                    inf
  Source:                 b[1]
                            (input port)
  Destination:            acc_reg[14]/D
  Path Group:             (none)
  Path Type:              Max at Slow Process Corner
  Data Path Delay:        5.039ns  (logic 3.524ns (69.930%)  route 1.515ns (30.070%))
  Logic Levels:           15  (DSP_A_B_DATA=1 DSP_ALU=1 DSP_M_DATA=1 DSP_MULTIPLIER=1 DSP_OUTPUT=1 DSP_PREADD_DATA=1 LUT3=3 LUT5=5 LUT6=1)

    Location             Delay type                Incr(ns)  Path(ns)    Netlist Resource(s)
  -------------------------------------------------------------------    -------------------
                                                      0.000     0.000 f  b[1] (IN)
                         net (fo=0)                   0.000     0.000    product/B[1]
    DSP48E2_X8Y48        DSP_A_B_DATA (Prop_DSP_A_B_DATA_DSP48E2_B[1]_B2_DATA[1])
                                                      0.216     0.216 r  product/DSP_A_B_DATA_INST/B2_DATA[1]
                         net (fo=1, routed)           0.000     0.216    product/DSP_A_B_DATA.B2_DATA<1>
    DSP48E2_X8Y48        DSP_PREADD_DATA (Prop_DSP_PREADD_DATA_DSP48E2_B2_DATA[1]_B2B1[1])
                                                      0.097     0.313 r  product/DSP_PREADD_DATA_INST/B2B1[1]
                         net (fo=1, routed)           0.000     0.313    product/DSP_PREADD_DATA.B2B1<1>
    DSP48E2_X8Y48        DSP_MULTIPLIER (Prop_DSP_MULTIPLIER_DSP48E2_B2B1[1]_U[1])
                                                      0.773     1.086 f  product/DSP_MULTIPLIER_INST/U[1]
                         net (fo=1, routed)           0.000     1.086    product/DSP_MULTIPLIER.U<1>
    DSP48E2_X8Y48        DSP_M_DATA (Prop_DSP_M_DATA_DSP48E2_U[1]_U_DATA[1])
                                                      0.067     1.153 r  product/DSP_M_DATA_INST/U_DATA[1]
                         net (fo=1, routed)           0.000     1.153    product/DSP_M_DATA.U_DATA<1>
    DSP48E2_X8Y48        DSP_ALU (Prop_DSP_ALU_DSP48E2_U_DATA[1]_ALU_OUT[1])
                                                      0.727     1.880 f  product/DSP_ALU_INST/ALU_OUT[1]
                         net (fo=1, routed)           0.000     1.880    product/DSP_ALU.ALU_OUT<1>
    DSP48E2_X8Y48        DSP_OUTPUT (Prop_DSP_OUTPUT_DSP48E2_ALU_OUT[1]_P[1])
                                                      0.146     2.026 r  product/DSP_OUTPUT_INST/P[1]
                         net (fo=4, routed)           0.267     2.293    exact_adder/u1/a[1]
    SLICE_X31Y119        LUT6 (Prop_H6LUT_SLICEM_I4_O)
                                                      0.228     2.521 r  exact_adder/u1/cout_INST_0_i_1/O
                         net (fo=2, routed)           0.073     2.594    exact_adder/u1/cout_INST_0_i_1_n_0
    SLICE_X31Y119        LUT3 (Prop_B5LUT_SLICEM_I2_O)
                                                      0.229     2.823 r  exact_adder/u1/cout_INST_0/O
                         net (fo=3, routed)           0.218     3.041    exact_adder/u2/cin
    SLICE_X30Y119        LUT5 (Prop_B6LUT_SLICEL_I2_O)
                                                      0.138     3.179 r  exact_adder/u2/cout_INST_0_i_1/O
                         net (fo=3, routed)           0.104     3.283    exact_adder/u2/cout_INST_0_i_1_n_0
    SLICE_X30Y120        LUT5 (Prop_B6LUT_SLICEL_I0_O)
                                                      0.152     3.435 r  exact_adder/u2/cout_INST_0/O
                         net (fo=3, routed)           0.114     3.549    exact_adder/u3/cin
    SLICE_X29Y120        LUT5 (Prop_B6LUT_SLICEM_I2_O)
                                                      0.188     3.737 r  exact_adder/u3/cout_INST_0_i_1/O
                         net (fo=3, routed)           0.107     3.844    exact_adder/u3/cout_INST_0_i_1_n_0
    SLICE_X29Y121        LUT5 (Prop_B6LUT_SLICEM_I0_O)
                                                      0.082     3.926 r  exact_adder/u3/cout_INST_0/O
                         net (fo=3, routed)           0.278     4.204    exact_adder/u4/cin
    SLICE_X30Y121        LUT5 (Prop_B5LUT_SLICEL_I2_O)
                                                      0.142     4.346 r  exact_adder/u4/sum[3]_INST_0_i_1/O
                         net (fo=2, routed)           0.151     4.497    exact_adder/u4/sum[3]_INST_0_i_1_n_0
    SLICE_X31Y121        LUT3 (Prop_B6LUT_SLICEM_I0_O)
                                                      0.188     4.685 r  exact_adder/u4/sum[2]_INST_0/O
                         net (fo=1, routed)           0.107     4.792    exact_sum[14]
    SLICE_X31Y121        LUT3 (Prop_D6LUT_SLICEM_I1_O)
                                                      0.151     4.943 r  acc[14]_i_1/O
                         net (fo=1, routed)           0.096     5.039    next_acc[14]
    SLICE_X31Y121        FDCE                                         r  acc_reg[14]/D
  -------------------------------------------------------------------    -------------------

Slack:                    inf
  Source:                 b[1]
                            (input port)
  Destination:            acc_reg[13]/D
  Path Group:             (none)
  Path Type:              Max at Slow Process Corner
  Data Path Delay:        4.664ns  (logic 3.368ns (72.207%)  route 1.296ns (27.793%))
  Logic Levels:           14  (DSP_A_B_DATA=1 DSP_ALU=1 DSP_M_DATA=1 DSP_MULTIPLIER=1 DSP_OUTPUT=1 DSP_PREADD_DATA=1 LUT3=2 LUT5=5 LUT6=1)

    Location             Delay type                Incr(ns)  Path(ns)    Netlist Resource(s)
  -------------------------------------------------------------------    -------------------
                                                      0.000     0.000 f  b[1] (IN)
                         net (fo=0)                   0.000     0.000    product/B[1]
    DSP48E2_X8Y48        DSP_A_B_DATA (Prop_DSP_A_B_DATA_DSP48E2_B[1]_B2_DATA[1])
                                                      0.216     0.216 r  product/DSP_A_B_DATA_INST/B2_DATA[1]
                         net (fo=1, routed)           0.000     0.216    product/DSP_A_B_DATA.B2_DATA<1>
    DSP48E2_X8Y48        DSP_PREADD_DATA (Prop_DSP_PREADD_DATA_DSP48E2_B2_DATA[1]_B2B1[1])
                                                      0.097     0.313 r  product/DSP_PREADD_DATA_INST/B2B1[1]
                         net (fo=1, routed)           0.000     0.313    product/DSP_PREADD_DATA.B2B1<1>
    DSP48E2_X8Y48        DSP_MULTIPLIER (Prop_DSP_MULTIPLIER_DSP48E2_B2B1[1]_U[1])
                                                      0.773     1.086 f  product/DSP_MULTIPLIER_INST/U[1]
                         net (fo=1, routed)           0.000     1.086    product/DSP_MULTIPLIER.U<1>
    DSP48E2_X8Y48        DSP_M_DATA (Prop_DSP_M_DATA_DSP48E2_U[1]_U_DATA[1])
                                                      0.067     1.153 r  product/DSP_M_DATA_INST/U_DATA[1]
                         net (fo=1, routed)           0.000     1.153    product/DSP_M_DATA.U_DATA<1>
    DSP48E2_X8Y48        DSP_ALU (Prop_DSP_ALU_DSP48E2_U_DATA[1]_ALU_OUT[1])
                                                      0.727     1.880 f  product/DSP_ALU_INST/ALU_OUT[1]
                         net (fo=1, routed)           0.000     1.880    product/DSP_ALU.ALU_OUT<1>
    DSP48E2_X8Y48        DSP_OUTPUT (Prop_DSP_OUTPUT_DSP48E2_ALU_OUT[1]_P[1])
                                                      0.146     2.026 r  product/DSP_OUTPUT_INST/P[1]
                         net (fo=4, routed)           0.267     2.293    exact_adder/u1/a[1]
    SLICE_X31Y119        LUT6 (Prop_H6LUT_SLICEM_I4_O)
                                                      0.228     2.521 r  exact_adder/u1/cout_INST_0_i_1/O
                         net (fo=2, routed)           0.073     2.594    exact_adder/u1/cout_INST_0_i_1_n_0
    SLICE_X31Y119        LUT3 (Prop_B5LUT_SLICEM_I2_O)
                                                      0.229     2.823 r  exact_adder/u1/cout_INST_0/O
                         net (fo=3, routed)           0.218     3.041    exact_adder/u2/cin
    SLICE_X30Y119        LUT5 (Prop_B6LUT_SLICEL_I2_O)
                                                      0.138     3.179 r  exact_adder/u2/cout_INST_0_i_1/O
                         net (fo=3, routed)           0.104     3.283    exact_adder/u2/cout_INST_0_i_1_n_0
    SLICE_X30Y120        LUT5 (Prop_B6LUT_SLICEL_I0_O)
                                                      0.152     3.435 r  exact_adder/u2/cout_INST_0/O
                         net (fo=3, routed)           0.114     3.549    exact_adder/u3/cin
    SLICE_X29Y120        LUT5 (Prop_B6LUT_SLICEM_I2_O)
                                                      0.188     3.737 r  exact_adder/u3/cout_INST_0_i_1/O
                         net (fo=3, routed)           0.107     3.844    exact_adder/u3/cout_INST_0_i_1_n_0
    SLICE_X29Y121        LUT5 (Prop_B6LUT_SLICEM_I0_O)
                                                      0.082     3.926 r  exact_adder/u3/cout_INST_0/O
                         net (fo=3, routed)           0.278     4.204    exact_adder/u4/cin
    SLICE_X30Y121        LUT5 (Prop_B6LUT_SLICEL_I0_O)
                                                      0.138     4.342 r  exact_adder/u4/sum[1]_INST_0/O
                         net (fo=1, routed)           0.111     4.453    exact_sum[13]
    SLICE_X30Y121        LUT3 (Prop_D5LUT_SLICEL_I1_O)
                                                      0.187     4.640 r  acc[13]_i_1/O
                         net (fo=1, routed)           0.024     4.664    next_acc[13]
    SLICE_X30Y121        FDCE                                         r  acc_reg[13]/D
  -------------------------------------------------------------------    -------------------

Slack:                    inf
  Source:                 b[1]
                            (input port)
  Destination:            acc_reg[12]/D
  Path Group:             (none)
  Path Type:              Max at Slow Process Corner
  Data Path Delay:        4.656ns  (logic 3.332ns (71.558%)  route 1.324ns (28.442%))
  Logic Levels:           14  (DSP_A_B_DATA=1 DSP_ALU=1 DSP_M_DATA=1 DSP_MULTIPLIER=1 DSP_OUTPUT=1 DSP_PREADD_DATA=1 LUT3=3 LUT5=4 LUT6=1)

    Location             Delay type                Incr(ns)  Path(ns)    Netlist Resource(s)
  -------------------------------------------------------------------    -------------------
                                                      0.000     0.000 f  b[1] (IN)
                         net (fo=0)                   0.000     0.000    product/B[1]
    DSP48E2_X8Y48        DSP_A_B_DATA (Prop_DSP_A_B_DATA_DSP48E2_B[1]_B2_DATA[1])
                                                      0.216     0.216 r  product/DSP_A_B_DATA_INST/B2_DATA[1]
                         net (fo=1, routed)           0.000     0.216    product/DSP_A_B_DATA.B2_DATA<1>
    DSP48E2_X8Y48        DSP_PREADD_DATA (Prop_DSP_PREADD_DATA_DSP48E2_B2_DATA[1]_B2B1[1])
                                                      0.097     0.313 r  product/DSP_PREADD_DATA_INST/B2B1[1]
                         net (fo=1, routed)           0.000     0.313    product/DSP_PREADD_DATA.B2B1<1>
    DSP48E2_X8Y48        DSP_MULTIPLIER (Prop_DSP_MULTIPLIER_DSP48E2_B2B1[1]_U[1])
                                                      0.773     1.086 f  product/DSP_MULTIPLIER_INST/U[1]
                         net (fo=1, routed)           0.000     1.086    product/DSP_MULTIPLIER.U<1>
    DSP48E2_X8Y48        DSP_M_DATA (Prop_DSP_M_DATA_DSP48E2_U[1]_U_DATA[1])
                                                      0.067     1.153 r  product/DSP_M_DATA_INST/U_DATA[1]
                         net (fo=1, routed)           0.000     1.153    product/DSP_M_DATA.U_DATA<1>
    DSP48E2_X8Y48        DSP_ALU (Prop_DSP_ALU_DSP48E2_U_DATA[1]_ALU_OUT[1])
                                                      0.727     1.880 f  product/DSP_ALU_INST/ALU_OUT[1]
                         net (fo=1, routed)           0.000     1.880    product/DSP_ALU.ALU_OUT<1>
    DSP48E2_X8Y48        DSP_OUTPUT (Prop_DSP_OUTPUT_DSP48E2_ALU_OUT[1]_P[1])
                                                      0.146     2.026 r  product/DSP_OUTPUT_INST/P[1]
                         net (fo=4, routed)           0.267     2.293    exact_adder/u1/a[1]
    SLICE_X31Y119        LUT6 (Prop_H6LUT_SLICEM_I4_O)
                                                      0.228     2.521 r  exact_adder/u1/cout_INST_0_i_1/O
                         net (fo=2, routed)           0.073     2.594    exact_adder/u1/cout_INST_0_i_1_n_0
    SLICE_X31Y119        LUT3 (Prop_B5LUT_SLICEM_I2_O)
                                                      0.229     2.823 r  exact_adder/u1/cout_INST_0/O
                         net (fo=3, routed)           0.218     3.041    exact_adder/u2/cin
    SLICE_X30Y119        LUT5 (Prop_B6LUT_SLICEL_I2_O)
                                                      0.138     3.179 r  exact_adder/u2/cout_INST_0_i_1/O
                         net (fo=3, routed)           0.104     3.283    exact_adder/u2/cout_INST_0_i_1_n_0
    SLICE_X30Y120        LUT5 (Prop_B6LUT_SLICEL_I0_O)
                                                      0.152     3.435 r  exact_adder/u2/cout_INST_0/O
                         net (fo=3, routed)           0.114     3.549    exact_adder/u3/cin
    SLICE_X29Y120        LUT5 (Prop_B6LUT_SLICEM_I2_O)
                                                      0.188     3.737 r  exact_adder/u3/cout_INST_0_i_1/O
                         net (fo=3, routed)           0.107     3.844    exact_adder/u3/cout_INST_0_i_1_n_0
    SLICE_X29Y121        LUT5 (Prop_B6LUT_SLICEM_I0_O)
                                                      0.082     3.926 r  exact_adder/u3/cout_INST_0/O
                         net (fo=3, routed)           0.220     4.146    exact_adder/u4/cin
    SLICE_X30Y121        LUT3 (Prop_G6LUT_SLICEL_I0_O)
                                                      0.137     4.283 r  exact_adder/u4/sum[0]_INST_0/O
                         net (fo=1, routed)           0.154     4.437    exact_sum[12]
    SLICE_X30Y121        LUT3 (Prop_D6LUT_SLICEL_I1_O)
                                                      0.152     4.589 r  acc[12]_i_1/O
                         net (fo=1, routed)           0.067     4.656    next_acc[12]
    SLICE_X30Y121        FDCE                                         r  acc_reg[12]/D
  -------------------------------------------------------------------    -------------------

Slack:                    inf
  Source:                 b[1]
                            (input port)
  Destination:            acc_reg[11]/D
  Path Group:             (none)
  Path Type:              Max at Slow Process Corner
  Data Path Delay:        4.476ns  (logic 3.278ns (73.233%)  route 1.198ns (26.767%))
  Logic Levels:           13  (DSP_A_B_DATA=1 DSP_ALU=1 DSP_M_DATA=1 DSP_MULTIPLIER=1 DSP_OUTPUT=1 DSP_PREADD_DATA=1 LUT3=2 LUT5=4 LUT6=1)

    Location             Delay type                Incr(ns)  Path(ns)    Netlist Resource(s)
  -------------------------------------------------------------------    -------------------
                                                      0.000     0.000 f  b[1] (IN)
                         net (fo=0)                   0.000     0.000    product/B[1]
    DSP48E2_X8Y48        DSP_A_B_DATA (Prop_DSP_A_B_DATA_DSP48E2_B[1]_B2_DATA[1])
                                                      0.216     0.216 r  product/DSP_A_B_DATA_INST/B2_DATA[1]
                         net (fo=1, routed)           0.000     0.216    product/DSP_A_B_DATA.B2_DATA<1>
    DSP48E2_X8Y48        DSP_PREADD_DATA (Prop_DSP_PREADD_DATA_DSP48E2_B2_DATA[1]_B2B1[1])
                                                      0.097     0.313 r  product/DSP_PREADD_DATA_INST/B2B1[1]
                         net (fo=1, routed)           0.000     0.313    product/DSP_PREADD_DATA.B2B1<1>
    DSP48E2_X8Y48        DSP_MULTIPLIER (Prop_DSP_MULTIPLIER_DSP48E2_B2B1[1]_U[1])
                                                      0.773     1.086 f  product/DSP_MULTIPLIER_INST/U[1]
                         net (fo=1, routed)           0.000     1.086    product/DSP_MULTIPLIER.U<1>
    DSP48E2_X8Y48        DSP_M_DATA (Prop_DSP_M_DATA_DSP48E2_U[1]_U_DATA[1])
                                                      0.067     1.153 r  product/DSP_M_DATA_INST/U_DATA[1]
                         net (fo=1, routed)           0.000     1.153    product/DSP_M_DATA.U_DATA<1>
    DSP48E2_X8Y48        DSP_ALU (Prop_DSP_ALU_DSP48E2_U_DATA[1]_ALU_OUT[1])
                                                      0.727     1.880 f  product/DSP_ALU_INST/ALU_OUT[1]
                         net (fo=1, routed)           0.000     1.880    product/DSP_ALU.ALU_OUT<1>
    DSP48E2_X8Y48        DSP_OUTPUT (Prop_DSP_OUTPUT_DSP48E2_ALU_OUT[1]_P[1])
                                                      0.146     2.026 r  product/DSP_OUTPUT_INST/P[1]
                         net (fo=4, routed)           0.267     2.293    exact_adder/u1/a[1]
    SLICE_X31Y119        LUT6 (Prop_H6LUT_SLICEM_I4_O)
                                                      0.228     2.521 r  exact_adder/u1/cout_INST_0_i_1/O
                         net (fo=2, routed)           0.073     2.594    exact_adder/u1/cout_INST_0_i_1_n_0
    SLICE_X31Y119        LUT3 (Prop_B5LUT_SLICEM_I2_O)
                                                      0.229     2.823 r  exact_adder/u1/cout_INST_0/O
                         net (fo=3, routed)           0.218     3.041    exact_adder/u2/cin
    SLICE_X30Y119        LUT5 (Prop_B6LUT_SLICEL_I2_O)
                                                      0.138     3.179 r  exact_adder/u2/cout_INST_0_i_1/O
                         net (fo=3, routed)           0.104     3.283    exact_adder/u2/cout_INST_0_i_1_n_0
    SLICE_X30Y120        LUT5 (Prop_B6LUT_SLICEL_I0_O)
                                                      0.152     3.435 r  exact_adder/u2/cout_INST_0/O
                         net (fo=3, routed)           0.114     3.549    exact_adder/u3/cin
    SLICE_X29Y120        LUT5 (Prop_B6LUT_SLICEM_I2_O)
                                                      0.188     3.737 r  exact_adder/u3/cout_INST_0_i_1/O
                         net (fo=3, routed)           0.107     3.844    exact_adder/u3/cout_INST_0_i_1_n_0
    SLICE_X29Y121        LUT5 (Prop_B5LUT_SLICEM_I2_O)
                                                      0.097     3.941 r  exact_adder/u3/sum[3]_INST_0/O
                         net (fo=1, routed)           0.274     4.215    exact_sum[11]
    SLICE_X29Y121        LUT3 (Prop_D5LUT_SLICEM_I1_O)
                                                      0.220     4.435 r  acc[11]_i_1/O
                         net (fo=1, routed)           0.041     4.476    next_acc[11]
    SLICE_X29Y121        FDCE                                         r  acc_reg[11]/D
  -------------------------------------------------------------------    -------------------

Slack:                    inf
  Source:                 b[1]
                            (input port)
  Destination:            acc_reg[10]/D
  Path Group:             (none)
  Path Type:              Max at Slow Process Corner
  Data Path Delay:        4.369ns  (logic 3.232ns (73.974%)  route 1.137ns (26.026%))
  Logic Levels:           13  (DSP_A_B_DATA=1 DSP_ALU=1 DSP_M_DATA=1 DSP_MULTIPLIER=1 DSP_OUTPUT=1 DSP_PREADD_DATA=1 LUT3=3 LUT5=3 LUT6=1)

    Location             Delay type                Incr(ns)  Path(ns)    Netlist Resource(s)
  -------------------------------------------------------------------    -------------------
                                                      0.000     0.000 f  b[1] (IN)
                         net (fo=0)                   0.000     0.000    product/B[1]
    DSP48E2_X8Y48        DSP_A_B_DATA (Prop_DSP_A_B_DATA_DSP48E2_B[1]_B2_DATA[1])
                                                      0.216     0.216 r  product/DSP_A_B_DATA_INST/B2_DATA[1]
                         net (fo=1, routed)           0.000     0.216    product/DSP_A_B_DATA.B2_DATA<1>
    DSP48E2_X8Y48        DSP_PREADD_DATA (Prop_DSP_PREADD_DATA_DSP48E2_B2_DATA[1]_B2B1[1])
                                                      0.097     0.313 r  product/DSP_PREADD_DATA_INST/B2B1[1]
                         net (fo=1, routed)           0.000     0.313    product/DSP_PREADD_DATA.B2B1<1>
    DSP48E2_X8Y48        DSP_MULTIPLIER (Prop_DSP_MULTIPLIER_DSP48E2_B2B1[1]_U[1])
                                                      0.773     1.086 f  product/DSP_MULTIPLIER_INST/U[1]
                         net (fo=1, routed)           0.000     1.086    product/DSP_MULTIPLIER.U<1>
    DSP48E2_X8Y48        DSP_M_DATA (Prop_DSP_M_DATA_DSP48E2_U[1]_U_DATA[1])
                                                      0.067     1.153 r  product/DSP_M_DATA_INST/U_DATA[1]
                         net (fo=1, routed)           0.000     1.153    product/DSP_M_DATA.U_DATA<1>
    DSP48E2_X8Y48        DSP_ALU (Prop_DSP_ALU_DSP48E2_U_DATA[1]_ALU_OUT[1])
                                                      0.727     1.880 f  product/DSP_ALU_INST/ALU_OUT[1]
                         net (fo=1, routed)           0.000     1.880    product/DSP_ALU.ALU_OUT<1>
    DSP48E2_X8Y48        DSP_OUTPUT (Prop_DSP_OUTPUT_DSP48E2_ALU_OUT[1]_P[1])
                                                      0.146     2.026 r  product/DSP_OUTPUT_INST/P[1]
                         net (fo=4, routed)           0.267     2.293    exact_adder/u1/a[1]
    SLICE_X31Y119        LUT6 (Prop_H6LUT_SLICEM_I4_O)
                                                      0.228     2.521 r  exact_adder/u1/cout_INST_0_i_1/O
                         net (fo=2, routed)           0.073     2.594    exact_adder/u1/cout_INST_0_i_1_n_0
    SLICE_X31Y119        LUT3 (Prop_B5LUT_SLICEM_I2_O)
                                                      0.229     2.823 r  exact_adder/u1/cout_INST_0/O
                         net (fo=3, routed)           0.218     3.041    exact_adder/u2/cin
    SLICE_X30Y119        LUT5 (Prop_B6LUT_SLICEL_I2_O)
                                                      0.138     3.179 r  exact_adder/u2/cout_INST_0_i_1/O
                         net (fo=3, routed)           0.104     3.283    exact_adder/u2/cout_INST_0_i_1_n_0
    SLICE_X30Y120        LUT5 (Prop_B6LUT_SLICEL_I0_O)
                                                      0.152     3.435 r  exact_adder/u2/cout_INST_0/O
                         net (fo=3, routed)           0.114     3.549    exact_adder/u3/cin
    SLICE_X29Y120        LUT5 (Prop_B6LUT_SLICEM_I2_O)
                                                      0.188     3.737 r  exact_adder/u3/cout_INST_0_i_1/O
                         net (fo=3, routed)           0.160     3.897    exact_adder/u3/cout_INST_0_i_1_n_0
    SLICE_X29Y121        LUT3 (Prop_G6LUT_SLICEM_I0_O)
                                                      0.137     4.034 r  exact_adder/u3/sum[2]_INST_0/O
                         net (fo=1, routed)           0.105     4.139    exact_sum[10]
    SLICE_X29Y121        LUT3 (Prop_D6LUT_SLICEM_I1_O)
                                                      0.134     4.273 r  acc[10]_i_1/O
                         net (fo=1, routed)           0.096     4.369    next_acc[10]
    SLICE_X29Y121        FDCE                                         r  acc_reg[10]/D
  -------------------------------------------------------------------    -------------------

Slack:                    inf
  Source:                 b[1]
                            (input port)
  Destination:            acc_reg[9]/D
  Path Group:             (none)
  Path Type:              Max at Slow Process Corner
  Data Path Delay:        4.283ns  (logic 3.192ns (74.523%)  route 1.091ns (25.477%))
  Logic Levels:           12  (DSP_A_B_DATA=1 DSP_ALU=1 DSP_M_DATA=1 DSP_MULTIPLIER=1 DSP_OUTPUT=1 DSP_PREADD_DATA=1 LUT3=2 LUT5=3 LUT6=1)

    Location             Delay type                Incr(ns)  Path(ns)    Netlist Resource(s)
  -------------------------------------------------------------------    -------------------
                                                      0.000     0.000 f  b[1] (IN)
                         net (fo=0)                   0.000     0.000    product/B[1]
    DSP48E2_X8Y48        DSP_A_B_DATA (Prop_DSP_A_B_DATA_DSP48E2_B[1]_B2_DATA[1])
                                                      0.216     0.216 r  product/DSP_A_B_DATA_INST/B2_DATA[1]
                         net (fo=1, routed)           0.000     0.216    product/DSP_A_B_DATA.B2_DATA<1>
    DSP48E2_X8Y48        DSP_PREADD_DATA (Prop_DSP_PREADD_DATA_DSP48E2_B2_DATA[1]_B2B1[1])
                                                      0.097     0.313 r  product/DSP_PREADD_DATA_INST/B2B1[1]
                         net (fo=1, routed)           0.000     0.313    product/DSP_PREADD_DATA.B2B1<1>
    DSP48E2_X8Y48        DSP_MULTIPLIER (Prop_DSP_MULTIPLIER_DSP48E2_B2B1[1]_U[1])
                                                      0.773     1.086 f  product/DSP_MULTIPLIER_INST/U[1]
                         net (fo=1, routed)           0.000     1.086    product/DSP_MULTIPLIER.U<1>
    DSP48E2_X8Y48        DSP_M_DATA (Prop_DSP_M_DATA_DSP48E2_U[1]_U_DATA[1])
                                                      0.067     1.153 r  product/DSP_M_DATA_INST/U_DATA[1]
                         net (fo=1, routed)           0.000     1.153    product/DSP_M_DATA.U_DATA<1>
    DSP48E2_X8Y48        DSP_ALU (Prop_DSP_ALU_DSP48E2_U_DATA[1]_ALU_OUT[1])
                                                      0.727     1.880 f  product/DSP_ALU_INST/ALU_OUT[1]
                         net (fo=1, routed)           0.000     1.880    product/DSP_ALU.ALU_OUT<1>
    DSP48E2_X8Y48        DSP_OUTPUT (Prop_DSP_OUTPUT_DSP48E2_ALU_OUT[1]_P[1])
                                                      0.146     2.026 r  product/DSP_OUTPUT_INST/P[1]
                         net (fo=4, routed)           0.267     2.293    exact_adder/u1/a[1]
    SLICE_X31Y119        LUT6 (Prop_H6LUT_SLICEM_I4_O)
                                                      0.228     2.521 r  exact_adder/u1/cout_INST_0_i_1/O
                         net (fo=2, routed)           0.073     2.594    exact_adder/u1/cout_INST_0_i_1_n_0
    SLICE_X31Y119        LUT3 (Prop_B5LUT_SLICEM_I2_O)
                                                      0.229     2.823 r  exact_adder/u1/cout_INST_0/O
                         net (fo=3, routed)           0.218     3.041    exact_adder/u2/cin
    SLICE_X30Y119        LUT5 (Prop_B6LUT_SLICEL_I2_O)
                                                      0.138     3.179 r  exact_adder/u2/cout_INST_0_i_1/O
                         net (fo=3, routed)           0.104     3.283    exact_adder/u2/cout_INST_0_i_1_n_0
    SLICE_X30Y120        LUT5 (Prop_B6LUT_SLICEL_I0_O)
                                                      0.152     3.435 r  exact_adder/u2/cout_INST_0/O
                         net (fo=3, routed)           0.114     3.549    exact_adder/u3/cin
    SLICE_X29Y120        LUT5 (Prop_B5LUT_SLICEM_I0_O)
                                                      0.199     3.748 r  exact_adder/u3/sum[1]_INST_0/O
                         net (fo=1, routed)           0.274     4.022    exact_sum[9]
    SLICE_X29Y120        LUT3 (Prop_D5LUT_SLICEM_I1_O)
                                                      0.220     4.242 r  acc[9]_i_1/O
                         net (fo=1, routed)           0.041     4.283    next_acc[9]
    SLICE_X29Y120        FDCE                                         r  acc_reg[9]/D
  -------------------------------------------------------------------    -------------------

Slack:                    inf
  Source:                 b[1]
                            (input port)
  Destination:            acc_reg[8]/D
  Path Group:             (none)
  Path Type:              Max at Slow Process Corner
  Data Path Delay:        4.029ns  (logic 3.059ns (75.920%)  route 0.970ns (24.080%))
  Logic Levels:           12  (DSP_A_B_DATA=1 DSP_ALU=1 DSP_M_DATA=1 DSP_MULTIPLIER=1 DSP_OUTPUT=1 DSP_PREADD_DATA=1 LUT3=3 LUT5=2 LUT6=1)

    Location             Delay type                Incr(ns)  Path(ns)    Netlist Resource(s)
  -------------------------------------------------------------------    -------------------
                                                      0.000     0.000 f  b[1] (IN)
                         net (fo=0)                   0.000     0.000    product/B[1]
    DSP48E2_X8Y48        DSP_A_B_DATA (Prop_DSP_A_B_DATA_DSP48E2_B[1]_B2_DATA[1])
                                                      0.216     0.216 r  product/DSP_A_B_DATA_INST/B2_DATA[1]
                         net (fo=1, routed)           0.000     0.216    product/DSP_A_B_DATA.B2_DATA<1>
    DSP48E2_X8Y48        DSP_PREADD_DATA (Prop_DSP_PREADD_DATA_DSP48E2_B2_DATA[1]_B2B1[1])
                                                      0.097     0.313 r  product/DSP_PREADD_DATA_INST/B2B1[1]
                         net (fo=1, routed)           0.000     0.313    product/DSP_PREADD_DATA.B2B1<1>
    DSP48E2_X8Y48        DSP_MULTIPLIER (Prop_DSP_MULTIPLIER_DSP48E2_B2B1[1]_U[1])
                                                      0.773     1.086 f  product/DSP_MULTIPLIER_INST/U[1]
                         net (fo=1, routed)           0.000     1.086    product/DSP_MULTIPLIER.U<1>
    DSP48E2_X8Y48        DSP_M_DATA (Prop_DSP_M_DATA_DSP48E2_U[1]_U_DATA[1])
                                                      0.067     1.153 r  product/DSP_M_DATA_INST/U_DATA[1]
                         net (fo=1, routed)           0.000     1.153    product/DSP_M_DATA.U_DATA<1>
    DSP48E2_X8Y48        DSP_ALU (Prop_DSP_ALU_DSP48E2_U_DATA[1]_ALU_OUT[1])
                                                      0.727     1.880 f  product/DSP_ALU_INST/ALU_OUT[1]
                         net (fo=1, routed)           0.000     1.880    product/DSP_ALU.ALU_OUT<1>
    DSP48E2_X8Y48        DSP_OUTPUT (Prop_DSP_OUTPUT_DSP48E2_ALU_OUT[1]_P[1])
                                                      0.146     2.026 r  product/DSP_OUTPUT_INST/P[1]
                         net (fo=4, routed)           0.267     2.293    exact_adder/u1/a[1]
    SLICE_X31Y119        LUT6 (Prop_H6LUT_SLICEM_I4_O)
                                                      0.228     2.521 r  exact_adder/u1/cout_INST_0_i_1/O
                         net (fo=2, routed)           0.073     2.594    exact_adder/u1/cout_INST_0_i_1_n_0
    SLICE_X31Y119        LUT3 (Prop_B5LUT_SLICEM_I2_O)
                                                      0.229     2.823 r  exact_adder/u1/cout_INST_0/O
                         net (fo=3, routed)           0.218     3.041    exact_adder/u2/cin
    SLICE_X30Y119        LUT5 (Prop_B6LUT_SLICEL_I2_O)
                                                      0.138     3.179 r  exact_adder/u2/cout_INST_0_i_1/O
                         net (fo=3, routed)           0.104     3.283    exact_adder/u2/cout_INST_0_i_1_n_0
    SLICE_X30Y120        LUT5 (Prop_B6LUT_SLICEL_I0_O)
                                                      0.152     3.435 r  exact_adder/u2/cout_INST_0/O
                         net (fo=3, routed)           0.107     3.542    exact_adder/u3/cin
    SLICE_X29Y120        LUT3 (Prop_G6LUT_SLICEM_I0_O)
                                                      0.152     3.694 r  exact_adder/u3/sum[0]_INST_0/O
                         net (fo=1, routed)           0.105     3.799    exact_sum[8]
    SLICE_X29Y120        LUT3 (Prop_D6LUT_SLICEM_I1_O)
                                                      0.134     3.933 r  acc[8]_i_1/O
                         net (fo=1, routed)           0.096     4.029    next_acc[8]
    SLICE_X29Y120        FDCE                                         r  acc_reg[8]/D
  -------------------------------------------------------------------    -------------------

Slack:                    inf
  Source:                 b[1]
                            (input port)
  Destination:            acc_reg[6]/D
  Path Group:             (none)
  Path Type:              Max at Slow Process Corner
  Data Path Delay:        3.814ns  (logic 2.924ns (76.657%)  route 0.890ns (23.343%))
  Logic Levels:           11  (DSP_A_B_DATA=1 DSP_ALU=1 DSP_M_DATA=1 DSP_MULTIPLIER=1 DSP_OUTPUT=1 DSP_PREADD_DATA=1 LUT3=3 LUT5=1 LUT6=1)

    Location             Delay type                Incr(ns)  Path(ns)    Netlist Resource(s)
  -------------------------------------------------------------------    -------------------
                                                      0.000     0.000 f  b[1] (IN)
                         net (fo=0)                   0.000     0.000    product/B[1]
    DSP48E2_X8Y48        DSP_A_B_DATA (Prop_DSP_A_B_DATA_DSP48E2_B[1]_B2_DATA[1])
                                                      0.216     0.216 r  product/DSP_A_B_DATA_INST/B2_DATA[1]
                         net (fo=1, routed)           0.000     0.216    product/DSP_A_B_DATA.B2_DATA<1>
    DSP48E2_X8Y48        DSP_PREADD_DATA (Prop_DSP_PREADD_DATA_DSP48E2_B2_DATA[1]_B2B1[1])
                                                      0.097     0.313 r  product/DSP_PREADD_DATA_INST/B2B1[1]
                         net (fo=1, routed)           0.000     0.313    product/DSP_PREADD_DATA.B2B1<1>
    DSP48E2_X8Y48        DSP_MULTIPLIER (Prop_DSP_MULTIPLIER_DSP48E2_B2B1[1]_U[1])
                                                      0.773     1.086 f  product/DSP_MULTIPLIER_INST/U[1]
                         net (fo=1, routed)           0.000     1.086    product/DSP_MULTIPLIER.U<1>
    DSP48E2_X8Y48        DSP_M_DATA (Prop_DSP_M_DATA_DSP48E2_U[1]_U_DATA[1])
                                                      0.067     1.153 r  product/DSP_M_DATA_INST/U_DATA[1]
                         net (fo=1, routed)           0.000     1.153    product/DSP_M_DATA.U_DATA<1>
    DSP48E2_X8Y48        DSP_ALU (Prop_DSP_ALU_DSP48E2_U_DATA[1]_ALU_OUT[1])
                                                      0.727     1.880 f  product/DSP_ALU_INST/ALU_OUT[1]
                         net (fo=1, routed)           0.000     1.880    product/DSP_ALU.ALU_OUT<1>
    DSP48E2_X8Y48        DSP_OUTPUT (Prop_DSP_OUTPUT_DSP48E2_ALU_OUT[1]_P[1])
                                                      0.146     2.026 r  product/DSP_OUTPUT_INST/P[1]
                         net (fo=4, routed)           0.267     2.293    exact_adder/u1/a[1]
    SLICE_X31Y119        LUT6 (Prop_H6LUT_SLICEM_I4_O)
                                                      0.228     2.521 r  exact_adder/u1/cout_INST_0_i_1/O
                         net (fo=2, routed)           0.073     2.594    exact_adder/u1/cout_INST_0_i_1_n_0
    SLICE_X31Y119        LUT3 (Prop_B5LUT_SLICEM_I2_O)
                                                      0.229     2.823 r  exact_adder/u1/cout_INST_0/O
                         net (fo=3, routed)           0.218     3.041    exact_adder/u2/cin
    SLICE_X30Y119        LUT5 (Prop_B6LUT_SLICEL_I2_O)
                                                      0.138     3.179 r  exact_adder/u2/cout_INST_0_i_1/O
                         net (fo=3, routed)           0.106     3.285    exact_adder/u2/cout_INST_0_i_1_n_0
    SLICE_X30Y120        LUT3 (Prop_G6LUT_SLICEL_I0_O)
                                                      0.151     3.436 r  exact_adder/u2/sum[2]_INST_0/O
                         net (fo=1, routed)           0.159     3.595    exact_sum[6]
    SLICE_X30Y120        LUT3 (Prop_D6LUT_SLICEL_I1_O)
                                                      0.152     3.747 r  acc[6]_i_1/O
                         net (fo=1, routed)           0.067     3.814    next_acc[6]
    SLICE_X30Y120        FDCE                                         r  acc_reg[6]/D
  -------------------------------------------------------------------    -------------------

Slack:                    inf
  Source:                 b[1]
                            (input port)
  Destination:            acc_reg[7]/D
  Path Group:             (none)
  Path Type:              Max at Slow Process Corner
  Data Path Delay:        3.794ns  (logic 2.913ns (76.771%)  route 0.881ns (23.229%))
  Logic Levels:           11  (DSP_A_B_DATA=1 DSP_ALU=1 DSP_M_DATA=1 DSP_MULTIPLIER=1 DSP_OUTPUT=1 DSP_PREADD_DATA=1 LUT3=2 LUT5=2 LUT6=1)

    Location             Delay type                Incr(ns)  Path(ns)    Netlist Resource(s)
  -------------------------------------------------------------------    -------------------
                                                      0.000     0.000 f  b[1] (IN)
                         net (fo=0)                   0.000     0.000    product/B[1]
    DSP48E2_X8Y48        DSP_A_B_DATA (Prop_DSP_A_B_DATA_DSP48E2_B[1]_B2_DATA[1])
                                                      0.216     0.216 r  product/DSP_A_B_DATA_INST/B2_DATA[1]
                         net (fo=1, routed)           0.000     0.216    product/DSP_A_B_DATA.B2_DATA<1>
    DSP48E2_X8Y48        DSP_PREADD_DATA (Prop_DSP_PREADD_DATA_DSP48E2_B2_DATA[1]_B2B1[1])
                                                      0.097     0.313 r  product/DSP_PREADD_DATA_INST/B2B1[1]
                         net (fo=1, routed)           0.000     0.313    product/DSP_PREADD_DATA.B2B1<1>
    DSP48E2_X8Y48        DSP_MULTIPLIER (Prop_DSP_MULTIPLIER_DSP48E2_B2B1[1]_U[1])
                                                      0.773     1.086 f  product/DSP_MULTIPLIER_INST/U[1]
                         net (fo=1, routed)           0.000     1.086    product/DSP_MULTIPLIER.U<1>
    DSP48E2_X8Y48        DSP_M_DATA (Prop_DSP_M_DATA_DSP48E2_U[1]_U_DATA[1])
                                                      0.067     1.153 r  product/DSP_M_DATA_INST/U_DATA[1]
                         net (fo=1, routed)           0.000     1.153    product/DSP_M_DATA.U_DATA<1>
    DSP48E2_X8Y48        DSP_ALU (Prop_DSP_ALU_DSP48E2_U_DATA[1]_ALU_OUT[1])
                                                      0.727     1.880 f  product/DSP_ALU_INST/ALU_OUT[1]
                         net (fo=1, routed)           0.000     1.880    product/DSP_ALU.ALU_OUT<1>
    DSP48E2_X8Y48        DSP_OUTPUT (Prop_DSP_OUTPUT_DSP48E2_ALU_OUT[1]_P[1])
                                                      0.146     2.026 r  product/DSP_OUTPUT_INST/P[1]
                         net (fo=4, routed)           0.267     2.293    exact_adder/u1/a[1]
    SLICE_X31Y119        LUT6 (Prop_H6LUT_SLICEM_I4_O)
                                                      0.228     2.521 r  exact_adder/u1/cout_INST_0_i_1/O
                         net (fo=2, routed)           0.073     2.594    exact_adder/u1/cout_INST_0_i_1_n_0
    SLICE_X31Y119        LUT3 (Prop_B5LUT_SLICEM_I2_O)
                                                      0.229     2.823 r  exact_adder/u1/cout_INST_0/O
                         net (fo=3, routed)           0.218     3.041    exact_adder/u2/cin
    SLICE_X30Y119        LUT5 (Prop_B6LUT_SLICEL_I2_O)
                                                      0.138     3.179 r  exact_adder/u2/cout_INST_0_i_1/O
                         net (fo=3, routed)           0.104     3.283    exact_adder/u2/cout_INST_0_i_1_n_0
    SLICE_X30Y120        LUT5 (Prop_B5LUT_SLICEL_I2_O)
                                                      0.159     3.442 r  exact_adder/u2/sum[3]_INST_0/O
                         net (fo=1, routed)           0.195     3.637    exact_sum[7]
    SLICE_X30Y120        LUT3 (Prop_D5LUT_SLICEL_I1_O)
                                                      0.133     3.770 r  acc[7]_i_1/O
                         net (fo=1, routed)           0.024     3.794    next_acc[7]
    SLICE_X30Y120        FDCE                                         r  acc_reg[7]/D
  -------------------------------------------------------------------    -------------------





Min Delay Paths
--------------------------------------------------------------------------------------
Slack:                    inf
  Source:                 confidence
                            (input port)
  Destination:            acc_reg[1]/D
  Path Group:             (none)
  Path Type:              Min at Fast Process Corner
  Data Path Delay:        0.029ns  (logic 0.022ns (75.862%)  route 0.007ns (24.138%))
  Logic Levels:           1  (LUT3=1)

    Location             Delay type                Incr(ns)  Path(ns)    Netlist Resource(s)
  -------------------------------------------------------------------    -------------------
                                                      0.000     0.000 r  confidence (IN)
                         net (fo=15, unset)           0.000     0.000    confidence
    SLICE_X30Y119        LUT3 (Prop_H5LUT_SLICEL_I2_O)
                                                      0.022     0.022 r  acc[1]_i_1/O
                         net (fo=1, routed)           0.007     0.029    next_acc[1]
    SLICE_X30Y119        FDCE                                         r  acc_reg[1]/D
  -------------------------------------------------------------------    -------------------

Slack:                    inf
  Source:                 confidence
                            (input port)
  Destination:            acc_reg[13]/D
  Path Group:             (none)
  Path Type:              Min at Fast Process Corner
  Data Path Delay:        0.030ns  (logic 0.023ns (76.667%)  route 0.007ns (23.333%))
  Logic Levels:           1  (LUT3=1)

    Location             Delay type                Incr(ns)  Path(ns)    Netlist Resource(s)
  -------------------------------------------------------------------    -------------------
                                                      0.000     0.000 r  confidence (IN)
                         net (fo=15, unset)           0.000     0.000    confidence
    SLICE_X30Y121        LUT3 (Prop_D5LUT_SLICEL_I2_O)
                                                      0.023     0.023 r  acc[13]_i_1/O
                         net (fo=1, routed)           0.007     0.030    next_acc[13]
    SLICE_X30Y121        FDCE                                         r  acc_reg[13]/D
  -------------------------------------------------------------------    -------------------

Slack:                    inf
  Source:                 confidence
                            (input port)
  Destination:            acc_reg[5]/D
  Path Group:             (none)
  Path Type:              Min at Fast Process Corner
  Data Path Delay:        0.030ns  (logic 0.023ns (76.667%)  route 0.007ns (23.333%))
  Logic Levels:           1  (LUT3=1)

    Location             Delay type                Incr(ns)  Path(ns)    Netlist Resource(s)
  -------------------------------------------------------------------    -------------------
                                                      0.000     0.000 r  confidence (IN)
                         net (fo=15, unset)           0.000     0.000    confidence
    SLICE_X30Y119        LUT3 (Prop_D5LUT_SLICEL_I2_O)
                                                      0.023     0.023 r  acc[5]_i_1/O
                         net (fo=1, routed)           0.007     0.030    next_acc[5]
    SLICE_X30Y119        FDCE                                         r  acc_reg[5]/D
  -------------------------------------------------------------------    -------------------

Slack:                    inf
  Source:                 confidence
                            (input port)
  Destination:            acc_reg[7]/D
  Path Group:             (none)
  Path Type:              Min at Fast Process Corner
  Data Path Delay:        0.030ns  (logic 0.023ns (76.667%)  route 0.007ns (23.333%))
  Logic Levels:           1  (LUT3=1)

    Location             Delay type                Incr(ns)  Path(ns)    Netlist Resource(s)
  -------------------------------------------------------------------    -------------------
                                                      0.000     0.000 r  confidence (IN)
                         net (fo=15, unset)           0.000     0.000    confidence
    SLICE_X30Y120        LUT3 (Prop_D5LUT_SLICEL_I2_O)
                                                      0.023     0.023 r  acc[7]_i_1/O
                         net (fo=1, routed)           0.007     0.030    next_acc[7]
    SLICE_X30Y120        FDCE                                         r  acc_reg[7]/D
  -------------------------------------------------------------------    -------------------

Slack:                    inf
  Source:                 confidence
                            (input port)
  Destination:            acc_reg[11]/D
  Path Group:             (none)
  Path Type:              Min at Fast Process Corner
  Data Path Delay:        0.037ns  (logic 0.027ns (72.973%)  route 0.010ns (27.027%))
  Logic Levels:           1  (LUT3=1)

    Location             Delay type                Incr(ns)  Path(ns)    Netlist Resource(s)
  -------------------------------------------------------------------    -------------------
                                                      0.000     0.000 r  confidence (IN)
                         net (fo=15, unset)           0.000     0.000    confidence
    SLICE_X29Y121        LUT3 (Prop_D5LUT_SLICEM_I2_O)
                                                      0.027     0.027 r  acc[11]_i_1/O
                         net (fo=1, routed)           0.010     0.037    next_acc[11]
    SLICE_X29Y121        FDCE                                         r  acc_reg[11]/D
  -------------------------------------------------------------------    -------------------

Slack:                    inf
  Source:                 confidence
                            (input port)
  Destination:            acc_reg[15]/D
  Path Group:             (none)
  Path Type:              Min at Fast Process Corner
  Data Path Delay:        0.037ns  (logic 0.027ns (72.973%)  route 0.010ns (27.027%))
  Logic Levels:           1  (LUT3=1)

    Location             Delay type                Incr(ns)  Path(ns)    Netlist Resource(s)
  -------------------------------------------------------------------    -------------------
                                                      0.000     0.000 r  confidence (IN)
                         net (fo=15, unset)           0.000     0.000    confidence
    SLICE_X31Y121        LUT3 (Prop_D5LUT_SLICEM_I2_O)
                                                      0.027     0.027 r  acc[15]_i_1/O
                         net (fo=1, routed)           0.010     0.037    next_acc[15]
    SLICE_X31Y121        FDCE                                         r  acc_reg[15]/D
  -------------------------------------------------------------------    -------------------

Slack:                    inf
  Source:                 confidence
                            (input port)
  Destination:            acc_reg[3]/D
  Path Group:             (none)
  Path Type:              Min at Fast Process Corner
  Data Path Delay:        0.037ns  (logic 0.027ns (72.973%)  route 0.010ns (27.027%))
  Logic Levels:           1  (LUT3=1)

    Location             Delay type                Incr(ns)  Path(ns)    Netlist Resource(s)
  -------------------------------------------------------------------    -------------------
                                                      0.000     0.000 r  confidence (IN)
                         net (fo=15, unset)           0.000     0.000    confidence
    SLICE_X31Y119        LUT3 (Prop_D5LUT_SLICEM_I2_O)
                                                      0.027     0.027 r  acc[3]_i_1/O
                         net (fo=1, routed)           0.010     0.037    next_acc[3]
    SLICE_X31Y119        FDCE                                         r  acc_reg[3]/D
  -------------------------------------------------------------------    -------------------

Slack:                    inf
  Source:                 confidence
                            (input port)
  Destination:            acc_reg[9]/D
  Path Group:             (none)
  Path Type:              Min at Fast Process Corner
  Data Path Delay:        0.037ns  (logic 0.027ns (72.973%)  route 0.010ns (27.027%))
  Logic Levels:           1  (LUT3=1)

    Location             Delay type                Incr(ns)  Path(ns)    Netlist Resource(s)
  -------------------------------------------------------------------    -------------------
                                                      0.000     0.000 r  confidence (IN)
                         net (fo=15, unset)           0.000     0.000    confidence
    SLICE_X29Y120        LUT3 (Prop_D5LUT_SLICEM_I2_O)
                                                      0.027     0.027 r  acc[9]_i_1/O
                         net (fo=1, routed)           0.010     0.037    next_acc[9]
    SLICE_X29Y120        FDCE                                         r  acc_reg[9]/D
  -------------------------------------------------------------------    -------------------

Slack:                    inf
  Source:                 confidence
                            (input port)
  Destination:            acc_reg[12]/D
  Path Group:             (none)
  Path Type:              Min at Fast Process Corner
  Data Path Delay:        0.055ns  (logic 0.037ns (67.273%)  route 0.018ns (32.727%))
  Logic Levels:           1  (LUT3=1)

    Location             Delay type                Incr(ns)  Path(ns)    Netlist Resource(s)
  -------------------------------------------------------------------    -------------------
                                                      0.000     0.000 r  confidence (IN)
                         net (fo=15, unset)           0.000     0.000    confidence
    SLICE_X30Y121        LUT3 (Prop_D6LUT_SLICEL_I2_O)
                                                      0.037     0.037 r  acc[12]_i_1/O
                         net (fo=1, routed)           0.018     0.055    next_acc[12]
    SLICE_X30Y121        FDCE                                         r  acc_reg[12]/D
  -------------------------------------------------------------------    -------------------

Slack:                    inf
  Source:                 confidence
                            (input port)
  Destination:            acc_reg[4]/D
  Path Group:             (none)
  Path Type:              Min at Fast Process Corner
  Data Path Delay:        0.055ns  (logic 0.037ns (67.273%)  route 0.018ns (32.727%))
  Logic Levels:           1  (LUT3=1)

    Location             Delay type                Incr(ns)  Path(ns)    Netlist Resource(s)
  -------------------------------------------------------------------    -------------------
                                                      0.000     0.000 r  confidence (IN)
                         net (fo=15, unset)           0.000     0.000    confidence
    SLICE_X30Y119        LUT3 (Prop_D6LUT_SLICEL_I2_O)
                                                      0.037     0.037 r  acc[4]_i_1/O
                         net (fo=1, routed)           0.018     0.055    next_acc[4]
    SLICE_X30Y119        FDCE                                         r  acc_reg[4]/D
  -------------------------------------------------------------------    -------------------





