Copyright 1986-2022 Xilinx, Inc. All Rights Reserved. Copyright 2022-2025 Advanced Micro Devices, Inc. All Rights Reserved.
------------------------------------------------------------------------------------------------------------------------------------------------------------------------------------------------------------------------------------------------------
| Tool Version : Vivado v.2025.2 (win64) Build 6299465 Fri Nov 14 19:35:11 GMT 2025
| Date         : Sat Apr 11 02:17:21 2026
| Host         : Goblet-of-File running 64-bit major release  (build 9200)
| Command      : report_timing_summary -max_paths 10 -routable_nets -report_unconstrained -file multiplier_seq_timing_summary_routed.rpt -pb multiplier_seq_timing_summary_routed.pb -rpx multiplier_seq_timing_summary_routed.rpx -warn_on_violation
| Design       : multiplier_seq
| Device       : 7k70t-fbv676
| Speed File   : -1  PRODUCTION 1.12 2017-02-17
| Design State : Routed
------------------------------------------------------------------------------------------------------------------------------------------------------------------------------------------------------------------------------------------------------

Timing Summary Report

------------------------------------------------------------------------------------------------
| Timer Settings
| --------------
------------------------------------------------------------------------------------------------

  Enable Multi Corner Analysis               :  Yes
  Enable Pessimism Removal                   :  Yes
  Pessimism Removal Resolution               :  Nearest Common Node
  Enable Input Delay Default Clock           :  No
  Enable Preset / Clear Arcs                 :  No
  Disable Flight Delays                      :  No
  Ignore I/O Paths                           :  No
  Timing Early Launch at Borrowing Latches   :  No
  Borrow Time for Max Delay Exceptions       :  Yes
  Merge Timing Exceptions                    :  Yes
  Inter-SLR Compensation                     :  Conservative

  Corner  Analyze    Analyze    
  Name    Max Paths  Min Paths  
  ------  ---------  ---------  
  Slow    Yes        Yes        
  Fast    Yes        Yes        


------------------------------------------------------------------------------------------------
| Report Methodology
| ------------------
------------------------------------------------------------------------------------------------

Rule       Severity          Description                  Violations  
---------  ----------------  ---------------------------  ----------  
TIMING-17  Critical Warning  Non-clocked sequential cell  112         

Note: This report is based on the most recent report_methodology run and may not be up-to-date. Run report_methodology on the current design for the latest report.



check_timing report

Table of Contents
-----------------
1. checking no_clock (112)
2. checking constant_clock (0)
3. checking pulse_width_clock (0)
4. checking unconstrained_internal_endpoints (336)
5. checking no_input_delay (34)
6. checking no_output_delay (32)
7. checking multiple_clock (0)
8. checking generated_clocks (0)
9. checking loops (0)
10. checking partial_input_delay (0)
11. checking partial_output_delay (0)
12. checking latch_loops (0)

1. checking no_clock (112)
--------------------------
 There are 112 register/latch pins with no clock driven by root clock pin: clk (HIGH)


2. checking constant_clock (0)
------------------------------
 There are 0 register/latch pins with constant_clock.


3. checking pulse_width_clock (0)
---------------------------------
 There are 0 register/latch pins which need pulse_width check


4. checking unconstrained_internal_endpoints (336)
--------------------------------------------------
 There are 336 pins that are not constrained for maximum delay. (HIGH)

 There are 0 pins that are not constrained for maximum delay due to constant clock.


5. checking no_input_delay (34)
-------------------------------
 There are 34 input ports with no input delay specified. (HIGH)

 There are 0 input ports with no input delay but user has a false path constraint.


6. checking no_output_delay (32)
--------------------------------
 There are 32 ports with no output delay specified. (HIGH)

 There are 0 ports with no output delay but user has a false path constraint

 There are 0 ports with no output delay but with a timing clock defined on it or propagating through it


7. checking multiple_clock (0)
------------------------------
 There are 0 register/latch pins with multiple clocks.


8. checking generated_clocks (0)
--------------------------------
 There are 0 generated clocks that are not connected to a clock source.


9. checking loops (0)
---------------------
 There are 0 combinational loops in the design.


10. checking partial_input_delay (0)
------------------------------------
 There are 0 input ports with partial input delay specified.


11. checking partial_output_delay (0)
-------------------------------------
 There are 0 ports with partial output delay specified.


12. checking latch_loops (0)
----------------------------
 There are 0 combinational latch loops in the design through latch input



------------------------------------------------------------------------------------------------
| Design Timing Summary
| ---------------------
------------------------------------------------------------------------------------------------

    WNS(ns)      TNS(ns)  TNS Failing Endpoints  TNS Total Endpoints      WHS(ns)      THS(ns)  THS Failing Endpoints  THS Total Endpoints     WPWS(ns)     TPWS(ns)  TPWS Failing Endpoints  TPWS Total Endpoints  
    -------      -------  ---------------------  -------------------      -------      -------  ---------------------  -------------------     --------     --------  ----------------------  --------------------  
        inf        0.000                      0                  368          inf        0.000                      0                  368           NA           NA                      NA                    NA  


There are no user specified timing constraints.


------------------------------------------------------------------------------------------------
| Clock Summary
| -------------
------------------------------------------------------------------------------------------------


------------------------------------------------------------------------------------------------
| Intra Clock Table
| -----------------
------------------------------------------------------------------------------------------------

Clock             WNS(ns)      TNS(ns)  TNS Failing Endpoints  TNS Total Endpoints      WHS(ns)      THS(ns)  THS Failing Endpoints  THS Total Endpoints     WPWS(ns)     TPWS(ns)  TPWS Failing Endpoints  TPWS Total Endpoints  
-----             -------      -------  ---------------------  -------------------      -------      -------  ---------------------  -------------------     --------     --------  ----------------------  --------------------  


------------------------------------------------------------------------------------------------
| Inter Clock Table
| -----------------
------------------------------------------------------------------------------------------------

From Clock    To Clock          WNS(ns)      TNS(ns)  TNS Failing Endpoints  TNS Total Endpoints      WHS(ns)      THS(ns)  THS Failing Endpoints  THS Total Endpoints  
----------    --------          -------      -------  ---------------------  -------------------      -------      -------  ---------------------  -------------------  


------------------------------------------------------------------------------------------------
| Other Path Groups Table
| -----------------------
------------------------------------------------------------------------------------------------

Path Group    From Clock    To Clock          WNS(ns)      TNS(ns)  TNS Failing Endpoints  TNS Total Endpoints      WHS(ns)      THS(ns)  THS Failing Endpoints  THS Total Endpoints  
----------    ----------    --------          -------      -------  ---------------------  -------------------      -------      -------  ---------------------  -------------------  


------------------------------------------------------------------------------------------------
| User Ignored Path Table
| -----------------------
------------------------------------------------------------------------------------------------

Path Group    From Clock    To Clock    
----------    ----------    --------    


------------------------------------------------------------------------------------------------
| Unconstrained Path Table
| ------------------------
------------------------------------------------------------------------------------------------

Path Group    From Clock    To Clock    
----------    ----------    --------    
(none)                                    


------------------------------------------------------------------------------------------------
| Timing Details
| --------------
------------------------------------------------------------------------------------------------


--------------------------------------------------------------------------------------
Path Group:  (none)
From Clock:  
  To Clock:  

Max Delay           368 Endpoints
Min Delay           368 Endpoints
--------------------------------------------------------------------------------------


Max Delay Paths
--------------------------------------------------------------------------------------
Slack:                    inf
  Source:                 reg_X_reg[2]/C
                            (rising edge-triggered cell FDCE)
  Destination:            reg_B_reg[0]/CE
  Path Group:             (none)
  Path Type:              Max at Slow Process Corner
  Data Path Delay:        2.459ns  (logic 0.375ns (15.251%)  route 2.084ns (84.749%))
  Logic Levels:           3  (FDCE=1 LUT4=1 LUT5=1)

    Location             Delay type                Incr(ns)  Path(ns)    Netlist Resource(s)
  -------------------------------------------------------------------    -------------------
    SLICE_X4Y101         FDCE                         0.000     0.000 r  reg_X_reg[2]/C
    SLICE_X4Y101         FDCE (Prop_fdce_C_Q)         0.269     0.269 r  reg_X_reg[2]/Q
                         net (fo=2, routed)           0.617     0.886    reg_X_reg_n_0_[2]
    SLICE_X4Y101         LUT4 (Prop_lut4_I3_O)        0.053     0.939 r  product[31]_i_5/O
                         net (fo=3, routed)           0.834     1.774    product[31]_i_5_n_0
    SLICE_X3Y102         LUT5 (Prop_lut5_I0_O)        0.053     1.827 r  reg_X[15]_i_1/O
                         net (fo=48, routed)          0.632     2.459    reg_X[0]
    SLICE_X3Y97          FDCE                                         r  reg_B_reg[0]/CE
  -------------------------------------------------------------------    -------------------

Slack:                    inf
  Source:                 reg_X_reg[2]/C
                            (rising edge-triggered cell FDCE)
  Destination:            reg_B_reg[1]/CE
  Path Group:             (none)
  Path Type:              Max at Slow Process Corner
  Data Path Delay:        2.459ns  (logic 0.375ns (15.251%)  route 2.084ns (84.749%))
  Logic Levels:           3  (FDCE=1 LUT4=1 LUT5=1)

    Location             Delay type                Incr(ns)  Path(ns)    Netlist Resource(s)
  -------------------------------------------------------------------    -------------------
    SLICE_X4Y101         FDCE                         0.000     0.000 r  reg_X_reg[2]/C
    SLICE_X4Y101         FDCE (Prop_fdce_C_Q)         0.269     0.269 r  reg_X_reg[2]/Q
                         net (fo=2, routed)           0.617     0.886    reg_X_reg_n_0_[2]
    SLICE_X4Y101         LUT4 (Prop_lut4_I3_O)        0.053     0.939 r  product[31]_i_5/O
                         net (fo=3, routed)           0.834     1.774    product[31]_i_5_n_0
    SLICE_X3Y102         LUT5 (Prop_lut5_I0_O)        0.053     1.827 r  reg_X[15]_i_1/O
                         net (fo=48, routed)          0.632     2.459    reg_X[0]
    SLICE_X3Y97          FDCE                                         r  reg_B_reg[1]/CE
  -------------------------------------------------------------------    -------------------

Slack:                    inf
  Source:                 reg_X_reg[2]/C
                            (rising edge-triggered cell FDCE)
  Destination:            reg_B_reg[2]/CE
  Path Group:             (none)
  Path Type:              Max at Slow Process Corner
  Data Path Delay:        2.459ns  (logic 0.375ns (15.251%)  route 2.084ns (84.749%))
  Logic Levels:           3  (FDCE=1 LUT4=1 LUT5=1)

    Location             Delay type                Incr(ns)  Path(ns)    Netlist Resource(s)
  -------------------------------------------------------------------    -------------------
    SLICE_X4Y101         FDCE                         0.000     0.000 r  reg_X_reg[2]/C
    SLICE_X4Y101         FDCE (Prop_fdce_C_Q)         0.269     0.269 r  reg_X_reg[2]/Q
                         net (fo=2, routed)           0.617     0.886    reg_X_reg_n_0_[2]
    SLICE_X4Y101         LUT4 (Prop_lut4_I3_O)        0.053     0.939 r  product[31]_i_5/O
                         net (fo=3, routed)           0.834     1.774    product[31]_i_5_n_0
    SLICE_X3Y102         LUT5 (Prop_lut5_I0_O)        0.053     1.827 r  reg_X[15]_i_1/O
                         net (fo=48, routed)          0.632     2.459    reg_X[0]
    SLICE_X3Y97          FDCE                                         r  reg_B_reg[2]/CE
  -------------------------------------------------------------------    -------------------

Slack:                    inf
  Source:                 reg_X_reg[2]/C
                            (rising edge-triggered cell FDCE)
  Destination:            reg_B_reg[3]/CE
  Path Group:             (none)
  Path Type:              Max at Slow Process Corner
  Data Path Delay:        2.459ns  (logic 0.375ns (15.251%)  route 2.084ns (84.749%))
  Logic Levels:           3  (FDCE=1 LUT4=1 LUT5=1)

    Location             Delay type                Incr(ns)  Path(ns)    Netlist Resource(s)
  -------------------------------------------------------------------    -------------------
    SLICE_X4Y101         FDCE                         0.000     0.000 r  reg_X_reg[2]/C
    SLICE_X4Y101         FDCE (Prop_fdce_C_Q)         0.269     0.269 r  reg_X_reg[2]/Q
                         net (fo=2, routed)           0.617     0.886    reg_X_reg_n_0_[2]
    SLICE_X4Y101         LUT4 (Prop_lut4_I3_O)        0.053     0.939 r  product[31]_i_5/O
                         net (fo=3, routed)           0.834     1.774    product[31]_i_5_n_0
    SLICE_X3Y102         LUT5 (Prop_lut5_I0_O)        0.053     1.827 r  reg_X[15]_i_1/O
                         net (fo=48, routed)          0.632     2.459    reg_X[0]
    SLICE_X3Y97          FDCE                                         r  reg_B_reg[3]/CE
  -------------------------------------------------------------------    -------------------

Slack:                    inf
  Source:                 reg_X_reg[7]/C
                            (rising edge-triggered cell FDCE)
  Destination:            reg_A_reg[10]/CE
  Path Group:             (none)
  Path Type:              Max at Slow Process Corner
  Data Path Delay:        2.410ns  (logic 0.454ns (18.838%)  route 1.956ns (81.162%))
  Logic Levels:           3  (FDCE=1 LUT4=1 LUT6=1)

    Location             Delay type                Incr(ns)  Path(ns)    Netlist Resource(s)
  -------------------------------------------------------------------    -------------------
    SLICE_X4Y101         FDCE                         0.000     0.000 r  reg_X_reg[7]/C
    SLICE_X4Y101         FDCE (Prop_fdce_C_Q)         0.246     0.246 r  reg_X_reg[7]/Q
                         net (fo=2, routed)           0.582     0.828    reg_X_reg_n_0_[7]
    SLICE_X3Y101         LUT4 (Prop_lut4_I0_O)        0.155     0.983 f  product[31]_i_4/O
                         net (fo=3, routed)           0.708     1.691    product[31]_i_4_n_0
    SLICE_X3Y102         LUT6 (Prop_lut6_I2_O)        0.053     1.744 r  reg_A[0]_i_1/O
                         net (fo=32, routed)          0.666     2.410    reg_A[0]_i_1_n_0
    SLICE_X2Y99          FDCE                                         r  reg_A_reg[10]/CE
  -------------------------------------------------------------------    -------------------

Slack:                    inf
  Source:                 reg_X_reg[7]/C
                            (rising edge-triggered cell FDCE)
  Destination:            reg_A_reg[11]/CE
  Path Group:             (none)
  Path Type:              Max at Slow Process Corner
  Data Path Delay:        2.410ns  (logic 0.454ns (18.838%)  route 1.956ns (81.162%))
  Logic Levels:           3  (FDCE=1 LUT4=1 LUT6=1)

    Location             Delay type                Incr(ns)  Path(ns)    Netlist Resource(s)
  -------------------------------------------------------------------    -------------------
    SLICE_X4Y101         FDCE                         0.000     0.000 r  reg_X_reg[7]/C
    SLICE_X4Y101         FDCE (Prop_fdce_C_Q)         0.246     0.246 r  reg_X_reg[7]/Q
                         net (fo=2, routed)           0.582     0.828    reg_X_reg_n_0_[7]
    SLICE_X3Y101         LUT4 (Prop_lut4_I0_O)        0.155     0.983 f  product[31]_i_4/O
                         net (fo=3, routed)           0.708     1.691    product[31]_i_4_n_0
    SLICE_X3Y102         LUT6 (Prop_lut6_I2_O)        0.053     1.744 r  reg_A[0]_i_1/O
                         net (fo=32, routed)          0.666     2.410    reg_A[0]_i_1_n_0
    SLICE_X2Y99          FDCE                                         r  reg_A_reg[11]/CE
  -------------------------------------------------------------------    -------------------

Slack:                    inf
  Source:                 reg_X_reg[7]/C
                            (rising edge-triggered cell FDCE)
  Destination:            reg_A_reg[8]/CE
  Path Group:             (none)
  Path Type:              Max at Slow Process Corner
  Data Path Delay:        2.410ns  (logic 0.454ns (18.838%)  route 1.956ns (81.162%))
  Logic Levels:           3  (FDCE=1 LUT4=1 LUT6=1)

    Location             Delay type                Incr(ns)  Path(ns)    Netlist Resource(s)
  -------------------------------------------------------------------    -------------------
    SLICE_X4Y101         FDCE                         0.000     0.000 r  reg_X_reg[7]/C
    SLICE_X4Y101         FDCE (Prop_fdce_C_Q)         0.246     0.246 r  reg_X_reg[7]/Q
                         net (fo=2, routed)           0.582     0.828    reg_X_reg_n_0_[7]
    SLICE_X3Y101         LUT4 (Prop_lut4_I0_O)        0.155     0.983 f  product[31]_i_4/O
                         net (fo=3, routed)           0.708     1.691    product[31]_i_4_n_0
    SLICE_X3Y102         LUT6 (Prop_lut6_I2_O)        0.053     1.744 r  reg_A[0]_i_1/O
                         net (fo=32, routed)          0.666     2.410    reg_A[0]_i_1_n_0
    SLICE_X2Y99          FDCE                                         r  reg_A_reg[8]/CE
  -------------------------------------------------------------------    -------------------

Slack:                    inf
  Source:                 reg_X_reg[7]/C
                            (rising edge-triggered cell FDCE)
  Destination:            reg_A_reg[9]/CE
  Path Group:             (none)
  Path Type:              Max at Slow Process Corner
  Data Path Delay:        2.410ns  (logic 0.454ns (18.838%)  route 1.956ns (81.162%))
  Logic Levels:           3  (FDCE=1 LUT4=1 LUT6=1)

    Location             Delay type                Incr(ns)  Path(ns)    Netlist Resource(s)
  -------------------------------------------------------------------    -------------------
    SLICE_X4Y101         FDCE                         0.000     0.000 r  reg_X_reg[7]/C
    SLICE_X4Y101         FDCE (Prop_fdce_C_Q)         0.246     0.246 r  reg_X_reg[7]/Q
                         net (fo=2, routed)           0.582     0.828    reg_X_reg_n_0_[7]
    SLICE_X3Y101         LUT4 (Prop_lut4_I0_O)        0.155     0.983 f  product[31]_i_4/O
                         net (fo=3, routed)           0.708     1.691    product[31]_i_4_n_0
    SLICE_X3Y102         LUT6 (Prop_lut6_I2_O)        0.053     1.744 r  reg_A[0]_i_1/O
                         net (fo=32, routed)          0.666     2.410    reg_A[0]_i_1_n_0
    SLICE_X2Y99          FDCE                                         r  reg_A_reg[9]/CE
  -------------------------------------------------------------------    -------------------

Slack:                    inf
  Source:                 reg_X_reg[7]/C
                            (rising edge-triggered cell FDCE)
  Destination:            reg_A_reg[0]/CE
  Path Group:             (none)
  Path Type:              Max at Slow Process Corner
  Data Path Delay:        2.400ns  (logic 0.454ns (18.917%)  route 1.946ns (81.083%))
  Logic Levels:           3  (FDCE=1 LUT4=1 LUT6=1)

    Location             Delay type                Incr(ns)  Path(ns)    Netlist Resource(s)
  -------------------------------------------------------------------    -------------------
    SLICE_X4Y101         FDCE                         0.000     0.000 r  reg_X_reg[7]/C
    SLICE_X4Y101         FDCE (Prop_fdce_C_Q)         0.246     0.246 r  reg_X_reg[7]/Q
                         net (fo=2, routed)           0.582     0.828    reg_X_reg_n_0_[7]
    SLICE_X3Y101         LUT4 (Prop_lut4_I0_O)        0.155     0.983 f  product[31]_i_4/O
                         net (fo=3, routed)           0.708     1.691    product[31]_i_4_n_0
    SLICE_X3Y102         LUT6 (Prop_lut6_I2_O)        0.053     1.744 r  reg_A[0]_i_1/O
                         net (fo=32, routed)          0.656     2.400    reg_A[0]_i_1_n_0
    SLICE_X2Y97          FDCE                                         r  reg_A_reg[0]/CE
  -------------------------------------------------------------------    -------------------

Slack:                    inf
  Source:                 reg_X_reg[7]/C
                            (rising edge-triggered cell FDCE)
  Destination:            reg_A_reg[1]/CE
  Path Group:             (none)
  Path Type:              Max at Slow Process Corner
  Data Path Delay:        2.400ns  (logic 0.454ns (18.917%)  route 1.946ns (81.083%))
  Logic Levels:           3  (FDCE=1 LUT4=1 LUT6=1)

    Location             Delay type                Incr(ns)  Path(ns)    Netlist Resource(s)
  -------------------------------------------------------------------    -------------------
    SLICE_X4Y101         FDCE                         0.000     0.000 r  reg_X_reg[7]/C
    SLICE_X4Y101         FDCE (Prop_fdce_C_Q)         0.246     0.246 r  reg_X_reg[7]/Q
                         net (fo=2, routed)           0.582     0.828    reg_X_reg_n_0_[7]
    SLICE_X3Y101         LUT4 (Prop_lut4_I0_O)        0.155     0.983 f  product[31]_i_4/O
                         net (fo=3, routed)           0.708     1.691    product[31]_i_4_n_0
    SLICE_X3Y102         LUT6 (Prop_lut6_I2_O)        0.053     1.744 r  reg_A[0]_i_1/O
                         net (fo=32, routed)          0.656     2.400    reg_A[0]_i_1_n_0
    SLICE_X2Y97          FDCE                                         r  reg_A_reg[1]/CE
  -------------------------------------------------------------------    -------------------





Min Delay Paths
--------------------------------------------------------------------------------------
Slack:                    inf
  Source:                 reg_A_reg[13]/C
                            (rising edge-triggered cell FDCE)
  Destination:            product_reg[13]/D
  Path Group:             (none)
  Path Type:              Min at Fast Process Corner
  Data Path Delay:        0.182ns  (logic 0.118ns (64.991%)  route 0.064ns (35.009%))
  Logic Levels:           1  (FDCE=1)

    Location             Delay type                Incr(ns)  Path(ns)    Netlist Resource(s)
  -------------------------------------------------------------------    -------------------
    SLICE_X2Y100         FDCE                         0.000     0.000 r  reg_A_reg[13]/C
    SLICE_X2Y100         FDCE (Prop_fdce_C_Q)         0.118     0.118 r  reg_A_reg[13]/Q
                         net (fo=2, routed)           0.064     0.182    reg_A_reg[13]
    SLICE_X3Y100         FDCE                                         r  product_reg[13]/D
  -------------------------------------------------------------------    -------------------

Slack:                    inf
  Source:                 reg_A_reg[26]/C
                            (rising edge-triggered cell FDCE)
  Destination:            product_reg[26]/D
  Path Group:             (none)
  Path Type:              Min at Fast Process Corner
  Data Path Delay:        0.224ns  (logic 0.118ns (52.651%)  route 0.106ns (47.349%))
  Logic Levels:           1  (FDCE=1)

    Location             Delay type                Incr(ns)  Path(ns)    Netlist Resource(s)
  -------------------------------------------------------------------    -------------------
    SLICE_X2Y103         FDCE                         0.000     0.000 r  reg_A_reg[26]/C
    SLICE_X2Y103         FDCE (Prop_fdce_C_Q)         0.118     0.118 r  reg_A_reg[26]/Q
                         net (fo=2, routed)           0.106     0.224    reg_A_reg[26]
    SLICE_X3Y104         FDCE                                         r  product_reg[26]/D
  -------------------------------------------------------------------    -------------------

Slack:                    inf
  Source:                 reg_A_reg[2]/C
                            (rising edge-triggered cell FDCE)
  Destination:            product_reg[2]/D
  Path Group:             (none)
  Path Type:              Min at Fast Process Corner
  Data Path Delay:        0.224ns  (logic 0.118ns (52.651%)  route 0.106ns (47.349%))
  Logic Levels:           1  (FDCE=1)

    Location             Delay type                Incr(ns)  Path(ns)    Netlist Resource(s)
  -------------------------------------------------------------------    -------------------
    SLICE_X2Y97          FDCE                         0.000     0.000 r  reg_A_reg[2]/C
    SLICE_X2Y97          FDCE (Prop_fdce_C_Q)         0.118     0.118 r  reg_A_reg[2]/Q
                         net (fo=2, routed)           0.106     0.224    reg_A_reg[2]
    SLICE_X3Y98          FDCE                                         r  product_reg[2]/D
  -------------------------------------------------------------------    -------------------

Slack:                    inf
  Source:                 reg_A_reg[17]/C
                            (rising edge-triggered cell FDCE)
  Destination:            product_reg[17]/D
  Path Group:             (none)
  Path Type:              Min at Fast Process Corner
  Data Path Delay:        0.227ns  (logic 0.118ns (51.967%)  route 0.109ns (48.033%))
  Logic Levels:           1  (FDCE=1)

    Location             Delay type                Incr(ns)  Path(ns)    Netlist Resource(s)
  -------------------------------------------------------------------    -------------------
    SLICE_X2Y101         FDCE                         0.000     0.000 r  reg_A_reg[17]/C
    SLICE_X2Y101         FDCE (Prop_fdce_C_Q)         0.118     0.118 r  reg_A_reg[17]/Q
                         net (fo=2, routed)           0.109     0.227    reg_A_reg[17]
    SLICE_X1Y101         FDCE                                         r  product_reg[17]/D
  -------------------------------------------------------------------    -------------------

Slack:                    inf
  Source:                 reg_A_reg[19]/C
                            (rising edge-triggered cell FDCE)
  Destination:            product_reg[19]/D
  Path Group:             (none)
  Path Type:              Min at Fast Process Corner
  Data Path Delay:        0.227ns  (logic 0.118ns (51.967%)  route 0.109ns (48.033%))
  Logic Levels:           1  (FDCE=1)

    Location             Delay type                Incr(ns)  Path(ns)    Netlist Resource(s)
  -------------------------------------------------------------------    -------------------
    SLICE_X2Y101         FDCE                         0.000     0.000 r  reg_A_reg[19]/C
    SLICE_X2Y101         FDCE (Prop_fdce_C_Q)         0.118     0.118 r  reg_A_reg[19]/Q
                         net (fo=2, routed)           0.109     0.227    reg_A_reg[19]
    SLICE_X1Y101         FDCE                                         r  product_reg[19]/D
  -------------------------------------------------------------------    -------------------

Slack:                    inf
  Source:                 reg_A_reg[21]/C
                            (rising edge-triggered cell FDCE)
  Destination:            product_reg[21]/D
  Path Group:             (none)
  Path Type:              Min at Fast Process Corner
  Data Path Delay:        0.227ns  (logic 0.118ns (51.967%)  route 0.109ns (48.033%))
  Logic Levels:           1  (FDCE=1)

    Location             Delay type                Incr(ns)  Path(ns)    Netlist Resource(s)
  -------------------------------------------------------------------    -------------------
    SLICE_X2Y102         FDCE                         0.000     0.000 r  reg_A_reg[21]/C
    SLICE_X2Y102         FDCE (Prop_fdce_C_Q)         0.118     0.118 r  reg_A_reg[21]/Q
                         net (fo=2, routed)           0.109     0.227    reg_A_reg[21]
    SLICE_X1Y102         FDCE                                         r  product_reg[21]/D
  -------------------------------------------------------------------    -------------------

Slack:                    inf
  Source:                 reg_A_reg[23]/C
                            (rising edge-triggered cell FDCE)
  Destination:            product_reg[23]/D
  Path Group:             (none)
  Path Type:              Min at Fast Process Corner
  Data Path Delay:        0.227ns  (logic 0.118ns (51.967%)  route 0.109ns (48.033%))
  Logic Levels:           1  (FDCE=1)

    Location             Delay type                Incr(ns)  Path(ns)    Netlist Resource(s)
  -------------------------------------------------------------------    -------------------
    SLICE_X2Y102         FDCE                         0.000     0.000 r  reg_A_reg[23]/C
    SLICE_X2Y102         FDCE (Prop_fdce_C_Q)         0.118     0.118 r  reg_A_reg[23]/Q
                         net (fo=2, routed)           0.109     0.227    reg_A_reg[23]
    SLICE_X1Y102         FDCE                                         r  product_reg[23]/D
  -------------------------------------------------------------------    -------------------

Slack:                    inf
  Source:                 reg_A_reg[27]/C
                            (rising edge-triggered cell FDCE)
  Destination:            product_reg[27]/D
  Path Group:             (none)
  Path Type:              Min at Fast Process Corner
  Data Path Delay:        0.235ns  (logic 0.118ns (50.167%)  route 0.117ns (49.833%))
  Logic Levels:           1  (FDCE=1)

    Location             Delay type                Incr(ns)  Path(ns)    Netlist Resource(s)
  -------------------------------------------------------------------    -------------------
    SLICE_X2Y103         FDCE                         0.000     0.000 r  reg_A_reg[27]/C
    SLICE_X2Y103         FDCE (Prop_fdce_C_Q)         0.118     0.118 r  reg_A_reg[27]/Q
                         net (fo=2, routed)           0.117     0.235    reg_A_reg[27]
    SLICE_X3Y104         FDCE                                         r  product_reg[27]/D
  -------------------------------------------------------------------    -------------------

Slack:                    inf
  Source:                 reg_A_reg[3]/C
                            (rising edge-triggered cell FDCE)
  Destination:            product_reg[3]/D
  Path Group:             (none)
  Path Type:              Min at Fast Process Corner
  Data Path Delay:        0.235ns  (logic 0.118ns (50.167%)  route 0.117ns (49.833%))
  Logic Levels:           1  (FDCE=1)

    Location             Delay type                Incr(ns)  Path(ns)    Netlist Resource(s)
  -------------------------------------------------------------------    -------------------
    SLICE_X2Y97          FDCE                         0.000     0.000 r  reg_A_reg[3]/C
    SLICE_X2Y97          FDCE (Prop_fdce_C_Q)         0.118     0.118 r  reg_A_reg[3]/Q
                         net (fo=2, routed)           0.117     0.235    reg_A_reg[3]
    SLICE_X3Y98          FDCE                                         r  product_reg[3]/D
  -------------------------------------------------------------------    -------------------

Slack:                    inf
  Source:                 reg_A_reg[29]/C
                            (rising edge-triggered cell FDCE)
  Destination:            product_reg[29]/D
  Path Group:             (none)
  Path Type:              Min at Fast Process Corner
  Data Path Delay:        0.237ns  (logic 0.118ns (49.760%)  route 0.119ns (50.240%))
  Logic Levels:           1  (FDCE=1)

    Location             Delay type                Incr(ns)  Path(ns)    Netlist Resource(s)
  -------------------------------------------------------------------    -------------------
    SLICE_X2Y104         FDCE                         0.000     0.000 r  reg_A_reg[29]/C
    SLICE_X2Y104         FDCE (Prop_fdce_C_Q)         0.118     0.118 r  reg_A_reg[29]/Q
                         net (fo=2, routed)           0.119     0.237    reg_A_reg[29]
    SLICE_X3Y104         FDCE                                         r  product_reg[29]/D
  -------------------------------------------------------------------    -------------------





