#-----------------------------------------------------------
# Vivado v2025.2 (64-bit)
# SW Build 6299465 on Fri Nov 14 19:35:11 GMT 2025
# IP Build 6300035 on Fri Nov 14 10:48:45 MST 2025
# SharedData Build 6298862 on Thu Nov 13 04:50:51 MST 2025
# Start of session at: Mon Jun 22 13:42:38 2026
# Process ID         : 5652
# Current directory  : C:/Users/prave/Vivado_projects/StackelMAC
# Command line       : vivado.exe -gui_launcher_event rodinguilauncherevent6120 C:\Users\prave\Vivado_projects\StackelMAC\StackelMAC.xpr
# Log file           : C:/Users/prave/Vivado_projects/StackelMAC/vivado.log
# Journal file       : C:/Users/prave/Vivado_projects/StackelMAC\vivado.jou
# Running On         : Goblet-of-File
# Platform           : Windows Server 2016 or Windows 10
# Operating System   : 26200
# Processor Detail   : AMD Ryzen 5 7520U with Radeon Graphics         
# CPU Frequency      : 2795 MHz
# CPU Physical cores : 4
# CPU Logical cores  : 8
# Host memory        : 16407 MB
# Swap memory        : 12717 MB
# Total Virtual      : 29124 MB
# Available Virtual  : 10946 MB
#-----------------------------------------------------------
start_gui
open_project C:/Users/prave/Vivado_projects/StackelMAC/StackelMAC.xpr
update_compile_order -fileset sources_1
synth_design -rtl -rtl_skip_mlo -name rtl_1
write_schematic -format pdf -orientation landscape -scope visible C:/Users/prave/Vivado_projects/StackelMAC/schematic.pdf
