Copyright 1986-2022 Xilinx, Inc. All Rights Reserved. Copyright 2022-2025 Advanced Micro Devices, Inc. All Rights Reserved.
------------------------------------------------------------------------------------------------------------------------------------------------------------------------------------------------------------------------------------------------------------------------------------
| Tool Version : Vivado v.2025.2 (win64) Build 6299465 Fri Nov 14 19:35:11 GMT 2025
| Date         : Mon Apr 13 01:36:53 2026
| Host         : Goblet-of-File running 64-bit major release  (build 9200)
| Command      : report_timing_summary -max_paths 10 -routable_nets -report_unconstrained -file carry_select_adder_16bit_timing_summary_routed.rpt -pb carry_select_adder_16bit_timing_summary_routed.pb -rpx carry_select_adder_16bit_timing_summary_routed.rpx -warn_on_violation
| Design       : carry_select_adder_16bit
| Device       : 7k70t-fbv676
| Speed File   : -1  PRODUCTION 1.12 2017-02-17
| Design State : Routed
------------------------------------------------------------------------------------------------------------------------------------------------------------------------------------------------------------------------------------------------------------------------------------

Timing Summary Report

------------------------------------------------------------------------------------------------
| Timer Settings
| --------------
------------------------------------------------------------------------------------------------

  Enable Multi Corner Analysis               :  Yes
  Enable Pessimism Removal                   :  Yes
  Pessimism Removal Resolution               :  Nearest Common Node
  Enable Input Delay Default Clock           :  No
  Enable Preset / Clear Arcs                 :  No
  Disable Flight Delays                      :  No
  Ignore I/O Paths                           :  No
  Timing Early Launch at Borrowing Latches   :  No
  Borrow Time for Max Delay Exceptions       :  Yes
  Merge Timing Exceptions                    :  Yes
  Inter-SLR Compensation                     :  Conservative

  Corner  Analyze    Analyze    
  Name    Max Paths  Min Paths  
  ------  ---------  ---------  
  Slow    Yes        Yes        
  Fast    Yes        Yes        


------------------------------------------------------------------------------------------------
| Report Methodology
| ------------------
------------------------------------------------------------------------------------------------

No report available as report_methodology has not been run prior. Run report_methodology on the current design for the summary of methodology violations.



check_timing report

Table of Contents
-----------------
1. checking no_clock (0)
2. checking constant_clock (0)
3. checking pulse_width_clock (0)
4. checking unconstrained_internal_endpoints (0)
5. checking no_input_delay (0)
6. checking no_output_delay (0)
7. checking multiple_clock (0)
8. checking generated_clocks (0)
9. checking loops (0)
10. checking partial_input_delay (0)
11. checking partial_output_delay (0)
12. checking latch_loops (0)

1. checking no_clock (0)
------------------------
 There are 0 register/latch pins with no clock.


2. checking constant_clock (0)
------------------------------
 There are 0 register/latch pins with constant_clock.


3. checking pulse_width_clock (0)
---------------------------------
 There are 0 register/latch pins which need pulse_width check


4. checking unconstrained_internal_endpoints (0)
------------------------------------------------
 There are 0 pins that are not constrained for maximum delay.

 There are 0 pins that are not constrained for maximum delay due to constant clock.


5. checking no_input_delay (0)
------------------------------
 There are 0 input ports with no input delay specified.

 There are 0 input ports with no input delay but user has a false path constraint.


6. checking no_output_delay (0)
-------------------------------
 There are 0 ports with no output delay specified.

 There are 0 ports with no output delay but user has a false path constraint

 There are 0 ports with no output delay but with a timing clock defined on it or propagating through it


7. checking multiple_clock (0)
------------------------------
 There are 0 register/latch pins with multiple clocks.


8. checking generated_clocks (0)
--------------------------------
 There are 0 generated clocks that are not connected to a clock source.


9. checking loops (0)
---------------------
 There are 0 combinational loops in the design.


10. checking partial_input_delay (0)
------------------------------------
 There are 0 input ports with partial input delay specified.


11. checking partial_output_delay (0)
-------------------------------------
 There are 0 ports with partial output delay specified.


12. checking latch_loops (0)
----------------------------
 There are 0 combinational latch loops in the design through latch input



------------------------------------------------------------------------------------------------
| Design Timing Summary
| ---------------------
------------------------------------------------------------------------------------------------

    WNS(ns)      TNS(ns)  TNS Failing Endpoints  TNS Total Endpoints      WHS(ns)      THS(ns)  THS Failing Endpoints  THS Total Endpoints     WPWS(ns)     TPWS(ns)  TPWS Failing Endpoints  TPWS Total Endpoints  
    -------      -------  ---------------------  -------------------      -------      -------  ---------------------  -------------------     --------     --------  ----------------------  --------------------  
        inf        0.000                      0                   17          inf        0.000                      0                   17           NA           NA                      NA                    NA  


There are no user specified timing constraints.


------------------------------------------------------------------------------------------------
| Clock Summary
| -------------
------------------------------------------------------------------------------------------------


------------------------------------------------------------------------------------------------
| Intra Clock Table
| -----------------
------------------------------------------------------------------------------------------------

Clock             WNS(ns)      TNS(ns)  TNS Failing Endpoints  TNS Total Endpoints      WHS(ns)      THS(ns)  THS Failing Endpoints  THS Total Endpoints     WPWS(ns)     TPWS(ns)  TPWS Failing Endpoints  TPWS Total Endpoints  
-----             -------      -------  ---------------------  -------------------      -------      -------  ---------------------  -------------------     --------     --------  ----------------------  --------------------  


------------------------------------------------------------------------------------------------
| Inter Clock Table
| -----------------
------------------------------------------------------------------------------------------------

From Clock    To Clock          WNS(ns)      TNS(ns)  TNS Failing Endpoints  TNS Total Endpoints      WHS(ns)      THS(ns)  THS Failing Endpoints  THS Total Endpoints  
----------    --------          -------      -------  ---------------------  -------------------      -------      -------  ---------------------  -------------------  


------------------------------------------------------------------------------------------------
| Other Path Groups Table
| -----------------------
------------------------------------------------------------------------------------------------

Path Group    From Clock    To Clock          WNS(ns)      TNS(ns)  TNS Failing Endpoints  TNS Total Endpoints      WHS(ns)      THS(ns)  THS Failing Endpoints  THS Total Endpoints  
----------    ----------    --------          -------      -------  ---------------------  -------------------      -------      -------  ---------------------  -------------------  


------------------------------------------------------------------------------------------------
| User Ignored Path Table
| -----------------------
------------------------------------------------------------------------------------------------

Path Group    From Clock    To Clock    
----------    ----------    --------    


------------------------------------------------------------------------------------------------
| Unconstrained Path Table
| ------------------------
------------------------------------------------------------------------------------------------

Path Group    From Clock    To Clock    
----------    ----------    --------    
(none)                                    


------------------------------------------------------------------------------------------------
| Timing Details
| --------------
------------------------------------------------------------------------------------------------


--------------------------------------------------------------------------------------
Path Group:  (none)
From Clock:  
  To Clock:  

Max Delay            17 Endpoints
Min Delay            17 Endpoints
--------------------------------------------------------------------------------------


Max Delay Paths
--------------------------------------------------------------------------------------
Slack:                    inf
  Source:                 b[1]
                            (input port)
  Destination:            sum[9]
                            (output port)
  Path Group:             (none)
  Path Type:              Max at Slow Process Corner
  Data Path Delay:        3.425ns  (logic 0.340ns (9.927%)  route 3.085ns (90.073%))
  Logic Levels:           4  (LUT5=3 LUT6=1)

    Location             Delay type                Incr(ns)  Path(ns)    Netlist Resource(s)
  -------------------------------------------------------------------    -------------------
                                                      0.000     0.000 r  b[1] (IN)
                         net (fo=3, unset)            0.672     0.672    b[1]
    SLICE_X3Y3           LUT6 (Prop_lut6_I5_O)        0.053     0.725 r  sum[3]_INST_0_i_1/O
                         net (fo=2, routed)           0.472     1.197    sum[3]_INST_0_i_1_n_0
    SLICE_X3Y3           LUT5 (Prop_lut5_I0_O)        0.053     1.250 r  sum[7]_INST_0_i_2/O
                         net (fo=6, routed)           0.691     1.940    c1
    SLICE_X2Y2           LUT5 (Prop_lut5_I1_O)        0.066     2.006 r  sum[11]_INST_0_i_2/O
                         net (fo=4, routed)           0.579     2.585    c2
    SLICE_X2Y1           LUT5 (Prop_lut5_I0_O)        0.168     2.753 r  sum[9]_INST_0/O
                         net (fo=0)                   0.672     3.425    sum[9]
                                                                      r  sum[9] (OUT)
  -------------------------------------------------------------------    -------------------

Slack:                    inf
  Source:                 b[1]
                            (input port)
  Destination:            sum[11]
                            (output port)
  Path Group:             (none)
  Path Type:              Max at Slow Process Corner
  Data Path Delay:        3.311ns  (logic 0.340ns (10.270%)  route 2.971ns (89.730%))
  Logic Levels:           4  (LUT5=3 LUT6=1)

    Location             Delay type                Incr(ns)  Path(ns)    Netlist Resource(s)
  -------------------------------------------------------------------    -------------------
                                                      0.000     0.000 r  b[1] (IN)
                         net (fo=3, unset)            0.672     0.672    b[1]
    SLICE_X3Y3           LUT6 (Prop_lut6_I5_O)        0.053     0.725 r  sum[3]_INST_0_i_1/O
                         net (fo=2, routed)           0.472     1.197    sum[3]_INST_0_i_1_n_0
    SLICE_X3Y3           LUT5 (Prop_lut5_I0_O)        0.053     1.250 r  sum[7]_INST_0_i_2/O
                         net (fo=6, routed)           0.691     1.940    c1
    SLICE_X2Y2           LUT5 (Prop_lut5_I1_O)        0.066     2.006 r  sum[11]_INST_0_i_2/O
                         net (fo=4, routed)           0.464     2.471    c2
    SLICE_X3Y2           LUT5 (Prop_lut5_I1_O)        0.168     2.639 r  sum[11]_INST_0/O
                         net (fo=0)                   0.672     3.311    sum[11]
                                                                      r  sum[11] (OUT)
  -------------------------------------------------------------------    -------------------

Slack:                    inf
  Source:                 b[9]
                            (input port)
  Destination:            sum[13]
                            (output port)
  Path Group:             (none)
  Path Type:              Max at Slow Process Corner
  Data Path Delay:        3.298ns  (logic 0.339ns (10.279%)  route 2.959ns (89.721%))
  Logic Levels:           4  (LUT3=1 LUT5=2 LUT6=1)

    Location             Delay type                Incr(ns)  Path(ns)    Netlist Resource(s)
  -------------------------------------------------------------------    -------------------
                                                      0.000     0.000 r  b[9] (IN)
                         net (fo=3, unset)            0.672     0.672    b[9]
    SLICE_X3Y2           LUT6 (Prop_lut6_I5_O)        0.053     0.725 r  sum[11]_INST_0_i_1/O
                         net (fo=2, routed)           0.582     1.307    sum[11]_INST_0_i_1_n_0
    SLICE_X3Y2           LUT3 (Prop_lut3_I2_O)        0.063     1.370 r  sum[15]_INST_0_i_4/O
                         net (fo=1, routed)           0.307     1.677    third_block/cout1
    SLICE_X3Y2           LUT5 (Prop_lut5_I0_O)        0.170     1.847 r  sum[15]_INST_0_i_2/O
                         net (fo=5, routed)           0.726     2.573    c3
    SLICE_X4Y2           LUT5 (Prop_lut5_I0_O)        0.053     2.626 r  sum[13]_INST_0/O
                         net (fo=0)                   0.672     3.298    sum[13]
                                                                      r  sum[13] (OUT)
  -------------------------------------------------------------------    -------------------

Slack:                    inf
  Source:                 b[1]
                            (input port)
  Destination:            sum[8]
                            (output port)
  Path Group:             (none)
  Path Type:              Max at Slow Process Corner
  Data Path Delay:        3.289ns  (logic 0.340ns (10.336%)  route 2.949ns (89.664%))
  Logic Levels:           4  (LUT3=1 LUT5=2 LUT6=1)

    Location             Delay type                Incr(ns)  Path(ns)    Netlist Resource(s)
  -------------------------------------------------------------------    -------------------
                                                      0.000     0.000 r  b[1] (IN)
                         net (fo=3, unset)            0.672     0.672    b[1]
    SLICE_X3Y3           LUT6 (Prop_lut6_I5_O)        0.053     0.725 r  sum[3]_INST_0_i_1/O
                         net (fo=2, routed)           0.472     1.197    sum[3]_INST_0_i_1_n_0
    SLICE_X3Y3           LUT5 (Prop_lut5_I0_O)        0.053     1.250 r  sum[7]_INST_0_i_2/O
                         net (fo=6, routed)           0.691     1.940    c1
    SLICE_X2Y2           LUT5 (Prop_lut5_I1_O)        0.066     2.006 r  sum[11]_INST_0_i_2/O
                         net (fo=4, routed)           0.443     2.449    c2
    SLICE_X2Y1           LUT3 (Prop_lut3_I0_O)        0.168     2.617 r  sum[8]_INST_0/O
                         net (fo=0)                   0.672     3.289    sum[8]
                                                                      r  sum[8] (OUT)
  -------------------------------------------------------------------    -------------------

Slack:                    inf
  Source:                 b[9]
                            (input port)
  Destination:            sum[15]
                            (output port)
  Path Group:             (none)
  Path Type:              Max at Slow Process Corner
  Data Path Delay:        3.156ns  (logic 0.339ns (10.741%)  route 2.817ns (89.259%))
  Logic Levels:           4  (LUT3=1 LUT5=2 LUT6=1)

    Location             Delay type                Incr(ns)  Path(ns)    Netlist Resource(s)
  -------------------------------------------------------------------    -------------------
                                                      0.000     0.000 r  b[9] (IN)
                         net (fo=3, unset)            0.672     0.672    b[9]
    SLICE_X3Y2           LUT6 (Prop_lut6_I5_O)        0.053     0.725 r  sum[11]_INST_0_i_1/O
                         net (fo=2, routed)           0.582     1.307    sum[11]_INST_0_i_1_n_0
    SLICE_X3Y2           LUT3 (Prop_lut3_I2_O)        0.063     1.370 r  sum[15]_INST_0_i_4/O
                         net (fo=1, routed)           0.307     1.677    third_block/cout1
    SLICE_X3Y2           LUT5 (Prop_lut5_I0_O)        0.170     1.847 r  sum[15]_INST_0_i_2/O
                         net (fo=5, routed)           0.584     2.431    c3
    SLICE_X5Y2           LUT5 (Prop_lut5_I1_O)        0.053     2.484 r  sum[15]_INST_0/O
                         net (fo=0)                   0.672     3.156    sum[15]
                                                                      r  sum[15] (OUT)
  -------------------------------------------------------------------    -------------------

Slack:                    inf
  Source:                 b[9]
                            (input port)
  Destination:            cout
                            (output port)
  Path Group:             (none)
  Path Type:              Max at Slow Process Corner
  Data Path Delay:        3.150ns  (logic 0.339ns (10.761%)  route 2.811ns (89.239%))
  Logic Levels:           4  (LUT3=1 LUT5=2 LUT6=1)

    Location             Delay type                Incr(ns)  Path(ns)    Netlist Resource(s)
  -------------------------------------------------------------------    -------------------
                                                      0.000     0.000 r  b[9] (IN)
                         net (fo=3, unset)            0.672     0.672    b[9]
    SLICE_X3Y2           LUT6 (Prop_lut6_I5_O)        0.053     0.725 r  sum[11]_INST_0_i_1/O
                         net (fo=2, routed)           0.582     1.307    sum[11]_INST_0_i_1_n_0
    SLICE_X3Y2           LUT3 (Prop_lut3_I2_O)        0.063     1.370 r  sum[15]_INST_0_i_4/O
                         net (fo=1, routed)           0.307     1.677    third_block/cout1
    SLICE_X3Y2           LUT5 (Prop_lut5_I0_O)        0.170     1.847 r  sum[15]_INST_0_i_2/O
                         net (fo=5, routed)           0.578     2.425    c3
    SLICE_X5Y2           LUT5 (Prop_lut5_I1_O)        0.053     2.478 r  cout_INST_0/O
                         net (fo=0)                   0.672     3.150    cout
                                                                      r  cout (OUT)
  -------------------------------------------------------------------    -------------------

Slack:                    inf
  Source:                 b[1]
                            (input port)
  Destination:            sum[10]
                            (output port)
  Path Group:             (none)
  Path Type:              Max at Slow Process Corner
  Data Path Delay:        3.109ns  (logic 0.340ns (10.934%)  route 2.769ns (89.066%))
  Logic Levels:           4  (LUT5=2 LUT6=2)

    Location             Delay type                Incr(ns)  Path(ns)    Netlist Resource(s)
  -------------------------------------------------------------------    -------------------
                                                      0.000     0.000 r  b[1] (IN)
                         net (fo=3, unset)            0.672     0.672    b[1]
    SLICE_X3Y3           LUT6 (Prop_lut6_I5_O)        0.053     0.725 r  sum[3]_INST_0_i_1/O
                         net (fo=2, routed)           0.472     1.197    sum[3]_INST_0_i_1_n_0
    SLICE_X3Y3           LUT5 (Prop_lut5_I0_O)        0.053     1.250 r  sum[7]_INST_0_i_2/O
                         net (fo=6, routed)           0.691     1.940    c1
    SLICE_X2Y2           LUT5 (Prop_lut5_I1_O)        0.066     2.006 r  sum[11]_INST_0_i_2/O
                         net (fo=4, routed)           0.263     2.269    c2
    SLICE_X2Y1           LUT6 (Prop_lut6_I0_O)        0.168     2.437 r  sum[10]_INST_0/O
                         net (fo=0)                   0.672     3.109    sum[10]
                                                                      r  sum[10] (OUT)
  -------------------------------------------------------------------    -------------------

Slack:                    inf
  Source:                 b[9]
                            (input port)
  Destination:            sum[12]
                            (output port)
  Path Group:             (none)
  Path Type:              Max at Slow Process Corner
  Data Path Delay:        3.013ns  (logic 0.339ns (11.250%)  route 2.674ns (88.750%))
  Logic Levels:           4  (LUT3=2 LUT5=1 LUT6=1)

    Location             Delay type                Incr(ns)  Path(ns)    Netlist Resource(s)
  -------------------------------------------------------------------    -------------------
                                                      0.000     0.000 r  b[9] (IN)
                         net (fo=3, unset)            0.672     0.672    b[9]
    SLICE_X3Y2           LUT6 (Prop_lut6_I5_O)        0.053     0.725 r  sum[11]_INST_0_i_1/O
                         net (fo=2, routed)           0.582     1.307    sum[11]_INST_0_i_1_n_0
    SLICE_X3Y2           LUT3 (Prop_lut3_I2_O)        0.063     1.370 r  sum[15]_INST_0_i_4/O
                         net (fo=1, routed)           0.307     1.677    third_block/cout1
    SLICE_X3Y2           LUT5 (Prop_lut5_I0_O)        0.170     1.847 r  sum[15]_INST_0_i_2/O
                         net (fo=5, routed)           0.441     2.288    c3
    SLICE_X4Y2           LUT3 (Prop_lut3_I0_O)        0.053     2.341 r  sum[12]_INST_0/O
                         net (fo=0)                   0.672     3.013    sum[12]
                                                                      r  sum[12] (OUT)
  -------------------------------------------------------------------    -------------------

Slack:                    inf
  Source:                 b[9]
                            (input port)
  Destination:            sum[14]
                            (output port)
  Path Group:             (none)
  Path Type:              Max at Slow Process Corner
  Data Path Delay:        2.841ns  (logic 0.339ns (11.931%)  route 2.502ns (88.069%))
  Logic Levels:           4  (LUT3=1 LUT5=1 LUT6=2)

    Location             Delay type                Incr(ns)  Path(ns)    Netlist Resource(s)
  -------------------------------------------------------------------    -------------------
                                                      0.000     0.000 r  b[9] (IN)
                         net (fo=3, unset)            0.672     0.672    b[9]
    SLICE_X3Y2           LUT6 (Prop_lut6_I5_O)        0.053     0.725 r  sum[11]_INST_0_i_1/O
                         net (fo=2, routed)           0.582     1.307    sum[11]_INST_0_i_1_n_0
    SLICE_X3Y2           LUT3 (Prop_lut3_I2_O)        0.063     1.370 r  sum[15]_INST_0_i_4/O
                         net (fo=1, routed)           0.307     1.677    third_block/cout1
    SLICE_X3Y2           LUT5 (Prop_lut5_I0_O)        0.170     1.847 r  sum[15]_INST_0_i_2/O
                         net (fo=5, routed)           0.269     2.116    c3
    SLICE_X4Y2           LUT6 (Prop_lut6_I0_O)        0.053     2.169 r  sum[14]_INST_0/O
                         net (fo=0)                   0.672     2.841    sum[14]
                                                                      r  sum[14] (OUT)
  -------------------------------------------------------------------    -------------------

Slack:                    inf
  Source:                 b[1]
                            (input port)
  Destination:            sum[5]
                            (output port)
  Path Group:             (none)
  Path Type:              Max at Slow Process Corner
  Data Path Delay:        2.551ns  (logic 0.159ns (6.232%)  route 2.392ns (93.768%))
  Logic Levels:           3  (LUT5=2 LUT6=1)

    Location             Delay type                Incr(ns)  Path(ns)    Netlist Resource(s)
  -------------------------------------------------------------------    -------------------
                                                      0.000     0.000 r  b[1] (IN)
                         net (fo=3, unset)            0.672     0.672    b[1]
    SLICE_X3Y3           LUT6 (Prop_lut6_I5_O)        0.053     0.725 r  sum[3]_INST_0_i_1/O
                         net (fo=2, routed)           0.472     1.197    sum[3]_INST_0_i_1_n_0
    SLICE_X3Y3           LUT5 (Prop_lut5_I0_O)        0.053     1.250 r  sum[7]_INST_0_i_2/O
                         net (fo=6, routed)           0.577     1.826    c1
    SLICE_X2Y3           LUT5 (Prop_lut5_I0_O)        0.053     1.879 r  sum[5]_INST_0/O
                         net (fo=0)                   0.672     2.551    sum[5]
                                                                      r  sum[5] (OUT)
  -------------------------------------------------------------------    -------------------





Min Delay Paths
--------------------------------------------------------------------------------------
Slack:                    inf
  Source:                 a[15]
                            (input port)
  Destination:            cout
                            (output port)
  Path Group:             (none)
  Path Type:              Min at Fast Process Corner
  Data Path Delay:        0.595ns  (logic 0.028ns (4.710%)  route 0.567ns (95.290%))
  Logic Levels:           1  (LUT5=1)

    Location             Delay type                Incr(ns)  Path(ns)    Netlist Resource(s)
  -------------------------------------------------------------------    -------------------
                                                      0.000     0.000 r  a[15] (IN)
                         net (fo=1, unset)            0.283     0.283    a[15]
    SLICE_X5Y2           LUT5 (Prop_lut5_I3_O)        0.028     0.311 r  cout_INST_0/O
                         net (fo=0)                   0.283     0.595    cout
                                                                      r  cout (OUT)
  -------------------------------------------------------------------    -------------------

Slack:                    inf
  Source:                 a[0]
                            (input port)
  Destination:            sum[0]
                            (output port)
  Path Group:             (none)
  Path Type:              Min at Fast Process Corner
  Data Path Delay:        0.595ns  (logic 0.028ns (4.710%)  route 0.567ns (95.290%))
  Logic Levels:           1  (LUT3=1)

    Location             Delay type                Incr(ns)  Path(ns)    Netlist Resource(s)
  -------------------------------------------------------------------    -------------------
                                                      0.000     0.000 r  a[0] (IN)
                         net (fo=4, unset)            0.283     0.283    a[0]
    SLICE_X36Y101        LUT3 (Prop_lut3_I2_O)        0.028     0.311 r  sum[0]_INST_0/O
                         net (fo=0)                   0.283     0.595    sum[0]
                                                                      r  sum[0] (OUT)
  -------------------------------------------------------------------    -------------------

Slack:                    inf
  Source:                 b[9]
                            (input port)
  Destination:            sum[10]
                            (output port)
  Path Group:             (none)
  Path Type:              Min at Fast Process Corner
  Data Path Delay:        0.595ns  (logic 0.028ns (4.710%)  route 0.567ns (95.290%))
  Logic Levels:           1  (LUT6=1)

    Location             Delay type                Incr(ns)  Path(ns)    Netlist Resource(s)
  -------------------------------------------------------------------    -------------------
                                                      0.000     0.000 r  b[9] (IN)
                         net (fo=3, unset)            0.283     0.283    b[9]
    SLICE_X2Y1           LUT6 (Prop_lut6_I4_O)        0.028     0.311 r  sum[10]_INST_0/O
                         net (fo=0)                   0.283     0.595    sum[10]
                                                                      r  sum[10] (OUT)
  -------------------------------------------------------------------    -------------------

Slack:                    inf
  Source:                 a[11]
                            (input port)
  Destination:            sum[11]
                            (output port)
  Path Group:             (none)
  Path Type:              Min at Fast Process Corner
  Data Path Delay:        0.595ns  (logic 0.028ns (4.710%)  route 0.567ns (95.290%))
  Logic Levels:           1  (LUT5=1)

    Location             Delay type                Incr(ns)  Path(ns)    Netlist Resource(s)
  -------------------------------------------------------------------    -------------------
                                                      0.000     0.000 r  a[11] (IN)
                         net (fo=2, unset)            0.283     0.283    a[11]
    SLICE_X3Y2           LUT5 (Prop_lut5_I4_O)        0.028     0.311 r  sum[11]_INST_0/O
                         net (fo=0)                   0.283     0.595    sum[11]
                                                                      r  sum[11] (OUT)
  -------------------------------------------------------------------    -------------------

Slack:                    inf
  Source:                 a[12]
                            (input port)
  Destination:            sum[12]
                            (output port)
  Path Group:             (none)
  Path Type:              Min at Fast Process Corner
  Data Path Delay:        0.595ns  (logic 0.028ns (4.710%)  route 0.567ns (95.290%))
  Logic Levels:           1  (LUT3=1)

    Location             Delay type                Incr(ns)  Path(ns)    Netlist Resource(s)
  -------------------------------------------------------------------    -------------------
                                                      0.000     0.000 r  a[12] (IN)
                         net (fo=4, unset)            0.283     0.283    a[12]
    SLICE_X4Y2           LUT3 (Prop_lut3_I2_O)        0.028     0.311 r  sum[12]_INST_0/O
                         net (fo=0)                   0.283     0.595    sum[12]
                                                                      r  sum[12] (OUT)
  -------------------------------------------------------------------    -------------------

Slack:                    inf
  Source:                 a[13]
                            (input port)
  Destination:            sum[13]
                            (output port)
  Path Group:             (none)
  Path Type:              Min at Fast Process Corner
  Data Path Delay:        0.595ns  (logic 0.028ns (4.710%)  route 0.567ns (95.290%))
  Logic Levels:           1  (LUT5=1)

    Location             Delay type                Incr(ns)  Path(ns)    Netlist Resource(s)
  -------------------------------------------------------------------    -------------------
                                                      0.000     0.000 r  a[13] (IN)
                         net (fo=3, unset)            0.283     0.283    a[13]
    SLICE_X4Y2           LUT5 (Prop_lut5_I4_O)        0.028     0.311 r  sum[13]_INST_0/O
                         net (fo=0)                   0.283     0.595    sum[13]
                                                                      r  sum[13] (OUT)
  -------------------------------------------------------------------    -------------------

Slack:                    inf
  Source:                 b[13]
                            (input port)
  Destination:            sum[14]
                            (output port)
  Path Group:             (none)
  Path Type:              Min at Fast Process Corner
  Data Path Delay:        0.595ns  (logic 0.028ns (4.710%)  route 0.567ns (95.290%))
  Logic Levels:           1  (LUT6=1)

    Location             Delay type                Incr(ns)  Path(ns)    Netlist Resource(s)
  -------------------------------------------------------------------    -------------------
                                                      0.000     0.000 r  b[13] (IN)
                         net (fo=3, unset)            0.283     0.283    b[13]
    SLICE_X4Y2           LUT6 (Prop_lut6_I4_O)        0.028     0.311 r  sum[14]_INST_0/O
                         net (fo=0)                   0.283     0.595    sum[14]
                                                                      r  sum[14] (OUT)
  -------------------------------------------------------------------    -------------------

Slack:                    inf
  Source:                 a[15]
                            (input port)
  Destination:            sum[15]
                            (output port)
  Path Group:             (none)
  Path Type:              Min at Fast Process Corner
  Data Path Delay:        0.595ns  (logic 0.028ns (4.710%)  route 0.567ns (95.290%))
  Logic Levels:           1  (LUT5=1)

    Location             Delay type                Incr(ns)  Path(ns)    Netlist Resource(s)
  -------------------------------------------------------------------    -------------------
                                                      0.000     0.000 r  a[15] (IN)
                         net (fo=1, unset)            0.283     0.283    a[15]
    SLICE_X5Y2           LUT5 (Prop_lut5_I4_O)        0.028     0.311 r  sum[15]_INST_0/O
                         net (fo=0)                   0.283     0.595    sum[15]
                                                                      r  sum[15] (OUT)
  -------------------------------------------------------------------    -------------------

Slack:                    inf
  Source:                 a[1]
                            (input port)
  Destination:            sum[1]
                            (output port)
  Path Group:             (none)
  Path Type:              Min at Fast Process Corner
  Data Path Delay:        0.595ns  (logic 0.028ns (4.710%)  route 0.567ns (95.290%))
  Logic Levels:           1  (LUT5=1)

    Location             Delay type                Incr(ns)  Path(ns)    Netlist Resource(s)
  -------------------------------------------------------------------    -------------------
                                                      0.000     0.000 r  a[1] (IN)
                         net (fo=3, unset)            0.283     0.283    a[1]
    SLICE_X36Y101        LUT5 (Prop_lut5_I4_O)        0.028     0.311 r  sum[1]_INST_0/O
                         net (fo=0)                   0.283     0.595    sum[1]
                                                                      r  sum[1] (OUT)
  -------------------------------------------------------------------    -------------------

Slack:                    inf
  Source:                 b[1]
                            (input port)
  Destination:            sum[2]
                            (output port)
  Path Group:             (none)
  Path Type:              Min at Fast Process Corner
  Data Path Delay:        0.595ns  (logic 0.028ns (4.710%)  route 0.567ns (95.290%))
  Logic Levels:           1  (LUT6=1)

    Location             Delay type                Incr(ns)  Path(ns)    Netlist Resource(s)
  -------------------------------------------------------------------    -------------------
                                                      0.000     0.000 r  b[1] (IN)
                         net (fo=3, unset)            0.283     0.283    b[1]
    SLICE_X36Y101        LUT6 (Prop_lut6_I4_O)        0.028     0.311 r  sum[2]_INST_0/O
                         net (fo=0)                   0.283     0.595    sum[2]
                                                                      r  sum[2] (OUT)
  -------------------------------------------------------------------    -------------------





