
*** Running vivado
    with args -log top_module.vds -m64 -product Vivado -mode batch -messageDb vivado.pb -notrace -source top_module.tcl



****** Vivado v2025.2 (64-bit)
  **** SW Build 6299465 on Fri Nov 14 19:35:11 GMT 2025
  **** IP Build 6300035 on Fri Nov 14 10:48:45 MST 2025
  **** SharedData Build 6298862 on Thu Nov 13 04:50:51 MST 2025
  **** Start of session at: Wed Jun 17 19:42:50 2026
    ** Copyright 1986-2022 Xilinx, Inc. All Rights Reserved.
    ** Copyright 2022-2025 Advanced Micro Devices, Inc. All Rights Reserved.

source top_module.tcl -notrace
create_project: Time (s): cpu = 00:00:21 ; elapsed = 00:00:16 . Memory (MB): peak = 540.418 ; gain = 222.777
Command: synth_design -top top_module -part xck26-sfvc784-2LV-c -flatten_hierarchy none -mode out_of_context
Starting synth_design
Attempting to get a license for feature 'Synthesis' and/or device 'xck26'
INFO: [Common 17-349] Got license for feature 'Synthesis' and/or device 'xck26'
INFO: [Synth 8-7079] Multithreading enabled for synth_design using a maximum of 2 processes.
INFO: [Synth 8-7078] Launching helper process for spawning children vivado processes
INFO: [Synth 8-7075] Helper process launched with PID 24376
---------------------------------------------------------------------------------
Starting Synthesize : Time (s): cpu = 00:00:12 ; elapsed = 00:00:14 . Memory (MB): peak = 1078.906 ; gain = 534.480
---------------------------------------------------------------------------------
INFO: [Synth 8-6157] synthesizing module 'top_module' [C:/Users/prave/Vivado_projects/Intern_1/Intern_1.srcs/sources_1/new/top_module.v:21]
INFO: [Synth 8-6157] synthesizing module 'mac' [C:/Users/prave/Vivado_projects/Intern_1/Intern_1.srcs/sources_1/new/mac.v:3]
	Parameter SHIFT_AMOUNT bound to: 12 - type: integer 
INFO: [Synth 8-6155] done synthesizing module 'mac' (0#1) [C:/Users/prave/Vivado_projects/Intern_1/Intern_1.srcs/sources_1/new/mac.v:3]
INFO: [Synth 8-6157] synthesizing module 'mac__parameterized0' [C:/Users/prave/Vivado_projects/Intern_1/Intern_1.srcs/sources_1/new/mac.v:3]
	Parameter SHIFT_AMOUNT bound to: 10 - type: integer 
INFO: [Synth 8-6155] done synthesizing module 'mac__parameterized0' (0#1) [C:/Users/prave/Vivado_projects/Intern_1/Intern_1.srcs/sources_1/new/mac.v:3]
INFO: [Synth 8-6157] synthesizing module 'mac__parameterized1' [C:/Users/prave/Vivado_projects/Intern_1/Intern_1.srcs/sources_1/new/mac.v:3]
	Parameter SHIFT_AMOUNT bound to: 11 - type: integer 
INFO: [Synth 8-6155] done synthesizing module 'mac__parameterized1' (0#1) [C:/Users/prave/Vivado_projects/Intern_1/Intern_1.srcs/sources_1/new/mac.v:3]
INFO: [Synth 8-6155] done synthesizing module 'top_module' (0#1) [C:/Users/prave/Vivado_projects/Intern_1/Intern_1.srcs/sources_1/new/top_module.v:21]
---------------------------------------------------------------------------------
Finished Synthesize : Time (s): cpu = 00:00:16 ; elapsed = 00:00:19 . Memory (MB): peak = 1198.176 ; gain = 653.750
---------------------------------------------------------------------------------
---------------------------------------------------------------------------------
Finished Constraint Validation : Time (s): cpu = 00:00:17 ; elapsed = 00:00:20 . Memory (MB): peak = 1198.176 ; gain = 653.750
---------------------------------------------------------------------------------
---------------------------------------------------------------------------------
Start Loading Part and Timing Information
---------------------------------------------------------------------------------
Loading part: xck26-sfvc784-2LV-c
INFO: [Synth 8-6742] Reading net delay rules and data
INFO: [Device 21-403] Loading part xck26-sfvc784-2LV-c
---------------------------------------------------------------------------------
Finished Loading Part and Timing Information : Time (s): cpu = 00:00:18 ; elapsed = 00:00:20 . Memory (MB): peak = 1198.176 ; gain = 653.750
---------------------------------------------------------------------------------
---------------------------------------------------------------------------------
Finished RTL Optimization Phase 2 : Time (s): cpu = 00:00:18 ; elapsed = 00:00:21 . Memory (MB): peak = 1198.176 ; gain = 653.750
---------------------------------------------------------------------------------
INFO: [Synth 8-223] decloning instance 'mac_conv2' (mac__parameterized0) to 'mac_fc2'
INFO: [Synth 8-223] decloning instance 'mac_conv3' (mac__parameterized1) to 'mac_fc1'
No constraint files found.
---------------------------------------------------------------------------------
Start RTL Component Statistics 
---------------------------------------------------------------------------------
Detailed RTL Component Info : 
+---Adders : 
	   3 Input   12 Bit       Adders := 3     
+---Registers : 
	               16 Bit    Registers := 6     
+---Muxes : 
	   2 Input   16 Bit        Muxes := 6     
---------------------------------------------------------------------------------
Finished RTL Component Statistics 
---------------------------------------------------------------------------------
---------------------------------------------------------------------------------
Start Part Resource Summary
---------------------------------------------------------------------------------
Part Resources:
DSPs: 1248 (col length:96)
BRAMs: 288 (col length: RAMB18 96 RAMB36 48)
---------------------------------------------------------------------------------
Finished Part Resource Summary
---------------------------------------------------------------------------------
No constraint files found.
---------------------------------------------------------------------------------
Start Cross Boundary and Area Optimization
---------------------------------------------------------------------------------
DSP Report: Generating DSP mult_result, operation Mode is: A2*B2.
DSP Report: register pixel_reg_reg is absorbed into DSP mult_result.
DSP Report: register weight_reg_reg is absorbed into DSP mult_result.
DSP Report: operator mult_result is absorbed into DSP mult_result.
DSP Report: Generating DSP mult_result, operation Mode is: A2*B2.
DSP Report: register pixel_reg_reg is absorbed into DSP mult_result.
DSP Report: register weight_reg_reg is absorbed into DSP mult_result.
DSP Report: operator mult_result is absorbed into DSP mult_result.
DSP Report: Generating DSP mult_result, operation Mode is: A2*B2.
DSP Report: register pixel_reg_reg is absorbed into DSP mult_result.
DSP Report: register weight_reg_reg is absorbed into DSP mult_result.
DSP Report: operator mult_result is absorbed into DSP mult_result.
---------------------------------------------------------------------------------
Finished Cross Boundary and Area Optimization : Time (s): cpu = 00:00:35 ; elapsed = 00:00:43 . Memory (MB): peak = 2018.391 ; gain = 1473.965
---------------------------------------------------------------------------------
 Sort Area is  mult_result_0 : 0 0 : 1969 1969 : Used 1 time 0
 Sort Area is  mult_result_2 : 0 0 : 1969 1969 : Used 1 time 0
 Sort Area is  mult_result_3 : 0 0 : 1969 1969 : Used 1 time 0
---------------------------------------------------------------------------------
Start ROM, RAM, DSP, Shift Register and Retiming Reporting
---------------------------------------------------------------------------------

DSP: Preliminary Mapping Report (see note below. The ' indicates corresponding REG is set)
+------------+-------------+--------+--------+--------+--------+--------+------+------+------+------+-------+------+------+
|Module Name | DSP Mapping | A Size | B Size | C Size | D Size | P Size | AREG | BREG | CREG | DREG | ADREG | MREG | PREG | 
+------------+-------------+--------+--------+--------+--------+--------+------+------+------+------+-------+------+------+
|mac         | A2*B2       | 16     | 16     | -      | -      | 32     | 1    | 1    | -    | -    | -     | 0    | 0    | 
|mac         | A2*B2       | 16     | 16     | -      | -      | 32     | 1    | 1    | -    | -    | -     | 0    | 0    | 
|mac         | A2*B2       | 16     | 16     | -      | -      | 32     | 1    | 1    | -    | -    | -     | 0    | 0    | 
+------------+-------------+--------+--------+--------+--------+--------+------+------+------+------+-------+------+------+

Note: The table above is a preliminary report that shows the DSPs inferred at the current stage of the synthesis flow. Some DSP may be reimplemented as non DSP primitives later in the synthesis flow. Multiple instantiated DSPs are reported only once.
---------------------------------------------------------------------------------
Finished ROM, RAM, DSP, Shift Register and Retiming Reporting
---------------------------------------------------------------------------------
No constraint files found.
---------------------------------------------------------------------------------
Start Timing Optimization
---------------------------------------------------------------------------------
---------------------------------------------------------------------------------
Finished Timing Optimization : Time (s): cpu = 00:00:36 ; elapsed = 00:00:44 . Memory (MB): peak = 2018.391 ; gain = 1473.965
---------------------------------------------------------------------------------
---------------------------------------------------------------------------------
Start Technology Mapping
---------------------------------------------------------------------------------
---------------------------------------------------------------------------------
Finished Technology Mapping : Time (s): cpu = 00:00:36 ; elapsed = 00:00:45 . Memory (MB): peak = 2018.391 ; gain = 1473.965
---------------------------------------------------------------------------------
---------------------------------------------------------------------------------
Start IO Insertion
---------------------------------------------------------------------------------
---------------------------------------------------------------------------------
Start Final Netlist Cleanup
---------------------------------------------------------------------------------
---------------------------------------------------------------------------------
Finished Final Netlist Cleanup
---------------------------------------------------------------------------------
---------------------------------------------------------------------------------
Finished IO Insertion : Time (s): cpu = 00:00:48 ; elapsed = 00:00:58 . Memory (MB): peak = 2184.145 ; gain = 1639.719
---------------------------------------------------------------------------------
---------------------------------------------------------------------------------
Start Renaming Generated Instances
---------------------------------------------------------------------------------
---------------------------------------------------------------------------------
Finished Renaming Generated Instances : Time (s): cpu = 00:00:48 ; elapsed = 00:00:58 . Memory (MB): peak = 2184.145 ; gain = 1639.719
---------------------------------------------------------------------------------
---------------------------------------------------------------------------------
Start Handling Custom Attributes
---------------------------------------------------------------------------------
---------------------------------------------------------------------------------
Finished Handling Custom Attributes : Time (s): cpu = 00:00:48 ; elapsed = 00:00:58 . Memory (MB): peak = 2184.145 ; gain = 1639.719
---------------------------------------------------------------------------------
---------------------------------------------------------------------------------
Start Writing Synthesis Report
---------------------------------------------------------------------------------

DSP Final Report (the ' indicates corresponding REG is set)
+------------+-------------+--------+--------+--------+--------+--------+------+------+------+------+-------+------+------+
|Module Name | DSP Mapping | A Size | B Size | C Size | D Size | P Size | AREG | BREG | CREG | DREG | ADREG | MREG | PREG | 
+------------+-------------+--------+--------+--------+--------+--------+------+------+------+------+-------+------+------+
|mac         | A'*B'       | 30     | 18     | -      | -      | 32     | 1    | 1    | -    | -    | -     | 0    | 0    | 
|mac         | A'*B'       | 30     | 18     | -      | -      | 32     | 1    | 1    | -    | -    | -     | 0    | 0    | 
|mac         | A'*B'       | 30     | 18     | -      | -      | 32     | 1    | 1    | -    | -    | -     | 0    | 0    | 
+------------+-------------+--------+--------+--------+--------+--------+------+------+------+------+-------+------+------+


Report BlackBoxes: 
+-+--------------+----------+
| |BlackBox name |Instances |
+-+--------------+----------+
+-+--------------+----------+

Report Cell Usage: 
+------+--------+------+
|      |Cell    |Count |
+------+--------+------+
|1     |CARRY8  |    12|
|2     |DSP48E2 |     3|
|3     |LUT2    |    78|
|4     |LUT3    |    15|
|5     |LUT4    |    36|
|6     |FDRE    |    48|
+------+--------+------+

Report Instance Areas: 
+------+------------+--------------------+------+
|      |Instance    |Module              |Cells |
+------+------------+--------------------+------+
|1     |top         |                    |   192|
|2     |  mac_conv1 |mac                 |    64|
|3     |  mac_conv2 |mac__parameterized0 |    64|
|4     |  mac_conv3 |mac__parameterized1 |    64|
+------+------------+--------------------+------+
---------------------------------------------------------------------------------
Finished Writing Synthesis Report : Time (s): cpu = 00:00:48 ; elapsed = 00:00:58 . Memory (MB): peak = 2184.145 ; gain = 1639.719
---------------------------------------------------------------------------------
Synthesis finished with 0 errors, 0 critical warnings and 0 warnings.
Synthesis Optimization Runtime : Time (s): cpu = 00:00:48 ; elapsed = 00:00:58 . Memory (MB): peak = 2184.145 ; gain = 1639.719
Synthesis Optimization Complete : Time (s): cpu = 00:00:48 ; elapsed = 00:00:58 . Memory (MB): peak = 2184.145 ; gain = 1639.719
INFO: [Project 1-571] Translating synthesized netlist
Netlist sorting complete. Time (s): cpu = 00:00:00 ; elapsed = 00:00:00.016 . Memory (MB): peak = 2198.922 ; gain = 0.000
INFO: [Netlist 29-17] Analyzing 15 Unisim elements for replacement
INFO: [Netlist 29-28] Unisim Transformation completed in 0 CPU seconds
INFO: [Project 1-570] Preparing netlist for logic optimization
INFO: [Opt 31-138] Pushed 0 inverter(s) to 0 load pin(s).
Netlist sorting complete. Time (s): cpu = 00:00:00 ; elapsed = 00:00:00.001 . Memory (MB): peak = 2312.555 ; gain = 0.000
INFO: [Project 1-111] Unisim Transformation Summary:
  A total of 3 instances were transformed.
  DSP48E2 => DSP48E2 (DSP_ALU, DSP_A_B_DATA, DSP_C_DATA, DSP_MULTIPLIER, DSP_M_DATA, DSP_OUTPUT, DSP_PREADD, DSP_PREADD_DATA): 3 instances

Synth Design complete | Checksum: 5816525e
INFO: [Common 17-83] Releasing license: Synthesis
23 Infos, 0 Warnings, 0 Critical Warnings and 0 Errors encountered.
synth_design completed successfully
synth_design: Time (s): cpu = 00:00:54 ; elapsed = 00:01:07 . Memory (MB): peak = 2312.555 ; gain = 1772.137
INFO: [Timing 38-35] Done setting XDC timing constraints.
Write ShapeDB Complete: Time (s): cpu = 00:00:00 ; elapsed = 00:00:00.013 . Memory (MB): peak = 2358.422 ; gain = 0.000
INFO: [Common 17-1381] The checkpoint 'C:/Users/prave/Vivado_projects/Intern_1/Intern_1.runs/synth_1/top_module.dcp' has been generated.
write_checkpoint: Time (s): cpu = 00:00:30 ; elapsed = 00:00:36 . Memory (MB): peak = 2359.273 ; gain = 46.719
INFO: [Vivado 12-24828] Executing command : report_utilization -file top_module_utilization_synth.rpt -pb top_module_utilization_synth.pb
INFO: [Common 17-206] Exiting Vivado at Wed Jun 17 19:44:59 2026...
