
*** Running vivado
    with args -log dynamic_mac.vds -m64 -product Vivado -mode batch -messageDb vivado.pb -notrace -source dynamic_mac.tcl



****** Vivado v2025.2 (64-bit)
  **** SW Build 6299465 on Fri Nov 14 19:35:11 GMT 2025
  **** IP Build 6300035 on Fri Nov 14 10:48:45 MST 2025
  **** SharedData Build 6298862 on Thu Nov 13 04:50:51 MST 2025
  **** Start of session at: Sun May 31 17:25:26 2026
    ** Copyright 1986-2022 Xilinx, Inc. All Rights Reserved.
    ** Copyright 2022-2025 Advanced Micro Devices, Inc. All Rights Reserved.

source dynamic_mac.tcl -notrace
create_project: Time (s): cpu = 00:00:11 ; elapsed = 00:00:07 . Memory (MB): peak = 537.453 ; gain = 222.004
Command: synth_design -top dynamic_mac -part xck26-sfvc784-2LV-c -flatten_hierarchy none -mode out_of_context
Starting synth_design
Attempting to get a license for feature 'Synthesis' and/or device 'xck26'
INFO: [Common 17-349] Got license for feature 'Synthesis' and/or device 'xck26'
INFO: [Synth 8-7079] Multithreading enabled for synth_design using a maximum of 2 processes.
INFO: [Synth 8-7078] Launching helper process for spawning children vivado processes
INFO: [Synth 8-7075] Helper process launched with PID 21924
---------------------------------------------------------------------------------
Starting Synthesize : Time (s): cpu = 00:00:07 ; elapsed = 00:00:07 . Memory (MB): peak = 1079.812 ; gain = 538.406
---------------------------------------------------------------------------------
INFO: [Synth 8-6157] synthesizing module 'dynamic_mac' [C:/Users/prave/Vivado_projects/Internship/Internship.srcs/sources_1/new/dynamic_mac.v:23]
INFO: [Synth 8-6157] synthesizing module 'conditional_16bit' [C:/Users/prave/Vivado_projects/Internship/Internship.srcs/sources_1/new/conditional_16bit.v:23]
INFO: [Synth 8-6157] synthesizing module 'conditional_4bit' [C:/Users/prave/Vivado_projects/Internship/Internship.srcs/sources_1/new/conditional_4bit.v:23]
INFO: [Synth 8-6155] done synthesizing module 'conditional_4bit' (0#1) [C:/Users/prave/Vivado_projects/Internship/Internship.srcs/sources_1/new/conditional_4bit.v:23]
INFO: [Synth 8-6155] done synthesizing module 'conditional_16bit' (0#1) [C:/Users/prave/Vivado_projects/Internship/Internship.srcs/sources_1/new/conditional_16bit.v:23]
INFO: [Synth 8-6157] synthesizing module 'approx_loa' [C:/Users/prave/Vivado_projects/Internship/Internship.srcs/sources_1/new/approx_loa.v:23]
INFO: [Synth 8-6155] done synthesizing module 'approx_loa' (0#1) [C:/Users/prave/Vivado_projects/Internship/Internship.srcs/sources_1/new/approx_loa.v:23]
INFO: [Synth 8-6155] done synthesizing module 'dynamic_mac' (0#1) [C:/Users/prave/Vivado_projects/Internship/Internship.srcs/sources_1/new/dynamic_mac.v:23]
---------------------------------------------------------------------------------
Finished Synthesize : Time (s): cpu = 00:00:09 ; elapsed = 00:00:10 . Memory (MB): peak = 1196.359 ; gain = 654.953
---------------------------------------------------------------------------------
---------------------------------------------------------------------------------
Finished Constraint Validation : Time (s): cpu = 00:00:09 ; elapsed = 00:00:10 . Memory (MB): peak = 1196.359 ; gain = 654.953
---------------------------------------------------------------------------------
---------------------------------------------------------------------------------
Start Loading Part and Timing Information
---------------------------------------------------------------------------------
Loading part: xck26-sfvc784-2LV-c
INFO: [Device 21-403] Loading part xck26-sfvc784-2LV-c
INFO: [Synth 8-6742] Reading net delay rules and data
---------------------------------------------------------------------------------
Finished Loading Part and Timing Information : Time (s): cpu = 00:00:09 ; elapsed = 00:00:10 . Memory (MB): peak = 1196.359 ; gain = 654.953
---------------------------------------------------------------------------------
---------------------------------------------------------------------------------
Finished RTL Optimization Phase 2 : Time (s): cpu = 00:00:10 ; elapsed = 00:00:11 . Memory (MB): peak = 1196.359 ; gain = 654.953
---------------------------------------------------------------------------------
No constraint files found.
---------------------------------------------------------------------------------
Start RTL Component Statistics 
---------------------------------------------------------------------------------
Detailed RTL Component Info : 
+---Adders : 
	   2 Input    5 Bit       Adders := 7     
	   3 Input    5 Bit       Adders := 7     
+---Registers : 
	               16 Bit    Registers := 1     
+---Muxes : 
	   2 Input   16 Bit        Muxes := 1     
	   2 Input    4 Bit        Muxes := 7     
	   2 Input    1 Bit        Muxes := 7     
---------------------------------------------------------------------------------
Finished RTL Component Statistics 
---------------------------------------------------------------------------------
---------------------------------------------------------------------------------
Start Part Resource Summary
---------------------------------------------------------------------------------
Part Resources:
DSPs: 1248 (col length:96)
BRAMs: 288 (col length: RAMB18 96 RAMB36 48)
---------------------------------------------------------------------------------
Finished Part Resource Summary
---------------------------------------------------------------------------------
No constraint files found.
---------------------------------------------------------------------------------
Start Cross Boundary and Area Optimization
---------------------------------------------------------------------------------
DSP Report: Generating DSP product, operation Mode is: A*B.
DSP Report: operator product is absorbed into DSP product.
---------------------------------------------------------------------------------
Finished Cross Boundary and Area Optimization : Time (s): cpu = 00:00:19 ; elapsed = 00:00:22 . Memory (MB): peak = 2017.215 ; gain = 1475.809
---------------------------------------------------------------------------------
 Sort Area is  product_0 : 0 0 : 1946 1946 : Used 1 time 0
---------------------------------------------------------------------------------
Start ROM, RAM, DSP, Shift Register and Retiming Reporting
---------------------------------------------------------------------------------

DSP: Preliminary Mapping Report (see note below. The ' indicates corresponding REG is set)
+------------+-------------+--------+--------+--------+--------+--------+------+------+------+------+-------+------+------+
|Module Name | DSP Mapping | A Size | B Size | C Size | D Size | P Size | AREG | BREG | CREG | DREG | ADREG | MREG | PREG | 
+------------+-------------+--------+--------+--------+--------+--------+------+------+------+------+-------+------+------+
|dynamic_mac | A*B         | 16     | 16     | -      | -      | 32     | 0    | 0    | -    | -    | -     | 0    | 0    | 
+------------+-------------+--------+--------+--------+--------+--------+------+------+------+------+-------+------+------+

Note: The table above is a preliminary report that shows the DSPs inferred at the current stage of the synthesis flow. Some DSP may be reimplemented as non DSP primitives later in the synthesis flow. Multiple instantiated DSPs are reported only once.
---------------------------------------------------------------------------------
Finished ROM, RAM, DSP, Shift Register and Retiming Reporting
---------------------------------------------------------------------------------
No constraint files found.
---------------------------------------------------------------------------------
Start Timing Optimization
---------------------------------------------------------------------------------
---------------------------------------------------------------------------------
Finished Timing Optimization : Time (s): cpu = 00:00:19 ; elapsed = 00:00:22 . Memory (MB): peak = 2017.215 ; gain = 1475.809
---------------------------------------------------------------------------------
---------------------------------------------------------------------------------
Start Technology Mapping
---------------------------------------------------------------------------------
---------------------------------------------------------------------------------
Finished Technology Mapping : Time (s): cpu = 00:00:19 ; elapsed = 00:00:22 . Memory (MB): peak = 2017.215 ; gain = 1475.809
---------------------------------------------------------------------------------
---------------------------------------------------------------------------------
Start IO Insertion
---------------------------------------------------------------------------------
---------------------------------------------------------------------------------
Start Final Netlist Cleanup
---------------------------------------------------------------------------------
---------------------------------------------------------------------------------
Finished Final Netlist Cleanup
---------------------------------------------------------------------------------
---------------------------------------------------------------------------------
Finished IO Insertion : Time (s): cpu = 00:00:27 ; elapsed = 00:00:30 . Memory (MB): peak = 2185.535 ; gain = 1644.129
---------------------------------------------------------------------------------
---------------------------------------------------------------------------------
Start Renaming Generated Instances
---------------------------------------------------------------------------------
---------------------------------------------------------------------------------
Finished Renaming Generated Instances : Time (s): cpu = 00:00:27 ; elapsed = 00:00:30 . Memory (MB): peak = 2185.535 ; gain = 1644.129
---------------------------------------------------------------------------------
---------------------------------------------------------------------------------
Start Handling Custom Attributes
---------------------------------------------------------------------------------
---------------------------------------------------------------------------------
Finished Handling Custom Attributes : Time (s): cpu = 00:00:27 ; elapsed = 00:00:30 . Memory (MB): peak = 2185.535 ; gain = 1644.129
---------------------------------------------------------------------------------
---------------------------------------------------------------------------------
Start Writing Synthesis Report
---------------------------------------------------------------------------------

DSP Final Report (the ' indicates corresponding REG is set)
+------------+-------------+--------+--------+--------+--------+--------+------+------+------+------+-------+------+------+
|Module Name | DSP Mapping | A Size | B Size | C Size | D Size | P Size | AREG | BREG | CREG | DREG | ADREG | MREG | PREG | 
+------------+-------------+--------+--------+--------+--------+--------+------+------+------+------+-------+------+------+
|dynamic_mac | A*B         | 16     | 16     | -      | -      | 32     | 0    | 0    | -    | -    | -     | 0    | 0    | 
+------------+-------------+--------+--------+--------+--------+--------+------+------+------+------+-------+------+------+


Report BlackBoxes: 
+-+--------------+----------+
| |BlackBox name |Instances |
+-+--------------+----------+
+-+--------------+----------+

Report Cell Usage: 
+------+--------+------+
|      |Cell    |Count |
+------+--------+------+
|1     |DSP48E2 |     1|
|2     |LUT2    |     6|
|3     |LUT3    |    30|
|4     |LUT4    |     1|
|5     |LUT5    |    22|
|6     |LUT6    |     2|
|7     |FDCE    |    16|
+------+--------+------+

Report Instance Areas: 
+------+---------------+--------------------+------+
|      |Instance       |Module              |Cells |
+------+---------------+--------------------+------+
|1     |top            |                    |    78|
|2     |  exact_adder  |conditional_16bit   |    23|
|3     |    u1         |conditional_4bit__1 |     6|
|4     |    u2         |conditional_4bit__2 |     6|
|5     |    u3         |conditional_4bit__3 |     6|
|6     |    u4         |conditional_4bit__4 |     5|
|7     |  approx_adder |approx_loa          |    22|
|8     |    u1         |conditional_4bit__5 |     6|
|9     |    u2         |conditional_4bit__6 |     6|
|10    |    u3         |conditional_4bit    |     5|
+------+---------------+--------------------+------+
---------------------------------------------------------------------------------
Finished Writing Synthesis Report : Time (s): cpu = 00:00:27 ; elapsed = 00:00:30 . Memory (MB): peak = 2185.535 ; gain = 1644.129
---------------------------------------------------------------------------------
Synthesis finished with 0 errors, 0 critical warnings and 0 warnings.
Synthesis Optimization Runtime : Time (s): cpu = 00:00:27 ; elapsed = 00:00:30 . Memory (MB): peak = 2185.535 ; gain = 1644.129
Synthesis Optimization Complete : Time (s): cpu = 00:00:27 ; elapsed = 00:00:30 . Memory (MB): peak = 2185.535 ; gain = 1644.129
INFO: [Project 1-571] Translating synthesized netlist
Netlist sorting complete. Time (s): cpu = 00:00:00 ; elapsed = 00:00:00.002 . Memory (MB): peak = 2200.215 ; gain = 0.000
INFO: [Netlist 29-17] Analyzing 1 Unisim elements for replacement
INFO: [Netlist 29-28] Unisim Transformation completed in 0 CPU seconds
INFO: [Project 1-570] Preparing netlist for logic optimization
INFO: [Opt 31-138] Pushed 0 inverter(s) to 0 load pin(s).
Netlist sorting complete. Time (s): cpu = 00:00:00 ; elapsed = 00:00:00 . Memory (MB): peak = 2310.023 ; gain = 0.000
INFO: [Project 1-111] Unisim Transformation Summary:
  A total of 1 instances were transformed.
  DSP48E2 => DSP48E2 (DSP_ALU, DSP_A_B_DATA, DSP_C_DATA, DSP_MULTIPLIER, DSP_M_DATA, DSP_OUTPUT, DSP_PREADD, DSP_PREADD_DATA): 1 instance 

Synth Design complete | Checksum: cf1b5433
INFO: [Common 17-83] Releasing license: Synthesis
21 Infos, 0 Warnings, 0 Critical Warnings and 0 Errors encountered.
synth_design completed successfully
synth_design: Time (s): cpu = 00:00:30 ; elapsed = 00:00:34 . Memory (MB): peak = 2310.023 ; gain = 1772.570
INFO: [Timing 38-35] Done setting XDC timing constraints.
Write ShapeDB Complete: Time (s): cpu = 00:00:00 ; elapsed = 00:00:00.006 . Memory (MB): peak = 2331.703 ; gain = 0.000
INFO: [Common 17-1381] The checkpoint 'C:/Users/prave/Vivado_projects/Internship/Internship.runs/synth_1/dynamic_mac.dcp' has been generated.
write_checkpoint: Time (s): cpu = 00:00:17 ; elapsed = 00:00:18 . Memory (MB): peak = 2332.270 ; gain = 22.246
INFO: [Vivado 12-24828] Executing command : report_utilization -file dynamic_mac_utilization_synth.rpt -pb dynamic_mac_utilization_synth.pb
INFO: [Common 17-206] Exiting Vivado at Sun May 31 17:26:30 2026...
