Copyright 1986-2022 Xilinx, Inc. All Rights Reserved. Copyright 2022-2025 Advanced Micro Devices, Inc. All Rights Reserved.
---------------------------------------------------------------------------------------------------------------------------------------------------------------------------------------------------------------------------------------------------------------------------------
| Tool Version : Vivado v.2025.2 (win64) Build 6299465 Fri Nov 14 19:35:11 GMT 2025
| Date         : Thu Apr 16 15:12:03 2026
| Host         : Goblet-of-File running 64-bit major release  (build 9200)
| Command      : report_timing_summary -max_paths 10 -routable_nets -report_unconstrained -file cosa_16bit_block_ripple_timing_summary_routed.rpt -pb cosa_16bit_block_ripple_timing_summary_routed.pb -rpx cosa_16bit_block_ripple_timing_summary_routed.rpx -warn_on_violation
| Design       : cosa_16bit_block_ripple
| Device       : 7k70t-fbv676
| Speed File   : -1  PRODUCTION 1.12 2017-02-17
| Design State : Routed
---------------------------------------------------------------------------------------------------------------------------------------------------------------------------------------------------------------------------------------------------------------------------------

Timing Summary Report

------------------------------------------------------------------------------------------------
| Timer Settings
| --------------
------------------------------------------------------------------------------------------------

  Enable Multi Corner Analysis               :  Yes
  Enable Pessimism Removal                   :  Yes
  Pessimism Removal Resolution               :  Nearest Common Node
  Enable Input Delay Default Clock           :  No
  Enable Preset / Clear Arcs                 :  No
  Disable Flight Delays                      :  No
  Ignore I/O Paths                           :  No
  Timing Early Launch at Borrowing Latches   :  No
  Borrow Time for Max Delay Exceptions       :  Yes
  Merge Timing Exceptions                    :  Yes
  Inter-SLR Compensation                     :  Conservative

  Corner  Analyze    Analyze    
  Name    Max Paths  Min Paths  
  ------  ---------  ---------  
  Slow    Yes        Yes        
  Fast    Yes        Yes        


------------------------------------------------------------------------------------------------
| Report Methodology
| ------------------
------------------------------------------------------------------------------------------------

No report available as report_methodology has not been run prior. Run report_methodology on the current design for the summary of methodology violations.



check_timing report

Table of Contents
-----------------
1. checking no_clock (0)
2. checking constant_clock (0)
3. checking pulse_width_clock (0)
4. checking unconstrained_internal_endpoints (0)
5. checking no_input_delay (0)
6. checking no_output_delay (0)
7. checking multiple_clock (0)
8. checking generated_clocks (0)
9. checking loops (0)
10. checking partial_input_delay (0)
11. checking partial_output_delay (0)
12. checking latch_loops (0)

1. checking no_clock (0)
------------------------
 There are 0 register/latch pins with no clock.


2. checking constant_clock (0)
------------------------------
 There are 0 register/latch pins with constant_clock.


3. checking pulse_width_clock (0)
---------------------------------
 There are 0 register/latch pins which need pulse_width check


4. checking unconstrained_internal_endpoints (0)
------------------------------------------------
 There are 0 pins that are not constrained for maximum delay.

 There are 0 pins that are not constrained for maximum delay due to constant clock.


5. checking no_input_delay (0)
------------------------------
 There are 0 input ports with no input delay specified.

 There are 0 input ports with no input delay but user has a false path constraint.


6. checking no_output_delay (0)
-------------------------------
 There are 0 ports with no output delay specified.

 There are 0 ports with no output delay but user has a false path constraint

 There are 0 ports with no output delay but with a timing clock defined on it or propagating through it


7. checking multiple_clock (0)
------------------------------
 There are 0 register/latch pins with multiple clocks.


8. checking generated_clocks (0)
--------------------------------
 There are 0 generated clocks that are not connected to a clock source.


9. checking loops (0)
---------------------
 There are 0 combinational loops in the design.


10. checking partial_input_delay (0)
------------------------------------
 There are 0 input ports with partial input delay specified.


11. checking partial_output_delay (0)
-------------------------------------
 There are 0 ports with partial output delay specified.


12. checking latch_loops (0)
----------------------------
 There are 0 combinational latch loops in the design through latch input



------------------------------------------------------------------------------------------------
| Design Timing Summary
| ---------------------
------------------------------------------------------------------------------------------------

    WNS(ns)      TNS(ns)  TNS Failing Endpoints  TNS Total Endpoints      WHS(ns)      THS(ns)  THS Failing Endpoints  THS Total Endpoints     WPWS(ns)     TPWS(ns)  TPWS Failing Endpoints  TPWS Total Endpoints  
    -------      -------  ---------------------  -------------------      -------      -------  ---------------------  -------------------     --------     --------  ----------------------  --------------------  
        inf        0.000                      0                   17          inf        0.000                      0                   17           NA           NA                      NA                    NA  


There are no user specified timing constraints.


------------------------------------------------------------------------------------------------
| Clock Summary
| -------------
------------------------------------------------------------------------------------------------


------------------------------------------------------------------------------------------------
| Intra Clock Table
| -----------------
------------------------------------------------------------------------------------------------

Clock             WNS(ns)      TNS(ns)  TNS Failing Endpoints  TNS Total Endpoints      WHS(ns)      THS(ns)  THS Failing Endpoints  THS Total Endpoints     WPWS(ns)     TPWS(ns)  TPWS Failing Endpoints  TPWS Total Endpoints  
-----             -------      -------  ---------------------  -------------------      -------      -------  ---------------------  -------------------     --------     --------  ----------------------  --------------------  


------------------------------------------------------------------------------------------------
| Inter Clock Table
| -----------------
------------------------------------------------------------------------------------------------

From Clock    To Clock          WNS(ns)      TNS(ns)  TNS Failing Endpoints  TNS Total Endpoints      WHS(ns)      THS(ns)  THS Failing Endpoints  THS Total Endpoints  
----------    --------          -------      -------  ---------------------  -------------------      -------      -------  ---------------------  -------------------  


------------------------------------------------------------------------------------------------
| Other Path Groups Table
| -----------------------
------------------------------------------------------------------------------------------------

Path Group    From Clock    To Clock          WNS(ns)      TNS(ns)  TNS Failing Endpoints  TNS Total Endpoints      WHS(ns)      THS(ns)  THS Failing Endpoints  THS Total Endpoints  
----------    ----------    --------          -------      -------  ---------------------  -------------------      -------      -------  ---------------------  -------------------  


------------------------------------------------------------------------------------------------
| User Ignored Path Table
| -----------------------
------------------------------------------------------------------------------------------------

Path Group    From Clock    To Clock    
----------    ----------    --------    


------------------------------------------------------------------------------------------------
| Unconstrained Path Table
| ------------------------
------------------------------------------------------------------------------------------------

Path Group    From Clock    To Clock    
----------    ----------    --------    
(none)                                    


------------------------------------------------------------------------------------------------
| Timing Details
| --------------
------------------------------------------------------------------------------------------------


--------------------------------------------------------------------------------------
Path Group:  (none)
From Clock:  
  To Clock:  

Max Delay            17 Endpoints
Min Delay            17 Endpoints
--------------------------------------------------------------------------------------


Max Delay Paths
--------------------------------------------------------------------------------------
Slack:                    inf
  Source:                 a[9]
                            (input port)
  Destination:            cout
                            (output port)
  Path Group:             (none)
  Path Type:              Max at Slow Process Corner
  Data Path Delay:        3.570ns  (logic 0.476ns (13.334%)  route 3.094ns (86.666%))
  Logic Levels:           4  (LUT4=1 LUT5=3)

    Location             Delay type                Incr(ns)  Path(ns)    Netlist Resource(s)
  -------------------------------------------------------------------    -------------------
                                                      0.000     0.000 f  a[9] (IN)
                         net (fo=2, unset)            0.672     0.672    a[9]
    SLICE_X1Y3           LUT4 (Prop_lut4_I3_O)        0.067     0.739 f  sum[11]_INST_0_i_3/O
                         net (fo=3, routed)           0.839     1.578    sum[11]_INST_0_i_3_n_0
    SLICE_X1Y3           LUT5 (Prop_lut5_I0_O)        0.170     1.748 r  sum[15]_INST_0_i_8/O
                         net (fo=2, routed)           0.458     2.205    sum[15]_INST_0_i_8_n_0
    SLICE_X2Y3           LUT5 (Prop_lut5_I4_O)        0.067     2.272 r  sum[14]_INST_0_i_1/O
                         net (fo=2, routed)           0.453     2.726    sum[14]_INST_0_i_1_n_0
    SLICE_X0Y3           LUT5 (Prop_lut5_I1_O)        0.172     2.898 r  cout_INST_0/O
                         net (fo=0)                   0.672     3.570    cout
                                                                      r  cout (OUT)
  -------------------------------------------------------------------    -------------------

Slack:                    inf
  Source:                 a[9]
                            (input port)
  Destination:            sum[15]
                            (output port)
  Path Group:             (none)
  Path Type:              Max at Slow Process Corner
  Data Path Delay:        3.550ns  (logic 0.343ns (9.662%)  route 3.207ns (90.338%))
  Logic Levels:           4  (LUT4=1 LUT5=2 LUT6=1)

    Location             Delay type                Incr(ns)  Path(ns)    Netlist Resource(s)
  -------------------------------------------------------------------    -------------------
                                                      0.000     0.000 r  a[9] (IN)
                         net (fo=2, unset)            0.672     0.672    a[9]
    SLICE_X1Y3           LUT4 (Prop_lut4_I3_O)        0.067     0.739 r  sum[11]_INST_0_i_3/O
                         net (fo=3, routed)           0.839     1.578    sum[11]_INST_0_i_3_n_0
    SLICE_X1Y3           LUT5 (Prop_lut5_I0_O)        0.170     1.748 f  sum[15]_INST_0_i_8/O
                         net (fo=2, routed)           0.458     2.205    sum[15]_INST_0_i_8_n_0
    SLICE_X2Y3           LUT5 (Prop_lut5_I4_O)        0.053     2.258 r  sum[15]_INST_0_i_2/O
                         net (fo=3, routed)           0.567     2.825    sum[15]_INST_0_i_2_n_0
    SLICE_X0Y3           LUT6 (Prop_lut6_I1_O)        0.053     2.878 r  sum[15]_INST_0/O
                         net (fo=0)                   0.672     3.550    sum[15]
                                                                      r  sum[15] (OUT)
  -------------------------------------------------------------------    -------------------

Slack:                    inf
  Source:                 a[9]
                            (input port)
  Destination:            sum[14]
                            (output port)
  Path Group:             (none)
  Path Type:              Max at Slow Process Corner
  Data Path Delay:        3.531ns  (logic 0.476ns (13.481%)  route 3.055ns (86.519%))
  Logic Levels:           4  (LUT4=1 LUT5=3)

    Location             Delay type                Incr(ns)  Path(ns)    Netlist Resource(s)
  -------------------------------------------------------------------    -------------------
                                                      0.000     0.000 f  a[9] (IN)
                         net (fo=2, unset)            0.672     0.672    a[9]
    SLICE_X1Y3           LUT4 (Prop_lut4_I3_O)        0.067     0.739 f  sum[11]_INST_0_i_3/O
                         net (fo=3, routed)           0.839     1.578    sum[11]_INST_0_i_3_n_0
    SLICE_X1Y3           LUT5 (Prop_lut5_I0_O)        0.170     1.748 r  sum[15]_INST_0_i_8/O
                         net (fo=2, routed)           0.458     2.205    sum[15]_INST_0_i_8_n_0
    SLICE_X2Y3           LUT5 (Prop_lut5_I4_O)        0.067     2.272 r  sum[14]_INST_0_i_1/O
                         net (fo=2, routed)           0.414     2.687    sum[14]_INST_0_i_1_n_0
    SLICE_X0Y3           LUT5 (Prop_lut5_I1_O)        0.172     2.859 r  sum[14]_INST_0/O
                         net (fo=0)                   0.672     3.531    sum[14]
                                                                      r  sum[14] (OUT)
  -------------------------------------------------------------------    -------------------

Slack:                    inf
  Source:                 a[9]
                            (input port)
  Destination:            sum[12]
                            (output port)
  Path Group:             (none)
  Path Type:              Max at Slow Process Corner
  Data Path Delay:        3.455ns  (logic 0.343ns (9.926%)  route 3.112ns (90.074%))
  Logic Levels:           4  (LUT3=1 LUT4=1 LUT5=2)

    Location             Delay type                Incr(ns)  Path(ns)    Netlist Resource(s)
  -------------------------------------------------------------------    -------------------
                                                      0.000     0.000 r  a[9] (IN)
                         net (fo=2, unset)            0.672     0.672    a[9]
    SLICE_X1Y3           LUT4 (Prop_lut4_I3_O)        0.067     0.739 r  sum[11]_INST_0_i_3/O
                         net (fo=3, routed)           0.839     1.578    sum[11]_INST_0_i_3_n_0
    SLICE_X1Y3           LUT5 (Prop_lut5_I0_O)        0.170     1.748 f  sum[15]_INST_0_i_8/O
                         net (fo=2, routed)           0.458     2.205    sum[15]_INST_0_i_8_n_0
    SLICE_X2Y3           LUT5 (Prop_lut5_I4_O)        0.053     2.258 r  sum[15]_INST_0_i_2/O
                         net (fo=3, routed)           0.472     2.730    sum[15]_INST_0_i_2_n_0
    SLICE_X3Y3           LUT3 (Prop_lut3_I0_O)        0.053     2.783 r  sum[12]_INST_0/O
                         net (fo=0)                   0.672     3.455    sum[12]
                                                                      r  sum[12] (OUT)
  -------------------------------------------------------------------    -------------------

Slack:                    inf
  Source:                 a[9]
                            (input port)
  Destination:            sum[13]
                            (output port)
  Path Group:             (none)
  Path Type:              Max at Slow Process Corner
  Data Path Delay:        3.450ns  (logic 0.343ns (9.943%)  route 3.107ns (90.057%))
  Logic Levels:           4  (LUT4=1 LUT5=3)

    Location             Delay type                Incr(ns)  Path(ns)    Netlist Resource(s)
  -------------------------------------------------------------------    -------------------
                                                      0.000     0.000 r  a[9] (IN)
                         net (fo=2, unset)            0.672     0.672    a[9]
    SLICE_X1Y3           LUT4 (Prop_lut4_I3_O)        0.067     0.739 r  sum[11]_INST_0_i_3/O
                         net (fo=3, routed)           0.839     1.578    sum[11]_INST_0_i_3_n_0
    SLICE_X1Y3           LUT5 (Prop_lut5_I0_O)        0.170     1.748 f  sum[15]_INST_0_i_8/O
                         net (fo=2, routed)           0.458     2.205    sum[15]_INST_0_i_8_n_0
    SLICE_X2Y3           LUT5 (Prop_lut5_I4_O)        0.053     2.258 r  sum[15]_INST_0_i_2/O
                         net (fo=3, routed)           0.466     2.725    sum[15]_INST_0_i_2_n_0
    SLICE_X3Y3           LUT5 (Prop_lut5_I0_O)        0.053     2.778 r  sum[13]_INST_0/O
                         net (fo=0)                   0.672     3.450    sum[13]
                                                                      r  sum[13] (OUT)
  -------------------------------------------------------------------    -------------------

Slack:                    inf
  Source:                 a[1]
                            (input port)
  Destination:            sum[6]
                            (output port)
  Path Group:             (none)
  Path Type:              Max at Slow Process Corner
  Data Path Delay:        3.407ns  (logic 0.340ns (9.981%)  route 3.067ns (90.019%))
  Logic Levels:           4  (LUT3=1 LUT4=1 LUT5=2)

    Location             Delay type                Incr(ns)  Path(ns)    Netlist Resource(s)
  -------------------------------------------------------------------    -------------------
                                                      0.000     0.000 r  a[1] (IN)
                         net (fo=3, unset)            0.672     0.672    a[1]
    SLICE_X3Y2           LUT4 (Prop_lut4_I3_O)        0.053     0.725 r  sum[5]_INST_0_i_4/O
                         net (fo=1, routed)           0.545     1.270    sum[5]_INST_0_i_4_n_0
    SLICE_X2Y2           LUT5 (Prop_lut5_I3_O)        0.053     1.323 f  sum[5]_INST_0_i_1/O
                         net (fo=6, routed)           0.838     2.161    sum[5]_INST_0_i_1_n_0
    SLICE_X2Y4           LUT5 (Prop_lut5_I0_O)        0.066     2.227 r  sum[7]_INST_0_i_1/O
                         net (fo=2, routed)           0.339     2.567    sum[7]_INST_0_i_1_n_0
    SLICE_X2Y4           LUT3 (Prop_lut3_I0_O)        0.168     2.735 r  sum[6]_INST_0/O
                         net (fo=0)                   0.672     3.407    sum[6]
                                                                      r  sum[6] (OUT)
  -------------------------------------------------------------------    -------------------

Slack:                    inf
  Source:                 a[1]
                            (input port)
  Destination:            sum[10]
                            (output port)
  Path Group:             (none)
  Path Type:              Max at Slow Process Corner
  Data Path Delay:        3.225ns  (logic 0.212ns (6.574%)  route 3.013ns (93.426%))
  Logic Levels:           4  (LUT4=1 LUT5=3)

    Location             Delay type                Incr(ns)  Path(ns)    Netlist Resource(s)
  -------------------------------------------------------------------    -------------------
                                                      0.000     0.000 r  a[1] (IN)
                         net (fo=3, unset)            0.672     0.672    a[1]
    SLICE_X3Y2           LUT4 (Prop_lut4_I3_O)        0.053     0.725 r  sum[5]_INST_0_i_4/O
                         net (fo=1, routed)           0.545     1.270    sum[5]_INST_0_i_4_n_0
    SLICE_X2Y2           LUT5 (Prop_lut5_I3_O)        0.053     1.323 r  sum[5]_INST_0_i_1/O
                         net (fo=6, routed)           0.448     1.771    sum[5]_INST_0_i_1_n_0
    SLICE_X2Y3           LUT5 (Prop_lut5_I1_O)        0.053     1.824 r  sum[11]_INST_0_i_2/O
                         net (fo=4, routed)           0.676     2.500    sum[11]_INST_0_i_2_n_0
    SLICE_X1Y3           LUT5 (Prop_lut5_I1_O)        0.053     2.553 r  sum[10]_INST_0/O
                         net (fo=0)                   0.672     3.225    sum[10]
                                                                      r  sum[10] (OUT)
  -------------------------------------------------------------------    -------------------

Slack:                    inf
  Source:                 a[1]
                            (input port)
  Destination:            sum[11]
                            (output port)
  Path Group:             (none)
  Path Type:              Max at Slow Process Corner
  Data Path Delay:        3.223ns  (logic 0.212ns (6.578%)  route 3.011ns (93.422%))
  Logic Levels:           4  (LUT4=1 LUT5=2 LUT6=1)

    Location             Delay type                Incr(ns)  Path(ns)    Netlist Resource(s)
  -------------------------------------------------------------------    -------------------
                                                      0.000     0.000 r  a[1] (IN)
                         net (fo=3, unset)            0.672     0.672    a[1]
    SLICE_X3Y2           LUT4 (Prop_lut4_I3_O)        0.053     0.725 r  sum[5]_INST_0_i_4/O
                         net (fo=1, routed)           0.545     1.270    sum[5]_INST_0_i_4_n_0
    SLICE_X2Y2           LUT5 (Prop_lut5_I3_O)        0.053     1.323 r  sum[5]_INST_0_i_1/O
                         net (fo=6, routed)           0.448     1.771    sum[5]_INST_0_i_1_n_0
    SLICE_X2Y3           LUT5 (Prop_lut5_I1_O)        0.053     1.824 r  sum[11]_INST_0_i_2/O
                         net (fo=4, routed)           0.674     2.498    sum[11]_INST_0_i_2_n_0
    SLICE_X1Y3           LUT6 (Prop_lut6_I1_O)        0.053     2.551 r  sum[11]_INST_0/O
                         net (fo=0)                   0.672     3.223    sum[11]
                                                                      r  sum[11] (OUT)
  -------------------------------------------------------------------    -------------------

Slack:                    inf
  Source:                 a[1]
                            (input port)
  Destination:            sum[7]
                            (output port)
  Path Group:             (none)
  Path Type:              Max at Slow Process Corner
  Data Path Delay:        3.212ns  (logic 0.340ns (10.587%)  route 2.872ns (89.413%))
  Logic Levels:           4  (LUT4=1 LUT5=3)

    Location             Delay type                Incr(ns)  Path(ns)    Netlist Resource(s)
  -------------------------------------------------------------------    -------------------
                                                      0.000     0.000 r  a[1] (IN)
                         net (fo=3, unset)            0.672     0.672    a[1]
    SLICE_X3Y2           LUT4 (Prop_lut4_I3_O)        0.053     0.725 r  sum[5]_INST_0_i_4/O
                         net (fo=1, routed)           0.545     1.270    sum[5]_INST_0_i_4_n_0
    SLICE_X2Y2           LUT5 (Prop_lut5_I3_O)        0.053     1.323 f  sum[5]_INST_0_i_1/O
                         net (fo=6, routed)           0.838     2.161    sum[5]_INST_0_i_1_n_0
    SLICE_X2Y4           LUT5 (Prop_lut5_I0_O)        0.066     2.227 r  sum[7]_INST_0_i_1/O
                         net (fo=2, routed)           0.144     2.372    sum[7]_INST_0_i_1_n_0
    SLICE_X2Y4           LUT5 (Prop_lut5_I4_O)        0.168     2.540 r  sum[7]_INST_0/O
                         net (fo=0)                   0.672     3.212    sum[7]
                                                                      r  sum[7] (OUT)
  -------------------------------------------------------------------    -------------------

Slack:                    inf
  Source:                 a[1]
                            (input port)
  Destination:            sum[9]
                            (output port)
  Path Group:             (none)
  Path Type:              Max at Slow Process Corner
  Data Path Delay:        3.109ns  (logic 0.212ns (6.818%)  route 2.897ns (93.182%))
  Logic Levels:           4  (LUT4=1 LUT5=3)

    Location             Delay type                Incr(ns)  Path(ns)    Netlist Resource(s)
  -------------------------------------------------------------------    -------------------
                                                      0.000     0.000 r  a[1] (IN)
                         net (fo=3, unset)            0.672     0.672    a[1]
    SLICE_X3Y2           LUT4 (Prop_lut4_I3_O)        0.053     0.725 r  sum[5]_INST_0_i_4/O
                         net (fo=1, routed)           0.545     1.270    sum[5]_INST_0_i_4_n_0
    SLICE_X2Y2           LUT5 (Prop_lut5_I3_O)        0.053     1.323 r  sum[5]_INST_0_i_1/O
                         net (fo=6, routed)           0.448     1.771    sum[5]_INST_0_i_1_n_0
    SLICE_X2Y3           LUT5 (Prop_lut5_I1_O)        0.053     1.824 r  sum[11]_INST_0_i_2/O
                         net (fo=4, routed)           0.560     2.384    sum[11]_INST_0_i_2_n_0
    SLICE_X0Y2           LUT5 (Prop_lut5_I2_O)        0.053     2.437 r  sum[9]_INST_0/O
                         net (fo=0)                   0.672     3.109    sum[9]
                                                                      r  sum[9] (OUT)
  -------------------------------------------------------------------    -------------------





Min Delay Paths
--------------------------------------------------------------------------------------
Slack:                    inf
  Source:                 b[0]
                            (input port)
  Destination:            sum[0]
                            (output port)
  Path Group:             (none)
  Path Type:              Min at Fast Process Corner
  Data Path Delay:        0.595ns  (logic 0.028ns (4.710%)  route 0.567ns (95.290%))
  Logic Levels:           1  (LUT3=1)

    Location             Delay type                Incr(ns)  Path(ns)    Netlist Resource(s)
  -------------------------------------------------------------------    -------------------
                                                      0.000     0.000 r  b[0] (IN)
                         net (fo=4, unset)            0.283     0.283    b[0]
    SLICE_X36Y101        LUT3 (Prop_lut3_I2_O)        0.028     0.311 r  sum[0]_INST_0/O
                         net (fo=0)                   0.283     0.595    sum[0]
                                                                      r  sum[0] (OUT)
  -------------------------------------------------------------------    -------------------

Slack:                    inf
  Source:                 a[10]
                            (input port)
  Destination:            sum[10]
                            (output port)
  Path Group:             (none)
  Path Type:              Min at Fast Process Corner
  Data Path Delay:        0.595ns  (logic 0.028ns (4.710%)  route 0.567ns (95.290%))
  Logic Levels:           1  (LUT5=1)

    Location             Delay type                Incr(ns)  Path(ns)    Netlist Resource(s)
  -------------------------------------------------------------------    -------------------
                                                      0.000     0.000 r  a[10] (IN)
                         net (fo=3, unset)            0.283     0.283    a[10]
    SLICE_X1Y3           LUT5 (Prop_lut5_I4_O)        0.028     0.311 r  sum[10]_INST_0/O
                         net (fo=0)                   0.283     0.595    sum[10]
                                                                      r  sum[10] (OUT)
  -------------------------------------------------------------------    -------------------

Slack:                    inf
  Source:                 a[10]
                            (input port)
  Destination:            sum[11]
                            (output port)
  Path Group:             (none)
  Path Type:              Min at Fast Process Corner
  Data Path Delay:        0.595ns  (logic 0.028ns (4.710%)  route 0.567ns (95.290%))
  Logic Levels:           1  (LUT6=1)

    Location             Delay type                Incr(ns)  Path(ns)    Netlist Resource(s)
  -------------------------------------------------------------------    -------------------
                                                      0.000     0.000 r  a[10] (IN)
                         net (fo=3, unset)            0.283     0.283    a[10]
    SLICE_X1Y3           LUT6 (Prop_lut6_I4_O)        0.028     0.311 r  sum[11]_INST_0/O
                         net (fo=0)                   0.283     0.595    sum[11]
                                                                      r  sum[11] (OUT)
  -------------------------------------------------------------------    -------------------

Slack:                    inf
  Source:                 b[12]
                            (input port)
  Destination:            sum[12]
                            (output port)
  Path Group:             (none)
  Path Type:              Min at Fast Process Corner
  Data Path Delay:        0.595ns  (logic 0.028ns (4.710%)  route 0.567ns (95.290%))
  Logic Levels:           1  (LUT3=1)

    Location             Delay type                Incr(ns)  Path(ns)    Netlist Resource(s)
  -------------------------------------------------------------------    -------------------
                                                      0.000     0.000 r  b[12] (IN)
                         net (fo=3, unset)            0.283     0.283    b[12]
    SLICE_X3Y3           LUT3 (Prop_lut3_I2_O)        0.028     0.311 r  sum[12]_INST_0/O
                         net (fo=0)                   0.283     0.595    sum[12]
                                                                      r  sum[12] (OUT)
  -------------------------------------------------------------------    -------------------

Slack:                    inf
  Source:                 b[13]
                            (input port)
  Destination:            sum[13]
                            (output port)
  Path Group:             (none)
  Path Type:              Min at Fast Process Corner
  Data Path Delay:        0.595ns  (logic 0.028ns (4.710%)  route 0.567ns (95.290%))
  Logic Levels:           1  (LUT5=1)

    Location             Delay type                Incr(ns)  Path(ns)    Netlist Resource(s)
  -------------------------------------------------------------------    -------------------
                                                      0.000     0.000 r  b[13] (IN)
                         net (fo=2, unset)            0.283     0.283    b[13]
    SLICE_X3Y3           LUT5 (Prop_lut5_I4_O)        0.028     0.311 r  sum[13]_INST_0/O
                         net (fo=0)                   0.283     0.595    sum[13]
                                                                      r  sum[13] (OUT)
  -------------------------------------------------------------------    -------------------

Slack:                    inf
  Source:                 a[14]
                            (input port)
  Destination:            sum[14]
                            (output port)
  Path Group:             (none)
  Path Type:              Min at Fast Process Corner
  Data Path Delay:        0.595ns  (logic 0.028ns (4.710%)  route 0.567ns (95.290%))
  Logic Levels:           1  (LUT5=1)

    Location             Delay type                Incr(ns)  Path(ns)    Netlist Resource(s)
  -------------------------------------------------------------------    -------------------
                                                      0.000     0.000 r  a[14] (IN)
                         net (fo=3, unset)            0.283     0.283    a[14]
    SLICE_X0Y3           LUT5 (Prop_lut5_I4_O)        0.028     0.311 r  sum[14]_INST_0/O
                         net (fo=0)                   0.283     0.595    sum[14]
                                                                      r  sum[14] (OUT)
  -------------------------------------------------------------------    -------------------

Slack:                    inf
  Source:                 a[14]
                            (input port)
  Destination:            sum[15]
                            (output port)
  Path Group:             (none)
  Path Type:              Min at Fast Process Corner
  Data Path Delay:        0.595ns  (logic 0.028ns (4.710%)  route 0.567ns (95.290%))
  Logic Levels:           1  (LUT6=1)

    Location             Delay type                Incr(ns)  Path(ns)    Netlist Resource(s)
  -------------------------------------------------------------------    -------------------
                                                      0.000     0.000 r  a[14] (IN)
                         net (fo=3, unset)            0.283     0.283    a[14]
    SLICE_X0Y3           LUT6 (Prop_lut6_I5_O)        0.028     0.311 r  sum[15]_INST_0/O
                         net (fo=0)                   0.283     0.595    sum[15]
                                                                      r  sum[15] (OUT)
  -------------------------------------------------------------------    -------------------

Slack:                    inf
  Source:                 cin
                            (input port)
  Destination:            sum[1]
                            (output port)
  Path Group:             (none)
  Path Type:              Min at Fast Process Corner
  Data Path Delay:        0.595ns  (logic 0.028ns (4.710%)  route 0.567ns (95.290%))
  Logic Levels:           1  (LUT5=1)

    Location             Delay type                Incr(ns)  Path(ns)    Netlist Resource(s)
  -------------------------------------------------------------------    -------------------
                                                      0.000     0.000 r  cin (IN)
                         net (fo=3, unset)            0.283     0.283    cin
    SLICE_X36Y101        LUT5 (Prop_lut5_I4_O)        0.028     0.311 r  sum[1]_INST_0/O
                         net (fo=0)                   0.283     0.595    sum[1]
                                                                      r  sum[1] (OUT)
  -------------------------------------------------------------------    -------------------

Slack:                    inf
  Source:                 a[2]
                            (input port)
  Destination:            sum[2]
                            (output port)
  Path Group:             (none)
  Path Type:              Min at Fast Process Corner
  Data Path Delay:        0.595ns  (logic 0.028ns (4.710%)  route 0.567ns (95.290%))
  Logic Levels:           1  (LUT3=1)

    Location             Delay type                Incr(ns)  Path(ns)    Netlist Resource(s)
  -------------------------------------------------------------------    -------------------
                                                      0.000     0.000 r  a[2] (IN)
                         net (fo=3, unset)            0.283     0.283    a[2]
    SLICE_X3Y2           LUT3 (Prop_lut3_I2_O)        0.028     0.311 r  sum[2]_INST_0/O
                         net (fo=0)                   0.283     0.595    sum[2]
                                                                      r  sum[2] (OUT)
  -------------------------------------------------------------------    -------------------

Slack:                    inf
  Source:                 b[2]
                            (input port)
  Destination:            sum[3]
                            (output port)
  Path Group:             (none)
  Path Type:              Min at Fast Process Corner
  Data Path Delay:        0.595ns  (logic 0.028ns (4.710%)  route 0.567ns (95.290%))
  Logic Levels:           1  (LUT5=1)

    Location             Delay type                Incr(ns)  Path(ns)    Netlist Resource(s)
  -------------------------------------------------------------------    -------------------
                                                      0.000     0.000 r  b[2] (IN)
                         net (fo=3, unset)            0.283     0.283    b[2]
    SLICE_X3Y2           LUT5 (Prop_lut5_I3_O)        0.028     0.311 r  sum[3]_INST_0/O
                         net (fo=0)                   0.283     0.595    sum[3]
                                                                      r  sum[3] (OUT)
  -------------------------------------------------------------------    -------------------





