Vivado Simulator v2025.2
Copyright 1986-2022 Xilinx, Inc. All Rights Reserved.
Copyright 2022-2025 Advanced Micro Devices, Inc. All Rights Reserved.
Running: C:/AMDDesignTools/2025.2/Vivado/bin/unwrapped/win64.o/xelab.exe --incr --debug typical --relax --mt 2 -L xil_defaultlib -L unisims_ver -L secureip --snapshot tb_universal_adder_func_impl xil_defaultlib.tb_universal_adder xil_defaultlib.glbl -log elaborate.log 
Using 2 slave threads.
Starting static elaboration
Pass Through NonSizing Optimizer
WARNING: [VRFC 10-2861] module 'ripple_carry_adder' does not have a parameter named WIDTH [C:/Users/prave/Vivado_projects/parametrized_ripple_carry_adder/project_1.srcs/sim_1/new/tb_ripple_carry_adder.v:22]
Completed static elaboration
Starting simulation data flow analysis
Completed simulation data flow analysis
Time Resolution for simulation is 1ps
Compiling module unisims_ver.LUT5
Compiling module unisims_ver.x_lut3_mux8
Compiling module unisims_ver.LUT3(INIT=8'b10010110)
Compiling module unisims_ver.LUT4
Compiling module unisims_ver.LUT6
Compiling module xil_defaultlib.ripple_carry_adder
Compiling module xil_defaultlib.tb_universal_adder
Compiling module xil_defaultlib.glbl
Built simulation snapshot tb_universal_adder_func_impl
